[Config] All passwords already encrypted
[Config] Configuration loaded successfully
[WS] WebSocket router initialized
[WS] WebSocket router initialized
✔ PERF-BGSTAB-010 fixture contract — real SessionManager initialization retains authority and cleanup state (88.939305ms)
✔ PERF-BGSTAB-010 gated headless fixture preserves full state while disposal releases held write callbacks (0.247921ms)
[WS] WebSocket router initialized
✔ PERF-BGSTAB-010 gated real-session fixture drains a held write before public cleanup (2345.009242ms)
[WS] WebSocket router initialized
✔ PERF-BGSTAB-010 gated real-session fixture releases resources after an assertion failure (2334.644447ms)
[SessionManager] All CWD watchers stopped
[WS] WebSocket router initialized
✔ PERF-BGSTAB-010 emergency cleanup preserves a public finalizer error while releasing held callbacks (2332.156207ms)
[SessionManager] Headless terminal degraded (queue-overflow) for session gated-headless-overflow-cleanup-red: Headless output queue overflow (observe): byte-limit
[WS] WebSocket router initialized
[WS] WebSocket router initialized
[WS] Client disconnected: client-a
✔ PERF-BGSTAB-010 gated real-session PTY chain settles within the fixture bound after overflow cleanup (2320.398682ms)
✔ Non-loss policy canary infrastructure RED contract — REL-BGSTAB-010 AC-1 (133.798215ms)
[WS] WebSocket router initialized
[WS] Client disconnected: client-a
[WS] WebSocket router initialized
[WS] Client disconnected: client-a
[WS] Client disconnected: client-b
[WS] WebSocket router initialized
[WS] Client disconnected: client-a
[WS] Client disconnected: client-b
[WS] WebSocket router initialized
[WS] Client disconnected: client-a
[WS] Client disconnected: client-b
[WS] WebSocket router initialized
[WS] Client disconnected: client-a
[WS] Client disconnected: client-b
[WS] WebSocket router initialized
✔ REL-BGSTAB-010 production assembly shares one registry-derived lease authority (71.801338ms)
✔ Non-loss policy canary infrastructure RED contract — REL-BGSTAB-010 AC-2 (134.347239ms)
✔ Non-loss policy canary infrastructure RED contract — REL-BGSTAB-010 AC-3 (69.99488ms)
✔ Non-loss policy canary infrastructure RED contract — REL-BGSTAB-010 AC-4 (64.876686ms)
[WS] Client disconnected: client-a
[WS] Client disconnected: client-b
[WS] WebSocket router initialized
[WS] WebSocket router initialized
✔ Non-loss policy canary infrastructure RED contract — REL-BGSTAB-010 AC-5 (74.272408ms)
✔ REL-BGSTAB-010 headless finalizer revokes the old epoch and isolates same-ID recreation (69.622097ms)
[WS] WebSocket router initialized
[SessionManager] Headless terminal degraded (write) for session session-a1: simulated headless write failure
✔ REL-BGSTAB-010 headless maxChunks admits exact N and rejects N+1 without bypass (95.647049ms)
[WS] WebSocket router initialized
[WS] Client disconnected: client-a
[WS] WebSocket router initialized
✔ REL-BGSTAB-010 headless write failure settles the candidate to target-scoped legacy recovery (72.32028ms)
✔ REL-BGSTAB-010 valid but inactive leases cannot preview admit or rollback active WS and headless targets (71.827878ms)
[SessionManager] Headless terminal degraded (queue-overflow) for session session-nonselected: Headless output queue overflow (observe): byte-limit
[SessionManager] Headless terminal degraded (queue-overflow) for session session-a1: Headless output queue overflow (observe): byte-limit
[WS] WebSocket router initialized
✔ REL-BGSTAB-010 production PTY path uses target-scoped non-destructive headless policy and restores legacy limit (131.97232ms)
[WS] WebSocket router initialized
✔ REL-BGSTAB-010 headless rollback closes only after the actual write chain drains (71.831044ms)
✔ REL-BGSTAB-010 headless rollback fences every pre-boundary policy generation (69.495234ms)
✔ Non-loss policy canary infrastructure RED contract — REL-BGSTAB-010 AC-6 (0.381042ms)
✔ REL-BGSTAB-010 coalescing preserves every admission identity and lifetime fence (0.181097ms)
✔ PERF-BGSTAB-010 AC-3/AC-4 fair artifact admission 계약 부재 때문에 실패 (1.603202ms)
✔ PERF-BGSTAB-010 published fair artifact admission validates the benchmark policy contract (1.808977ms)
✔ PERF-BGSTAB-010 source default Canary admission fails closed (19.963787ms)
✔ PERF-BGSTAB-010 source canonical resolver rejects noncanonical authority (174.510761ms)
✔ PERF-BGSTAB-010 fresh default Canary accepts canonical authority (2116.550467ms)
ℹ tests 26
ℹ suites 0
ℹ pass 26
ℹ fail 0
ℹ cancelled 0
ℹ skipped 0
ℹ todo 0
ℹ duration_ms 15221.41606
