✔ REL-BGSTAB-022 AC-1: two instances publishing concurrently both resolve (18.519349ms)
✔ REL-BGSTAB-022 AC-2: a resolved publish holds the document it wrote (2.307593ms)
✖ REL-BGSTAB-022 AC-3: a shorter peer overlay leaves no foreign tail (4.026835ms)
[CommandPresetService] Flush failed: injected rename failure
✔ REL-BGSTAB-022 AC-4: failure cleanup removes only the caller's own temp file (3.362789ms)
✖ REL-BGSTAB-022 AC-7: the backup parses whole under an interposed peer overlay (4.085611ms)
ℹ tests 5
ℹ suites 0
ℹ pass 3
ℹ fail 2
ℹ cancelled 0
ℹ skipped 0
ℹ todo 0
ℹ duration_ms 786.739753

✖ failing tests:

test at src/services/StorePublishCrossInstance.test.ts:1:3226
✖ REL-BGSTAB-022 AC-3: a shorter peer overlay leaves no foreign tail (4.026835ms)
  AssertionError [ERR_ASSERTION]: the publish moved a partially written document into place (60091 bytes, ends "PPPPPPPPPPP\"\n    }\n  ]\n}"): Unexpected non-whitespace character after JSON at position 2120 (line 24 column 2)
      at TestContext.<anonymous> (/mnt/c/work/git/_Snoworca/ProjectMaster-issue2-20260916/server/src/services/StorePublishCrossInstance.test.ts:201:12)
      at async Test.run (node:internal/test_runner/test:1409:7)
      at async Test.processPendingSubtests (node:internal/test_runner/test:974:7) {
    generatedMessage: false,
    code: 'ERR_ASSERTION',
    actual: undefined,
    expected: undefined,
    operator: 'fail',
    diff: 'simple'
  }

test at src/services/StorePublishCrossInstance.test.ts:1:5232
✖ REL-BGSTAB-022 AC-7: the backup parses whole under an interposed peer overlay (4.085611ms)
  AssertionError [ERR_ASSERTION]: the backup this publish left behind does not parse (60091 bytes): Unexpected non-whitespace character after JSON at position 40932 (line 189 column 2)
      at TestContext.<anonymous> (/mnt/c/work/git/_Snoworca/ProjectMaster-issue2-20260916/server/src/services/StorePublishCrossInstance.test.ts:315:12)
      at async Test.run (node:internal/test_runner/test:1409:7)
      at async Test.processPendingSubtests (node:internal/test_runner/test:974:7) {
    generatedMessage: false,
    code: 'ERR_ASSERTION',
    actual: undefined,
    expected: undefined,
    operator: 'fail',
    diff: 'simple'
  }
