[CommandPresetService] Flush failed: ENOENT: no such file or directory, rename '/tmp/bgstab022-ac1-aKmghr/command-presets.json.tmp' -> '/tmp/bgstab022-ac1-aKmghr/command-presets.json'
✖ REL-BGSTAB-022 AC-1: two instances publishing concurrently both resolve (21.496394ms)
✖ REL-BGSTAB-022 AC-2: a resolved publish holds the document it wrote (2.682465ms)
✖ REL-BGSTAB-022 AC-3: a shorter peer overlay leaves no foreign tail (2.138646ms)
[CommandPresetService] Flush failed: injected rename failure
✖ REL-BGSTAB-022 AC-4: failure cleanup removes only the caller's own temp file (3.271961ms)
✖ REL-BGSTAB-022 AC-7: the backup parses whole under an interposed peer overlay (3.696955ms)
ℹ tests 5
ℹ suites 0
ℹ pass 0
ℹ fail 5
ℹ cancelled 0
ℹ skipped 0
ℹ todo 0
ℹ duration_ms 754.940505

✖ failing tests:

test at src/services/StorePublishCrossInstance.test.ts:1:1486
✖ REL-BGSTAB-022 AC-1: two instances publishing concurrently both resolve (21.496394ms)
  AssertionError [ERR_ASSERTION]: this publish rejected because the peer consumed the temp file it was going to rename: Error: Failed to persist command presets
  + actual - expected
  
  + AppError: Failed to persist command presets
  +     at CommandPresetService.flushToDisk (/mnt/c/work/git/_Snoworca/ProjectMaster-issue2-20260916/server/src/services/CommandPresetService.ts:288:13)
  +     at async withPatchedFs (/mnt/c/work/git/_Snoworca/ProjectMaster-issue2-20260916/server/src/services/StorePublishCrossInstance.test.ts:39:12)
  +     at async TestContext.<anonymous> (/mnt/c/work/git/_Snoworca/ProjectMaster-issue2-20260916/server/src/services/StorePublishCrossInstance.test.ts:97:18)
  +     at async Test.run (node:internal/test_runner/test:1409:7)
  +     at async startSubtestAfterBootstrap (node:internal/test_runner/harness:387:3) {
  +   code: 'CONFIG_PERSIST_FAILED',
  +   details: undefined,
  +   statusCode: 500,
  +   timestamp: '2026-09-15T22:18:11.605Z'
  + }
  - 'resolved'
  
      at TestContext.<anonymous> (/mnt/c/work/git/_Snoworca/ProjectMaster-issue2-20260916/server/src/services/StorePublishCrossInstance.test.ts:109:10)
      at async Test.run (node:internal/test_runner/test:1409:7)
      at async startSubtestAfterBootstrap (node:internal/test_runner/harness:387:3) {
    generatedMessage: false,
    code: 'ERR_ASSERTION',
    actual: Error: Failed to persist command presets
        at CommandPresetService.flushToDisk (/mnt/c/work/git/_Snoworca/ProjectMaster-issue2-20260916/server/src/services/CommandPresetService.ts:288:13)
        at async withPatchedFs (/mnt/c/work/git/_Snoworca/ProjectMaster-issue2-20260916/server/src/services/StorePublishCrossInstance.test.ts:39:12)
        at async TestContext.<anonymous> (/mnt/c/work/git/_Snoworca/ProjectMaster-issue2-20260916/server/src/services/StorePublishCrossInstance.test.ts:97:18)
        at async Test.run (node:internal/test_runner/test:1409:7)
        at async startSubtestAfterBootstrap (node:internal/test_runner/harness:387:3),
    expected: 'resolved',
    operator: 'strictEqual',
    diff: 'simple'
  }

test at src/services/StorePublishCrossInstance.test.ts:1:2285
✖ REL-BGSTAB-022 AC-2: a resolved publish holds the document it wrote (2.682465ms)
  AssertionError [ERR_ASSERTION]: this publish resolved having moved the peer's document into place; its own change was lost and its caller was told the write succeeded
      at TestContext.<anonymous> (/mnt/c/work/git/_Snoworca/ProjectMaster-issue2-20260916/server/src/services/StorePublishCrossInstance.test.ts:143:10)
      at async Test.run (node:internal/test_runner/test:1409:7)
      at async Test.processPendingSubtests (node:internal/test_runner/test:974:7) {
    generatedMessage: false,
    code: 'ERR_ASSERTION',
    actual: 'peer',
    expected: 'peer',
    operator: 'notStrictEqual',
    diff: 'simple'
  }

test at src/services/StorePublishCrossInstance.test.ts:1:3226
✖ REL-BGSTAB-022 AC-3: a shorter peer overlay leaves no foreign tail (2.138646ms)
  AssertionError [ERR_ASSERTION]: the peer write did not happen, so this assertion would pass vacuously
      at TestContext.<anonymous> (/mnt/c/work/git/_Snoworca/ProjectMaster-issue2-20260916/server/src/services/StorePublishCrossInstance.test.ts:206:10)
      at async Test.run (node:internal/test_runner/test:1409:7)
      at async Test.processPendingSubtests (node:internal/test_runner/test:974:7) {
    generatedMessage: false,
    code: 'ERR_ASSERTION',
    actual: null,
    expected: null,
    operator: 'notStrictEqual',
    diff: 'simple'
  }

test at src/services/StorePublishCrossInstance.test.ts:1:4670
✖ REL-BGSTAB-022 AC-4: failure cleanup removes only the caller's own temp file (3.271961ms)
  AssertionError [ERR_ASSERTION]: the failing publish deleted a peer publish's in-flight temp file, because both derive the same fixed temp path from the destination
  
  false !== true
  
      at TestContext.<anonymous> (/mnt/c/work/git/_Snoworca/ProjectMaster-issue2-20260916/server/src/services/StorePublishCrossInstance.test.ts:253:10)
      at async Test.run (node:internal/test_runner/test:1409:7)
      at async Test.processPendingSubtests (node:internal/test_runner/test:974:7) {
    generatedMessage: false,
    code: 'ERR_ASSERTION',
    actual: false,
    expected: true,
    operator: 'strictEqual',
    diff: 'simple'
  }

test at src/services/StorePublishCrossInstance.test.ts:1:5510
✖ REL-BGSTAB-022 AC-7: the backup parses whole under an interposed peer overlay (3.696955ms)
  AssertionError [ERR_ASSERTION]: the backup this publish left behind does not parse (60091 bytes): Unexpected non-whitespace character after JSON at position 40932 (line 189 column 2)
      at TestContext.<anonymous> (/mnt/c/work/git/_Snoworca/ProjectMaster-issue2-20260916/server/src/services/StorePublishCrossInstance.test.ts:334:12)
      at async Test.run (node:internal/test_runner/test:1409:7)
      at async Test.processPendingSubtests (node:internal/test_runner/test:974:7) {
    generatedMessage: false,
    code: 'ERR_ASSERTION',
    actual: undefined,
    expected: undefined,
    operator: 'fail',
    diff: 'simple'
  }
