✔ REL-BGSTAB-022 AC-1: two instances publishing concurrently both resolve (9.846325ms)
✔ REL-BGSTAB-022 AC-2: a resolved publish holds the document it wrote (2.332978ms)
✔ REL-BGSTAB-022 AC-3: a shorter peer overlay leaves no foreign tail (3.841263ms)
[CommandPresetService] Flush failed: injected rename failure
✔ REL-BGSTAB-022 AC-4: failure cleanup removes only the caller's own temp file (2.831903ms)
[Config] All passwords already encrypted
[Config] Configuration loaded successfully
✔ REL-BGSTAB-022 AC-7: the backup parses whole under an interposed peer overlay (4.354022ms)
✖ REL-BGSTAB-022 AC-8: each of the seven in-scope stores publishes through a private temp path (1088.198319ms)
[CommandPresetService] Flush failed: injected rename failure
[WorkspaceService] Flush failed: injected rename failure
[TerminalShortcutService] Flush failed: injected rename failure
[RecoveryOptionService] Flush failed: injected rename failure
✖ REL-BGSTAB-022 AC-8: each converted store preserves the error type it rejected with before (16.928021ms)
✔ REL-BGSTAB-022 AC-9: overlapping publishes through one instance each reach disk (2.974327ms)
ℹ tests 8
ℹ suites 0
ℹ pass 6
ℹ fail 2
ℹ cancelled 0
ℹ skipped 0
ℹ todo 0
ℹ duration_ms 1909.45182

✖ failing tests:

test at src/services/StorePublishCrossInstance.test.ts:1:10605
✖ REL-BGSTAB-022 AC-8: each of the seven in-scope stores publishes through a private temp path (1088.198319ms)
  AssertionError [ERR_ASSERTION]: workspaces: published a document that does not parse (60032 bytes): Unexpected non-whitespace character after JSON at position 22178 (line 301 column 2)
      at TestContext.<anonymous> (/mnt/c/work/git/_Snoworca/ProjectMaster-issue2-20260916/server/src/services/StorePublishCrossInstance.test.ts:494:14)
      at async Test.run (node:internal/test_runner/test:1409:7)
      at async Test.processPendingSubtests (node:internal/test_runner/test:974:7) {
    generatedMessage: false,
    code: 'ERR_ASSERTION',
    actual: undefined,
    expected: undefined,
    operator: 'fail',
    diff: 'simple'
  }

test at src/services/StorePublishCrossInstance.test.ts:1:12317
✖ REL-BGSTAB-022 AC-8: each converted store preserves the error type it rejected with before (16.928021ms)
  AssertionError [ERR_ASSERTION]: agent-command-profiles: a failed publish must still reach the caller
      at TestContext.<anonymous> (/mnt/c/work/git/_Snoworca/ProjectMaster-issue2-20260916/server/src/services/StorePublishCrossInstance.test.ts:534:12)
      at async Test.run (node:internal/test_runner/test:1409:7)
      at async Test.processPendingSubtests (node:internal/test_runner/test:974:7) {
    generatedMessage: false,
    code: 'ERR_ASSERTION',
    actual: null,
    expected: null,
    operator: 'notStrictEqual',
    diff: 'simple'
  }
