[Config] All passwords already encrypted
[Config] Configuration loaded successfully
[WS] WebSocket router initialized
[ISSUE12-DEG] sid=session-ph005 phase=write err=Error: terminal-authority-reservation-commit-mismatch: reserved=7/2, commit=7/1
    at SessionManager.commitRetainedTerminalOutput (/mnt/c/work/git/_Snoworca/ProjectMaster-issue2-20260916/server/src/services/SessionManager.ts:8099:13)
    at SessionManager.applyHeadlessOutput (/mnt/c/work/git/_Snoworca/ProjectMaster-issue2-20260916/server/src/services/SessionManager.ts:7965:14)
    at async <anonymous> (/mnt/c/work/git/_Snoworca/ProjectMaster-issue2-20260916/server/src/services/SessionManager.ts:4631:9)
    at async TestContext.<anonymous> (/mnt/c/work/git/_Snoworca/ProjectMaster-issue2-20260916/server/src/services/TerminalAuthorityController.test.ts:496:5)
    at async Test.run (node:internal/test_runner/test:1409:7)
    at async startSubtestAfterBootstrap (node:internal/test_runner/harness:387:3)
[SessionManager] Headless terminal degraded (write) for session session-ph005: terminal-authority-reservation-commit-mismatch: reserved=7/2, commit=7/1
[ISSUE12-SM] atomic sid=session-ph005 hasData=true health=degraded hasHeadless=false inFlight=0 tailOverflow=false
[ISSUE12] site=A5053 mode=fallback health=degraded truncated=false dataLen=0
[WS] Client connected: 72143e2e-f4ba-4b26-8c6b-84a9a9ac2b1a
[WS] Client disconnected: 72143e2e-f4ba-4b26-8c6b-84a9a9ac2b1a
[WS] Client disconnected: 72143e2e-f4ba-4b26-8c6b-84a9a9ac2b1a
✖ MIG-BGSTAB-002 checkpoint identity follows the committed authority source across reserved ordinal gaps (187.413406ms)
ℹ tests 1
ℹ suites 0
ℹ pass 0
ℹ fail 1
ℹ cancelled 0
ℹ skipped 0
ℹ todo 0
ℹ duration_ms 3084.34458

✖ failing tests:

test at src/services/TerminalAuthorityController.test.ts:1:1399
✖ MIG-BGSTAB-002 checkpoint identity follows the committed authority source across reserved ordinal gaps (187.413406ms)
  AssertionError [ERR_ASSERTION]: Expected values to be strictly equal:
  + actual - expected
  
  + 'fallback'
  - 'authoritative'
  
      at connectProductionView (/mnt/c/work/git/_Snoworca/ProjectMaster-issue2-20260916/server/src/services/TerminalAuthorityController.test.ts:798:10)
      at async TestContext.<anonymous> (/mnt/c/work/git/_Snoworca/ProjectMaster-issue2-20260916/server/src/services/TerminalAuthorityController.test.ts:499:18)
      at async Test.run (node:internal/test_runner/test:1409:7)
      at async startSubtestAfterBootstrap (node:internal/test_runner/harness:387:3) {
    generatedMessage: true,
    code: 'ERR_ASSERTION',
    actual: 'fallback',
    expected: 'authoritative',
    operator: 'strictEqual',
    diff: 'simple'
  }
