✔ REL-BGSTAB-010 AC-7 every registered consumer id is used by the catalog or carries a recorded reservation (1.298559ms)
✔ REL-BGSTAB-010 AC-7 reservation membership is pinned so a new exemption costs an argued edit (0.209419ms)
✔ REL-BGSTAB-010 AC-7 registration guard rejects a registered consumer id that nothing uses (0.134771ms)
✖ REL-BGSTAB-010 AC-7 registration guard rejects a reservation with no reason or no decision owner (1.995011ms)
✔ REL-BGSTAB-010 AC-7 registration guard refuses a reservation for an id that still owns manifest tuples (0.126263ms)
✔ REL-BGSTAB-010 AC-7 registration guard rejects a reservation for an id outside the registry (0.158732ms)
ℹ tests 6
ℹ suites 0
ℹ pass 5
ℹ fail 1
ℹ cancelled 0
ℹ skipped 0
ℹ todo 0
ℹ duration_ms 833.357982

✖ failing tests:

test at src/services/TerminalResourcePolicyConsumerRegistry.test.ts:1:2019
✖ REL-BGSTAB-010 AC-7 registration guard rejects a reservation with no reason or no decision owner (1.995011ms)
  AssertionError [ERR_ASSERTION]: Expected values to be strictly deep-equal:
  + actual - expected
  
  + []
  - [
  -   {
  -     code: 'reservation-without-reason',
  -     reference: 'server.config.schema'
  -   }
  - ]
  
      at TestContext.<anonymous> (/mnt/c/work/git/_Snoworca/ProjectMaster-issue2-20260916/server/src/services/TerminalResourcePolicyConsumerRegistry.test.ts:82:10)
      at Test.runInAsyncScope (node:async_hooks:227:14)
      at Test.run (node:internal/test_runner/test:1402:25)
      at Test.processPendingSubtests (node:internal/test_runner/test:974:18)
      at Test.postRun (node:internal/test_runner/test:1542:19)
      at Test.run (node:internal/test_runner/test:1467:12)
      at async Test.processPendingSubtests (node:internal/test_runner/test:974:7) {
    generatedMessage: true,
    code: 'ERR_ASSERTION',
    actual: [],
    expected: [ { code: 'reservation-without-reason', reference: 'server.config.schema' } ],
    operator: 'deepStrictEqual',
    diff: 'simple'
  }

----STDERR----
