✔ REL-BGSTAB-010 AC-7 every registered consumer id is used by the catalog or carries a recorded reservation (1.152566ms)
✔ REL-BGSTAB-010 AC-7 reservation membership is pinned so a new exemption costs an argued edit (0.174091ms)
✔ REL-BGSTAB-010 AC-7 registration guard rejects a registered consumer id that nothing uses (0.133721ms)
✔ REL-BGSTAB-010 AC-7 registration guard rejects a reservation with no reason or no decision owner (0.171095ms)
✖ REL-BGSTAB-010 AC-7 registration guard refuses a reservation for an id that still owns manifest tuples (1.526634ms)
✔ REL-BGSTAB-010 AC-7 registration guard rejects a reservation for an id outside the registry (0.141367ms)
ℹ tests 6
ℹ suites 0
ℹ pass 5
ℹ fail 1
ℹ cancelled 0
ℹ skipped 0
ℹ todo 0
ℹ duration_ms 787.171336

✖ failing tests:

test at src/services/TerminalResourcePolicyConsumerRegistry.test.ts:1:2841
✖ REL-BGSTAB-010 AC-7 registration guard refuses a reservation for an id that still owns manifest tuples (1.526634ms)
  AssertionError [ERR_ASSERTION]: Expected values to be strictly equal:
  
  true !== false
  
      at TestContext.<anonymous> (/mnt/c/work/git/_Snoworca/ProjectMaster-issue2-20260916/server/src/services/TerminalResourcePolicyConsumerRegistry.test.ts:105:10)
      at Test.runInAsyncScope (node:async_hooks:227:14)
      at Test.run (node:internal/test_runner/test:1402:25)
      at Test.processPendingSubtests (node:internal/test_runner/test:974:18)
      at Test.postRun (node:internal/test_runner/test:1542:19)
      at Test.run (node:internal/test_runner/test:1467:12)
      at async Test.processPendingSubtests (node:internal/test_runner/test:974:7) {
    generatedMessage: true,
    code: 'ERR_ASSERTION',
    actual: true,
    expected: false,
    operator: 'strictEqual',
    diff: 'simple'
  }

----STDERR----
