✖ REL-BGSTAB-010 AC-7 every registered consumer id is used by the catalog or carries a recorded reservation (95.917893ms)
✔ REL-BGSTAB-010 AC-7 reservation membership is pinned so a new exemption costs an argued edit (0.903912ms)
✔ REL-BGSTAB-010 AC-7 registration guard rejects a registered consumer id that nothing uses (0.188747ms)
✖ REL-BGSTAB-010 AC-7 registration guard rejects a reservation with no reason or no decision owner (0.449338ms)
✔ REL-BGSTAB-010 AC-7 registration guard refuses a reservation for an id that still owns manifest tuples (0.123381ms)
✔ REL-BGSTAB-010 AC-7 registration guard rejects a reservation for an id outside the registry (0.248278ms)
✔ REL-BGSTAB-010 AC-7 registration guard rejects the same consumer id reserved twice (0.186398ms)
✔ REL-BGSTAB-010 AC-7 registration guard rejects a reservation for an id the catalog uses (0.183784ms)
✔ REL-BGSTAB-010 AC-7 no reserved consumer id is written into production outside its declaration (817.891747ms)
✔ REL-BGSTAB-010 AC-7 registration guard rejects a reservation whose id is used in production (0.368478ms)
ℹ tests 10
ℹ suites 0
ℹ pass 8
ℹ fail 2
ℹ cancelled 0
ℹ skipped 0
ℹ todo 0
ℹ duration_ms 1662.151564

✖ failing tests:

test at src/services/TerminalResourcePolicyConsumerRegistry.test.ts:1:872
✖ REL-BGSTAB-010 AC-7 every registered consumer id is used by the catalog or carries a recorded reservation (95.917893ms)
  AssertionError [ERR_ASSERTION]: sealed manifest is stale for server/src/services/TerminalResourcePolicyInventory.ts; its tuple ids cannot be trusted
  + actual - expected
  
  + [
  +   'server/src/services/TerminalResourcePolicyInventory.ts'
  + ]
  - []
  
      at TestContext.<anonymous> (/mnt/c/work/git/_Snoworca/ProjectMaster-issue2-20260916/server/src/services/TerminalResourcePolicyConsumerRegistry.test.ts:104:10)
      at async Test.run (node:internal/test_runner/test:1409:7)
      at async startSubtestAfterBootstrap (node:internal/test_runner/harness:387:3) {
    generatedMessage: false,
    code: 'ERR_ASSERTION',
    actual: [ 'server/src/services/TerminalResourcePolicyInventory.ts' ],
    expected: [],
    operator: 'deepStrictEqual',
    diff: 'simple'
  }

test at src/services/TerminalResourcePolicyConsumerRegistry.test.ts:1:3864
✖ REL-BGSTAB-010 AC-7 registration guard rejects a reservation with no reason or no decision owner (0.449338ms)
  AssertionError [ERR_ASSERTION]: Expected values to be strictly deep-equal:
  + actual - expected
  
  + []
  - [
  -   {
  -     code: 'reservation-without-reason',
  -     reference: 'server.config.schema'
  -   }
  - ]
  
      at TestContext.<anonymous> (/mnt/c/work/git/_Snoworca/ProjectMaster-issue2-20260916/server/src/services/TerminalResourcePolicyConsumerRegistry.test.ts:143:10)
      at Test.runInAsyncScope (node:async_hooks:227:14)
      at Test.run (node:internal/test_runner/test:1402:25)
      at Test.processPendingSubtests (node:internal/test_runner/test:974:18)
      at Test.postRun (node:internal/test_runner/test:1542:19)
      at Test.run (node:internal/test_runner/test:1467:12)
      at async Test.processPendingSubtests (node:internal/test_runner/test:974:7) {
    generatedMessage: true,
    code: 'ERR_ASSERTION',
    actual: [],
    expected: [ { code: 'reservation-without-reason', reference: 'server.config.schema' } ],
    operator: 'deepStrictEqual',
    diff: 'simple'
  }

----STDERR----
