✖ REL-BGSTAB-010 AC-7 every registered consumer id is used by the catalog or carries a recorded reservation (101.577699ms)
✔ REL-BGSTAB-010 AC-7 reservation membership is pinned so a new exemption costs an argued edit (0.821999ms)
✔ REL-BGSTAB-010 AC-7 registration guard rejects a registered consumer id that nothing uses (0.199346ms)
✔ REL-BGSTAB-010 AC-7 registration guard rejects a reservation with no reason or no decision owner (0.172775ms)
✔ REL-BGSTAB-010 AC-7 registration guard refuses a reservation for an id that still owns manifest tuples (0.162406ms)
✔ REL-BGSTAB-010 AC-7 registration guard rejects a reservation for an id outside the registry (0.187727ms)
✔ REL-BGSTAB-010 AC-7 registration guard rejects the same consumer id reserved twice (0.178912ms)
✔ REL-BGSTAB-010 AC-7 registration guard rejects a reservation for an id the catalog uses (0.119502ms)
✔ REL-BGSTAB-010 AC-7 no reserved consumer id is written into production outside its declaration (825.632265ms)
✔ REL-BGSTAB-010 AC-7 registration guard rejects a reservation whose id is used in production (0.427762ms)
ℹ tests 10
ℹ suites 0
ℹ pass 9
ℹ fail 1
ℹ cancelled 0
ℹ skipped 0
ℹ todo 0
ℹ duration_ms 1688.565867

✖ failing tests:

test at src/services/TerminalResourcePolicyConsumerRegistry.test.ts:1:872
✖ REL-BGSTAB-010 AC-7 every registered consumer id is used by the catalog or carries a recorded reservation (101.577699ms)
  AssertionError [ERR_ASSERTION]: sealed manifest is stale for server/src/services/TerminalResourcePolicyInventory.ts; its tuple ids cannot be trusted
  + actual - expected
  
  + [
  +   'server/src/services/TerminalResourcePolicyInventory.ts'
  + ]
  - []
  
      at TestContext.<anonymous> (/mnt/c/work/git/_Snoworca/ProjectMaster-issue2-20260916/server/src/services/TerminalResourcePolicyConsumerRegistry.test.ts:104:10)
      at async Test.run (node:internal/test_runner/test:1409:7)
      at async startSubtestAfterBootstrap (node:internal/test_runner/harness:387:3) {
    generatedMessage: false,
    code: 'ERR_ASSERTION',
    actual: [ 'server/src/services/TerminalResourcePolicyInventory.ts' ],
    expected: [],
    operator: 'deepStrictEqual',
    diff: 'simple'
  }

----STDERR----
