✖ REL-BGSTAB-010 AC-7 every registered consumer id is used by the catalog or carries a recorded reservation (93.186793ms)
✔ REL-BGSTAB-010 AC-7 reservation membership is pinned so a new exemption costs an argued edit (0.76084ms)
✔ REL-BGSTAB-010 AC-7 registration guard rejects a registered consumer id that nothing uses (0.14554ms)
✔ REL-BGSTAB-010 AC-7 registration guard rejects a reservation with no reason or no decision owner (0.177379ms)
✔ REL-BGSTAB-010 AC-7 registration guard refuses a reservation for an id that still owns manifest tuples (0.230209ms)
✔ REL-BGSTAB-010 AC-7 registration guard rejects a reservation for an id outside the registry (0.152393ms)
✔ REL-BGSTAB-010 AC-7 registration guard rejects the same consumer id reserved twice (0.171834ms)
✖ REL-BGSTAB-010 AC-7 registration guard defers other diagnostics for a duplicated reservation (0.493229ms)
✔ REL-BGSTAB-010 AC-7 registration guard rejects a reservation for an id the catalog uses (0.23478ms)
✔ REL-BGSTAB-010 AC-7 no reserved consumer id is written into production outside its declaration (789.757479ms)
✔ REL-BGSTAB-010 AC-7 registration guard rejects a reservation whose id is used in production (0.17022ms)
ℹ tests 11
ℹ suites 0
ℹ pass 9
ℹ fail 2
ℹ cancelled 0
ℹ skipped 0
ℹ todo 0
ℹ duration_ms 1558.24511

✖ failing tests:

test at src/services/TerminalResourcePolicyConsumerRegistry.test.ts:1:872
✖ REL-BGSTAB-010 AC-7 every registered consumer id is used by the catalog or carries a recorded reservation (93.186793ms)
  AssertionError [ERR_ASSERTION]: sealed manifest is stale for server/src/services/TerminalResourcePolicyInventory.ts; its tuple ids cannot be trusted
  + actual - expected
  
  + [
  +   'server/src/services/TerminalResourcePolicyInventory.ts'
  + ]
  - []
  
      at TestContext.<anonymous> (/mnt/c/work/git/_Snoworca/ProjectMaster-issue2-20260916/server/src/services/TerminalResourcePolicyConsumerRegistry.test.ts:104:10)
      at async Test.run (node:internal/test_runner/test:1409:7)
      at async startSubtestAfterBootstrap (node:internal/test_runner/harness:387:3) {
    generatedMessage: false,
    code: 'ERR_ASSERTION',
    actual: [ 'server/src/services/TerminalResourcePolicyInventory.ts' ],
    expected: [],
    operator: 'deepStrictEqual',
    diff: 'simple'
  }

test at src/services/TerminalResourcePolicyConsumerRegistry.test.ts:1:6310
✖ REL-BGSTAB-010 AC-7 registration guard defers other diagnostics for a duplicated reservation (0.493229ms)
  AssertionError [ERR_ASSERTION]: Expected values to be strictly deep-equal:
  + actual - expected
  
    [
      {
        code: 'duplicate-reservation',
        reference: 'server.retired.consumer'
      },
  +   {
  +     code: 'reservation-not-registered',
  +     reference: 'server.retired.consumer'
  +   },
  +   {
  +     code: 'reservation-not-registered',
  +     reference: 'server.retired.consumer'
  +   }
    ]
  
      at TestContext.<anonymous> (/mnt/c/work/git/_Snoworca/ProjectMaster-issue2-20260916/server/src/services/TerminalResourcePolicyConsumerRegistry.test.ts:224:10)
      at Test.runInAsyncScope (node:async_hooks:227:14)
      at Test.run (node:internal/test_runner/test:1402:25)
      at Test.processPendingSubtests (node:internal/test_runner/test:974:18)
      at Test.postRun (node:internal/test_runner/test:1542:19)
      at Test.run (node:internal/test_runner/test:1467:12)
      at async Test.processPendingSubtests (node:internal/test_runner/test:974:7) {
    generatedMessage: true,
    code: 'ERR_ASSERTION',
    actual: [ { code: 'duplicate-reservation', reference: 'server.retired.consumer' }, { code: 'reservation-not-registered', reference: 'server.retired.consumer' }, { code: 'reservation-not-registered', reference: 'server.retired.consumer' } ],
    expected: [ { code: 'duplicate-reservation', reference: 'server.retired.consumer' } ],
    operator: 'deepStrictEqual',
    diff: 'simple'
  }

----STDERR----
