[Config] All passwords already encrypted
[Config] Configuration loaded successfully
[WS] WebSocket router initialized
[WS] WebSocket router initialized
✔ PERF-BGSTAB-010 fixture contract — real SessionManager initialization retains authority and cleanup state (91.805383ms)
✔ PERF-BGSTAB-010 gated headless fixture preserves full state while disposal releases held write callbacks (0.252931ms)
[WS] WebSocket router initialized
✔ PERF-BGSTAB-010 gated real-session fixture drains a held write before public cleanup (2337.44553ms)
[WS] WebSocket router initialized
✔ PERF-BGSTAB-010 gated real-session fixture releases resources after an assertion failure (2354.617621ms)
[SessionManager] All CWD watchers stopped
[WS] WebSocket router initialized
✔ PERF-BGSTAB-010 emergency cleanup preserves a public finalizer error while releasing held callbacks (2348.17296ms)
[SessionManager] Headless terminal degraded (queue-overflow) for session gated-headless-overflow-cleanup-red: Headless output queue overflow (observe): byte-limit
[WS] WebSocket router initialized
[WS] WebSocket router initialized
[WS] Client disconnected: client-a
✔ PERF-BGSTAB-010 gated real-session PTY chain settles within the fixture bound after overflow cleanup (2328.540895ms)
✔ Non-loss policy canary infrastructure RED contract — REL-BGSTAB-010 AC-1 (154.405027ms)
[WS] WebSocket router initialized
[WS] Client disconnected: client-a
[WS] WebSocket router initialized
[WS] Client disconnected: client-a
[WS] Client disconnected: client-b
[WS] WebSocket router initialized
[WS] Client disconnected: client-a
[WS] Client disconnected: client-b
[WS] WebSocket router initialized
[WS] Client disconnected: client-a
[WS] Client disconnected: client-b
[WS] WebSocket router initialized
[WS] Client disconnected: client-a
[WS] Client disconnected: client-b
[WS] WebSocket router initialized
✔ REL-BGSTAB-010 production assembly shares one registry-derived lease authority (82.433007ms)
✔ Non-loss policy canary infrastructure RED contract — REL-BGSTAB-010 AC-2 (152.820867ms)
✔ Non-loss policy canary infrastructure RED contract — REL-BGSTAB-010 AC-3 (83.79449ms)
✔ Non-loss policy canary infrastructure RED contract — REL-BGSTAB-010 AC-4 (78.589893ms)
[WS] Client disconnected: client-a
[WS] Client disconnected: client-b
[WS] WebSocket router initialized
[WS] WebSocket router initialized
✔ Non-loss policy canary infrastructure RED contract — REL-BGSTAB-010 AC-5 (83.931034ms)
✔ REL-BGSTAB-010 headless finalizer revokes the old epoch and isolates same-ID recreation (82.245215ms)
[WS] WebSocket router initialized
[SessionManager] Headless terminal degraded (write) for session session-a1: simulated headless write failure
✔ REL-BGSTAB-010 headless maxChunks admits exact N and rejects N+1 without bypass (106.342004ms)
[WS] WebSocket router initialized
[WS] Client disconnected: client-a
[WS] WebSocket router initialized
✔ REL-BGSTAB-010 headless write failure settles the candidate to target-scoped legacy recovery (79.161799ms)
✔ REL-BGSTAB-010 valid but inactive leases cannot preview admit or rollback active WS and headless targets (76.718119ms)
[SessionManager] Headless terminal degraded (queue-overflow) for session session-nonselected: Headless output queue overflow (observe): byte-limit
[SessionManager] Headless terminal degraded (queue-overflow) for session session-a1: Headless output queue overflow (observe): byte-limit
[WS] WebSocket router initialized
✔ REL-BGSTAB-010 production PTY path uses target-scoped non-destructive headless policy and restores legacy limit (141.78525ms)
[WS] WebSocket router initialized
✔ REL-BGSTAB-010 headless rollback closes only after the actual write chain drains (78.161322ms)
✔ REL-BGSTAB-010 headless rollback fences every pre-boundary policy generation (82.382953ms)
✔ Non-loss policy canary infrastructure RED contract — REL-BGSTAB-010 AC-6 (0.38166ms)
✔ REL-BGSTAB-010 coalescing preserves every admission identity and lifetime fence (0.191805ms)
✔ PERF-BGSTAB-010 AC-3/AC-4 fair artifact admission 계약 부재 때문에 실패 (2.043714ms)
✔ PERF-BGSTAB-010 published fair artifact admission validates the benchmark policy contract (2.046832ms)
✔ PERF-BGSTAB-010 source default Canary admission fails closed (7.873453ms)
✔ PERF-BGSTAB-010 source canonical resolver rejects noncanonical authority (202.162091ms)
✔ PERF-BGSTAB-010 fresh default Canary accepts canonical authority (3574.843971ms)
ℹ tests 26
ℹ suites 0
ℹ pass 26
ℹ fail 0
ℹ cancelled 0
ℹ skipped 0
ℹ todo 0
ℹ duration_ms 17083.293843
