✔ the checkpoint-authority guard anchor resolves to exactly one site (1.392345ms)
✔ PERF-BGSTAB-010 browser ACK is emitted only after an accepted visible terminal write (0.63117ms)
✔ PERF-BGSTAB-010 AC-6 browser records ACK rejection without delivery or status mutation (0.705424ms)
✔ MIG-BGSTAB-002 TerminalView queues checkpoint-authority input until its exact mutation lease arrives (0.261056ms)
✔ TerminalContainer bounds authority recovery retries and resets them only after matching ready plus ACK (0.229066ms)
✔ WebSocket grace recovery state is discarded before a replacement socket resubscribes (0.21017ms)
✔ replacement-socket authoritative ACK plus matching ready resets the recovery budget (0.254751ms)
✔ replacement authoritative convergence is staged before the snapshot ACK can synchronously return ready (0.128881ms)
✔ replacement authoritative snapshots bypass checkpoint suppression for retained-state recovery (0.213613ms)
✔ MIG-BGSTAB-002 snapshot Windows PTY metadata applies only after snapshot authority succeeds (0.245821ms)
✔ session ready cannot open input until it matches the latest received snapshot lineage (0.203795ms)
✔ replacement authoritative identity is reapplied even when seq and content are unchanged (0.240522ms)
✔ replacement authoritative convergence is serialized behind in-flight speculative writes (0.189171ms)
✔ no-active reconnect-required invalidates legacy speculative repair before installing its barrier (0.204614ms)
✔ restore-needed and reconnect-required terminate the legacy repair in-flight suppression (0.169713ms)
✔ REL-BGSTAB-007 keeps generic screen repair independent of checkpoint ACK evidence (1.906535ms)
✔ REL-BGSTAB-007 removes checkpoint lifecycle seams from generic screen repair (0.556985ms)
✔ REL-BGSTAB-007 removes dead Container bridge APIs from the checkpoint runtime (0.138018ms)
✔ TerminalContainer maps visible output recovery into the input transport barrier (0.096376ms)
✔ TerminalContainer routes compatibility authority recovery to a same-socket full snapshot before reconnect (0.198023ms)
✔ TerminalContainer keeps compatibility input fenced through matching post-ACK tail drain and ready (2.800804ms)
✔ TerminalContainer bounds and clears compatibility post-ACK convergence timeout (1.758018ms)
✔ TerminalContainer keeps queued input deferred while visible output recovery is blocking (0.106639ms)
✔ TerminalContainer retries queued input after visible output recovery finishes (0.093317ms)
✔ TerminalContainer does not finish visible recovery after fallback snapshot placeholder (0.15348ms)
✔ TerminalContainer does not suppress authoritative repair while visible recovery is pending (0.10362ms)
✔ TerminalContainer uses runtime-configured transport outbox limits (0.105337ms)
✔ TerminalContainer does not clear hidden output recovery after fallback placeholder (0.137534ms)
✔ TerminalContainer only finishes visible recovery after authoritative snapshot or local restore success (0.232549ms)
✔ TerminalContainer does not suppress recent repair while visible recovery is pending (0.132295ms)
✔ TerminalContainer uses runtime terminal limits for transport outbox budget and TTL (0.140139ms)
✔ TerminalContainer preserves absent normal-wire screen sequence as unknown (0.253902ms)
✔ TerminalContainer applies visible resync output admission in the production handler (0.198052ms)
✔ TerminalContainer fences stale snapshot tokens before terminal replacement (0.106116ms)
✔ TerminalContainer keeps active resync isolated from late legacy repair callbacks (0.153421ms)
✔ TerminalContainer production recovery requests a token-fenced fresh snapshot and real reconnect (0.183981ms)
✔ TerminalContainer makes duplicate restore-needed idempotent and fences snapshot sequence (0.118776ms)
✔ TerminalContainer leaves provisional fallback unacked for bounded server reconnect (0.098913ms)
✔ WebSocket grace installs restore barrier before subscribed-ready and preserves duplicate chunks (0.469579ms)
✔ WebSocket grace fences replay generations and makes reconnect terminal (0.172169ms)
✔ TerminalContainer forces current replay snapshot past legacy content dedup (0.179896ms)
✔ TerminalContainer serializes legacy and hidden mutations before server authority (0.194579ms)
✔ TerminalContainer binds Container and TerminalView adapters to one recovery identity (0.311865ms)
✔ TerminalContainer settles the live-lane idle fence before resetting visible output (0.221004ms)
✔ TerminalContainer keeps legacy repair recovery blocked when ready ACK send fails (0.165144ms)
✔ TerminalContainer keeps snapshot recovery blocked when ready ACK send fails (0.1535ms)
✔ TerminalContainer keeps restore-buffer failure non-ACKable while acknowledging only a checkpoint takeover (1.307069ms)
✔ TerminalContainer defers a rollback-era authoritative snapshot until legacy authority releases it (0.248811ms)
✔ TerminalContainer drains an authority-ready deferred snapshot after an in-flight apply settles (0.210998ms)
✔ TerminalContainer retries an authority-ready deferred snapshot after its terminal ref reattaches (0.123572ms)
✔ TerminalContainer completion probe writes an empty frame to the same xterm FIFO (0.191441ms)
✔ TerminalContainer rejects late authoritative snapshots after the active recovery is terminally failed (0.485534ms)
✔ Remount adapter RED — live/restore non-overlap (0.658167ms)
✔ Remount adapter RED — fault input barrier (0.847931ms)
✔ Remount adapter RED — parser and Unicode corpus (0.379428ms)
✔ Frontend stale/resync barrier RED 계약 — AC-3 (0.334067ms)
✔ Frontend stale/resync barrier RED 계약 — AC-6 (0.331817ms)
✔ Frontend stale/resync barrier RED 계약 — AC-11 (0.699987ms)
✔ REL-BGSTAB-012 preserves client isolation AI idle and renderer residency (0.137988ms)
✔ REL-BGSTAB-012 isolates affected hidden recovery to its browser view (0.108011ms)
✔ terminal output scheduler writes queued output within the flush budget (3.089342ms)
✔ terminal output scheduler does not split multibyte code points (0.256034ms)
✔ terminal output scheduler preserves callback ordering after full chunk writes (0.360976ms)
✔ terminal output scheduler reports overflow instead of accumulating unbounded output (0.194391ms)
✔ terminal output scheduler overflow includes already queued bytes in dropped count (0.252561ms)
✔ terminal output scheduler reset cancels queued callbacks (0.25412ms)
✔ terminal output scheduler can update queue limits without recreating the instance (0.355075ms)
✔ REL-BGSTAB-010 AC-3 RED — explicit canary transition preserves below/at/above-cap retained FIFO (1.577115ms)
✔ REL-BGSTAB-010 frontend canary rejects stale and duplicate policy generations state-preservingly (0.359298ms)
✔ REL-BGSTAB-010 frontend canary fallback preserves retained FIFO and uses a separate new-admission budget (0.44934ms)
✔ REL-BGSTAB-010 frontend canary rollback fences admissions and closes at the pre-boundary FIFO (0.493882ms)
✔ REL-BGSTAB-010 frontend canary ledger is bounded immutable and records exact transition decisions (0.51412ms)
✔ REL-BGSTAB-010 production scheduler wires an inactive runtime and supports future stable injection (4.689755ms)
✔ REL-BGSTAB-010 rejected compaction does not leave a rollback sequence hole (0.264234ms)
✔ REL-BGSTAB-010 compaction preserves the rollback pre-boundary completion (0.429032ms)
✔ REL-BGSTAB-010 rollback ledger records the actual fallback decision through closure (0.317607ms)
✔ REL-BGSTAB-010 production binding uses real connection identity and the same selected-profile path (8.032221ms)
✔ REL-BGSTAB-010 selected profiles bind approved decisions and fail closed on ambiguity (0.205709ms)
✔ REL-BGSTAB-010 reset and repair explicitly abort active and draining canaries (0.213831ms)
✔ REL-BGSTAB-010 fallback gives grandfathered backlog a separate new-admission budget (4.24822ms)
✔ REL-BGSTAB-010 production component tree carries the zero or injected selection coordinator to TerminalView (8.436918ms)
✔ REL-BGSTAB-010 duplicate rollback is idempotent and cannot move the drain boundary (0.302728ms)
✔ REL-BGSTAB-010 bounded ingress retry queue drains two fenced outputs with one FIFO barrier (0.444939ms)
✔ REL-BGSTAB-010 oversized or saturated canary ingress settles to bounded target-local legacy without recovery (4.357864ms)
✔ REL-BGSTAB-010 legacy handoff bounds active plus 2L+1/N+2 burst without false written settlement (0.323361ms)
✔ REL-BGSTAB-010 legacy retry during rollback preserves boundary through rollback-closed (0.352342ms)
✔ REL-BGSTAB-010 restore-buffer flush retains ownership until write or observable rejection settlement (4.213101ms)
✔ REL-BGSTAB-010 restore-buffer ownership helper commits once and fails closed on identity mismatch (0.240374ms)
✔ REL-BGSTAB-010 restore-buffer helper waits for actual legacy callback and rejects contradictory sync admission (0.233398ms)
✔ REL-BGSTAB-010 restore attempt identity fences a superseded identical-string callback (0.131643ms)
✔ REL-BGSTAB-010 restore release is single-flight per attempt and supersedes exactly once (0.19967ms)
✔ REL-BGSTAB-010 authoritative coverage proves sequence, replay token, and failed-attempt ownership (0.307829ms)
✔ REL-BGSTAB-010 stable server authority covers tokenless normal live output across replacement connections (0.226678ms)
✔ REL-BGSTAB-010 authoritative coverage rollback restores exact ownership after partial drain (0.267456ms)
✔ REL-BGSTAB-010 rollback provenance allows a fresh checkpoint to complete and ACK (0.248407ms)
✔ REL-BGSTAB-010 delayed same-data restore A cannot release or drain restore B (0.234651ms)
✔ terminal output scheduler reset fences a queued animation-frame callback before remount (0.113171ms)
✔ terminal output scheduler yields a flush turn while browser input is pending (0.151793ms)
✔ terminal output scheduler still makes progress when browser input stays pending (0.148161ms)
✔ terminal output scheduler drains multiple chunks in one frame until the frame time budget is reached (0.190405ms)
✔ terminal output scheduler yields the current frame when input becomes pending during a multi-chunk drain (0.192191ms)
✔ terminal output scheduler exposes a default frame time budget in the 6-8ms range (0.169979ms)
✔ terminal output scheduler retires a lost in-flight write only after FIFO proof (0.366768ms)
✔ terminal output FIFO proof never retires a newer active write (0.176777ms)
✔ PERF-BGSTAB-008 AC-1 RED contract (222.552295ms)
✔ PERF-BGSTAB-008 AC-2 RED contract (0.425056ms)
✔ PERF-BGSTAB-008 AC-1 GREEN contract (0.37856ms)
✔ PERF-BGSTAB-008 AC-2 GREEN contract (1.464151ms)
✔ UTF-8 segmented queue RED 계약 — AC-1 (0.155198ms)
✔ UTF-8 segmented queue RED 계약 — AC-2 (116.774036ms)
✔ UTF-8 segmented queue RED 계약 — AC-3 (0.310947ms)
✔ UTF-8 segmented queue RED 계약 — AC-4 (0.404452ms)
✔ UTF-8 segmented queue RED 계약 — AC-5 (0.168982ms)
✔ UTF-8 segmented queue RED 계약 — AC-6 (0.142508ms)
✔ UTF-8 segmented queue RED 계약 — AC-7 (0.109896ms)
✔ UTF-8 segmented queue RED 계약 — AC-10 (0.180212ms)
✔ FIFO completion barrier is attached to the current boundary, not later output (0.268004ms)
✔ chunk compaction never moves a FIFO barrier behind later output (0.220442ms)
✔ chunk compaction tracks callback byte offsets even at a one-chunk limit (0.113181ms)
✔ PERF-BGSTAB-010 rejects delivery acknowledgement callbacks when the terminal writer rejects a chunk (0.163545ms)
✔ TerminalView allows screen repair readiness while visible output recovery barrier is active (1.150036ms)
✔ TerminalView uses runtime terminal limits for input queue budget and TTL (0.274339ms)
✔ TerminalView uses runtime-configured input queue limits (0.159401ms)
✔ TerminalView visible output scheduler uses cached runtime output limits (0.164255ms)
✔ TerminalView plain Space and Backspace delegation does not rebuild input debug payload (0.269488ms)
✔ TerminalView compatibility recovery delegates to the full recovery owner without manual repair (0.144896ms)
✔ TerminalView runtime recreation also requests bounded fresh snapshot recovery (0.272908ms)
✔ TerminalView hands legacy recovery across bounded reconnect runtime replacement (0.226155ms)
✔ TerminalView emits legacy authority readiness once after compatibility recovery fully converges (0.242032ms)
✔ TerminalView compatibility tail write reports coordinator rejection as physical failure (0.274388ms)
✔ TerminalView bounds restore-pending output and drains segmented chunks without join (0.247242ms)
✔ TerminalView propagates restore-buffer failure as FAILED_HELD without allowing live-output overtake (0.788705ms)
✔ TerminalView refuses FAILED_HELD convergence when coverage identity is unproven (0.169061ms)
✔ TerminalView leaves FAILED_HELD ownership untouched on reset throw or sole-writer rejection (0.199098ms)
✔ MIG-BGSTAB-002 authoritative snapshot replacement reports the exact rejected fence (0.157852ms)
✔ MIG-BGSTAB-002 reports an in-flight checkpoint takeover without treating every replacement rejection as ready (1.07827ms)
✔ TerminalView restore replay is fenced by exact attempt epoch and xterm identity (0.258067ms)
✔ TerminalView resets scheduler and ingress retry ownership on terminal identity change and cleanup (0.27869ms)
✔ MIG-BGSTAB-002 snapshot replacement body shares the checkpoint sole-writer deque (0.267855ms)
✔ TerminalView non-authoritative replay writes use a bounded same-xterm FIFO probe before releasing the lease (5.886777ms)
✔ TerminalView live output idle uses a bounded FIFO fallback and retires the proven scheduler write (0.344526ms)
✔ TerminalView suppresses parser replies during replay without silently dropping user onData (0.239506ms)
✔ Remount adapter RED — grace authority barrier (2.240168ms)
✔ Remount adapter RED — null-ref dispose ownership (0.417379ms)
✔ Remount adapter RED — normal path compatibility (0.351957ms)
✔ MIG-BGSTAB-002 late legacy snapshots cannot overwrite active checkpoint authority (0.956751ms)
✔ compatibility post-ACK convergence waits for matching ready and physical tail drain in either order (0.390401ms)
✔ compatibility post-ACK convergence rejects stale identity and covered output without opening ready (0.193612ms)
✔ compatibility post-ACK convergence permanently rejects drained duplicate IDs and decrements bytes exactly (0.689892ms)
✔ compatibility post-ACK convergence rejects duplicate and descending screen sequence before write admission (0.248515ms)
✔ compatibility progress timeout permits long draining tails but fails bounded inactivity (0.767056ms)
✔ restore-needed and snapshot authority proof is exact and fail-closed (0.499152ms)
✔ coalesced UTF-8 output expands to exact recovery chunks without losing identity (0.617562ms)
✔ coalesced recovery output rejects the whole batch before a later stale segment can partially apply (0.302628ms)
✔ visible recovery retry budget is bounded across transactions and resets only after convergence (0.60287ms)
✔ replacement authoritative identity bypasses duplicate content optimization while recovery is blocking (0.193631ms)
✔ checkpoint authority converges an initial authoritative restore without a prior snapshot (0.171963ms)
✔ visible output recovery retries failed replay sends before abandoning (0.154565ms)
✔ visible output recovery ignores duplicate overflow while pending and clears on finish (0.163802ms)
✔ visible output recovery keeps input blocked when abandoning a stale terminal view (0.182906ms)
✔ visible output recovery exposes a transport barrier while pending or stale (0.105731ms)
✔ Frontend stale/resync barrier RED 계약 — AC-2 (1.682116ms)
✔ Frontend stale/resync barrier RED 계약 — AC-5 (0.729579ms)
✔ Frontend stale/resync barrier RED 계약 — AC-10 (0.405419ms)
✔ visible output recovery seals terminal faults and releases held payloads (0.388033ms)
✔ visible output recovery drops a snapshot-covered late chunk before cap accounting (0.213821ms)
✔ visible resync output admission separates tagged recovery from normal live output (0.118174ms)
✔ visible output mutation fence keeps authoritative replacement last (0.41801ms)
ℹ tests 168
ℹ suites 0
ℹ pass 168
ℹ fail 0
ℹ cancelled 0
ℹ skipped 0
ℹ todo 0
ℹ duration_ms 571.768715
