node:internal/modules/run_main:107
    triggerUncaughtException(
    ^

AssertionError [ERR_ASSERTION]: focused TAP did not pass registered test: TerminalContainer never ACKs a TerminalView restore-buffer rejection as an applied snapshot
+ actual - expected

+ undefined
- 'pass'

    at summarizeFocused (file:///mnt/c/work/git/_Snoworca/ProjectMaster-issue2-20260916/tools/wave3/probe-issue9-registration-only.mjs:317:12)
    at file:///mnt/c/work/git/_Snoworca/ProjectMaster-issue2-20260916/tools/wave3/probe-issue9-registration-only.mjs:447:13
    at ModuleJob.run (node:internal/modules/esm/module_job:561:25)
    at async node:internal/modules/esm/loader:647:26
    at async asyncRunEntryPointWithESMLoader (node:internal/modules/run_main:101:5) {
  generatedMessage: false,
  code: 'ERR_ASSERTION',
  actual: undefined,
  expected: 'pass',
  operator: 'strictEqual',
  diff: 'simple'
}

Node.js v24.21.0
