✖ REL-BGSTAB-010 AC-7 every registered consumer id is used by the catalog or carries a recorded reservation (2.91136ms)
✖ REL-BGSTAB-010 AC-7 reservation membership is pinned so a new exemption costs an argued edit (0.42815ms)
✔ REL-BGSTAB-010 AC-7 registration guard rejects a registered consumer id that nothing uses (0.181572ms)
✔ REL-BGSTAB-010 AC-7 registration guard rejects a reservation with no reason or no decision owner (0.170195ms)
✔ REL-BGSTAB-010 AC-7 registration guard refuses a reservation for an id that still owns manifest tuples (0.155665ms)
✔ REL-BGSTAB-010 AC-7 registration guard rejects a reservation for an id outside the registry (0.125901ms)
ℹ tests 6
ℹ suites 0
ℹ pass 4
ℹ fail 2
ℹ cancelled 0
ℹ skipped 0
ℹ todo 0
ℹ duration_ms 931.107072

✖ failing tests:

test at src/services/TerminalResourcePolicyConsumerRegistry.test.ts:1:333
✖ REL-BGSTAB-010 AC-7 every registered consumer id is used by the catalog or carries a recorded reservation (2.91136ms)
  AssertionError [ERR_ASSERTION]: Expected values to be strictly deep-equal:
  + actual - expected
  
  + [
  +   {
  +     code: 'reservation-not-registered',
  +     reference: 'MUTATED-server.config.schema'
  +   },
  +   {
  +     code: 'unused-consumer-id',
  +     reference: 'server.config.schema'
  +   }
  + ]
  - []
  
      at TestContext.<anonymous> (/mnt/c/work/git/_Snoworca/ProjectMaster-issue2-20260916/server/src/services/TerminalResourcePolicyConsumerRegistry.test.ts:45:10)
      at Test.runInAsyncScope (node:async_hooks:227:14)
      at Test.run (node:internal/test_runner/test:1402:25)
      at Test.start (node:internal/test_runner/test:1262:17)
      at startSubtestAfterBootstrap (node:internal/test_runner/harness:387:17) {
    generatedMessage: true,
    code: 'ERR_ASSERTION',
    actual: [ { code: 'reservation-not-registered', reference: 'MUTATED-server.config.schema' }, { code: 'unused-consumer-id', reference: 'server.config.schema' } ],
    expected: [],
    operator: 'deepStrictEqual',
    diff: 'simple'
  }

test at src/services/TerminalResourcePolicyConsumerRegistry.test.ts:1:1066
✖ REL-BGSTAB-010 AC-7 reservation membership is pinned so a new exemption costs an argued edit (0.42815ms)
  AssertionError [ERR_ASSERTION]: Expected values to be strictly deep-equal:
  + actual - expected
  
    [
  +   'MUTATED-server.config.schema'
  -   'server.config.schema'
    ]
  
      at TestContext.<anonymous> (/mnt/c/work/git/_Snoworca/ProjectMaster-issue2-20260916/server/src/services/TerminalResourcePolicyConsumerRegistry.test.ts:52:10)
      at Test.runInAsyncScope (node:async_hooks:227:14)
      at Test.run (node:internal/test_runner/test:1402:25)
      at Test.processPendingSubtests (node:internal/test_runner/test:974:18)
      at Test.postRun (node:internal/test_runner/test:1542:19)
      at Test.run (node:internal/test_runner/test:1467:12)
      at async startSubtestAfterBootstrap (node:internal/test_runner/harness:387:3) {
    generatedMessage: true,
    code: 'ERR_ASSERTION',
    actual: [ 'MUTATED-server.config.schema' ],
    expected: [ 'server.config.schema' ],
    operator: 'deepStrictEqual',
    diff: 'simple'
  }
