✔ REL-BGSTAB-010 AC-7 every registered consumer id is used by the catalog or carries a recorded reservation (1091.458652ms)
✔ REL-BGSTAB-010 AC-7 reservation membership is pinned so a new exemption costs an argued edit (0.343484ms)
✔ REL-BGSTAB-010 AC-7 registration guard rejects a registered consumer id that nothing uses (0.162012ms)
✔ REL-BGSTAB-010 AC-7 registration guard rejects a reservation with no reason or no decision owner (0.16677ms)
✔ REL-BGSTAB-010 AC-7 registration guard refuses a reservation for an id that still owns manifest tuples (0.15561ms)
✔ REL-BGSTAB-010 AC-7 registration guard rejects a reservation for an id outside the registry (0.136828ms)
✔ REL-BGSTAB-010 AC-7 registration guard rejects the same consumer id reserved twice (0.223921ms)
✔ REL-BGSTAB-010 AC-7 registration guard defers other diagnostics for a duplicated reservation (0.188525ms)
✔ REL-BGSTAB-010 AC-7 registration guard rejects a reservation for an id the catalog uses (0.154494ms)
✔ REL-BGSTAB-010 AC-7 no reserved consumer id is written into production outside its declaration (990.871782ms)
✔ REL-BGSTAB-010 AC-7 registration guard rejects a reservation whose id is used in production (0.203904ms)
✔ REL-BGSTAB-010 AC-7 the sealed source key set that decides the scan boundary is pinned (0.107352ms)
✔ REL-BGSTAB-010 AC-7 the EXPECTED_POLICY_CONSUMER_IDS mirror in TerminalResourcePolicy.test.ts is pinned to the live registry (2.803448ms)
ℹ tests 13
ℹ suites 0
ℹ pass 13
ℹ fail 0
ℹ cancelled 0
ℹ skipped 0
ℹ todo 0
ℹ duration_ms 2791.322709
