node:internal/modules/run_main:107
    triggerUncaughtException(
    ^

AssertionError [ERR_ASSERTION]: npx tsx --test src/services/TerminalResourcePolicyCanary.test.ts src/ws/WsRouterSendPriority.test.ts src/ws/WsRouterRestoreMetadata.test.ts src/ws/wsSendPolicyRestoreMetadata.test.ts failed
[Config] All passwords already encrypted
[Config] Configuration loaded successfully
[WS] WebSocket router initialized
[WS] WebSocket router initialized
✔ PERF-BGSTAB-010 fixture contract — real SessionManager initialization retains authority and cleanup state (105.354237ms)
✔ PERF-BGSTAB-010 gated headless fixture preserves full state while disposal releases held write callbacks (0.266006ms)
[WS] WebSocket router initialized
✔ PERF-BGSTAB-010 gated real-session fixture drains a held write before public cleanup (2372.212968ms)
[WS] WebSocket router initialized
✔ PERF-BGSTAB-010 gated real-session fixture releases resources after an assertion failure (2350.686542ms)
[SessionManager] All CWD watchers stopped
[WS] WebSocket router initialized
✔ PERF-BGSTAB-010 emergency cleanup preserves a public finalizer error while releasing held callbacks (2359.51356ms)
[SessionManager] Headless terminal degraded (queue-overflow) for session gated-headless-overflow-cleanup-red: Headless output queue overflow (observe): byte-limit
[WS] WebSocket router initialized
[WS] WebSocket router initialized
[WS] Client disconnected: client-a
✖ PERF-BGSTAB-010 gated real-session PTY chain settles within the fixture bound after overflow cleanup (1771.863223ms)
✔ Non-loss policy canary infrastructure RED contract — REL-BGSTAB-010 AC-1 (166.720987ms)
[WS] WebSocket router initialized
[WS] Client disconnected: client-a
[WS] WebSocket router initialized
[WS] Client disconnected: client-a
[WS] Client disconnected: client-b
[WS] WebSocket router initialized
[WS] Client disconnected: client-a
[WS] Client disconnected: client-b
[WS] WebSocket router initialized
[WS] Client disconnected: client-a
[WS] Client disconnected: client-b
[WS] WebSocket router initialized
[WS] Client disconnected: client-a
[WS] Client disconnected: client-b
[WS] WebSocket router initialized
✔ REL-BGSTAB-010 production assembly shares one registry-derived lease authority (86.431687ms)
✔ Non-loss policy canary infrastructure RED contract — REL-BGSTAB-010 AC-2 (181.091229ms)
✔ Non-loss policy canary infrastructure RED contract — REL-BGSTAB-010 AC-3 (94.961914ms)
✔ Non-loss policy canary infrastructure RED contract — REL-BGSTAB-010 AC-4 (87.323704ms)
[WS] Client disconnected: client-a
[WS] Client disconnected: client-b
[WS] WebSocket router initialized
[WS] WebSocket router initialized
✔ Non-loss policy canary infrastructure RED contract — REL-BGSTAB-010 AC-5 (88.967414ms)
✔ REL-BGSTAB-010 headless finalizer revokes the old epoch and isolates same-ID recreation (93.603282ms)
[WS] WebSocket router initialized
[SessionManager] Headless terminal degraded (write) for session session-a1: simulated headless write failure
✔ REL-BGSTAB-010 headless maxChunks admits exact N and rejects N+1 without bypass (117.560577ms)
[WS] WebSocket router initialized
[WS] Client disconnected: client-a
[WS] WebSocket router initialized
✔ REL-BGSTAB-010 headless write failure settles the candidate to target-scoped legacy recovery (92.215479ms)
✔ REL-BGSTAB-010 valid but inactive leases cannot preview admit or rollback active WS and headless targets (86.093266ms)
[SessionManager] Headless terminal degraded (queue-overflow) for session session-nonselected: Headless output queue overflow (observe): byte-limit
[SessionManager] Headless terminal degraded (queue-overflow) for session session-a1: Headless output queue overflow (observe): byte-limit
[WS] WebSocket router initialized
✔ REL-BGSTAB-010 production PTY path uses target-scoped non-destructive headless policy and restores legacy limit (162.323199ms)
[WS] WebSocket router initialized
✔ REL-BGSTAB-010 headless rollback closes only after the actual write chain drains (107.708939ms)
✔ REL-BGSTAB-010 headless rollback fences every pre-boundary policy generation (122.408357ms)
✔ Non-loss policy canary infrastructure RED contract — REL-BGSTAB-010 AC-6 (0.505954ms)
✔ REL-BGSTAB-010 coalescing preserves every admission identity and lifetime fence (0.207457ms)
✔ PERF-BGSTAB-010 AC-3/AC-4 fair artifact admission 계약 부재 때문에 실패 (3.008639ms)
✔ PERF-BGSTAB-010 published fair artifact admission validates the benchmark policy contract (3.143534ms)
✔ PERF-BGSTAB-010 source default Canary admission fails closed (25.905566ms)
✔ PERF-BGSTAB-010 source canonical resolver rejects noncanonical authority (256.959192ms)
✔ PERF-BGSTAB-010 fresh default Canary accepts canonical authority (1103.436596ms)
[Config] All passwords already encrypted
[Config] Configuration loaded successfully
[Auth] AuthService initialized
[WS] WebSocket router initialized
[Auth] Token issued: jti=d30a5ea1-48d4-40f6-b937-54acd76833f7
[WS] Client connected: 85be5c24-5a44-4d3d-9960-92cbd1a73b56
[WS] Client connected: 8bd2a05a-3a67-4b05-a451-d1aa465ece9b
[WS] Client disconnected: 8bd2a05a-3a67-4b05-a451-d1aa465ece9b
[WS] Client disconnected: 85be5c24-5a44-4d3d-9960-92cbd1a73b56
[SessionManager] All CWD watchers stopped
[Auth] AuthService initialized
[WS] WebSocket router initialized
[Auth] Token issued: jti=671798e3-7827-4f32-a3a0-2e10be9b08c4
✔ server RED — real output sequence and ready authority tokens (239.041327ms)
[WS] Client connected: 54277791-2139-43e7-8682-5b23ecca0ab5
[WS] Client disconnected: 54277791-2139-43e7-8682-5b23ecca0ab5
[SessionManager] All CWD watchers stopped
[Auth] AuthService initialized
[WS] WebSocket router initialized
[Auth] Token issued: jti=97d7bd3e-d374-425a-aa12-194ad4cea02b
✔ server fresh replay request is token-fenced and supersedes the pending snapshot (246.075089ms)
[WS] Client connected: ab4ad3b7-645f-4077-85c6-6606f3275e51
[WS] Client disconnected: ab4ad3b7-645f-4077-85c6-6606f3275e51
[SessionManager] All CWD watchers stopped
✔ server recovery refresh requires both replay and repair ownership tokens (267.753242ms)
[Config] All passwords already encrypted
[Config] Configuration loaded successfully
[WS] WebSocket router initialized
[WS] Client disconnected: source-first
[WS] Client disconnected: source-second
[WS] WebSocket router initialized
[WS] Client disconnected: p4a-client
[WS] Client disconnected: p4a-client
[WS] WebSocket router initialized
[WS] Client disconnected: p4a-client
[WS] Client disconnected: p4a-client
[WS] WebSocket router initialized
[WS] Client disconnected: p4a-client
[WS] Client disconnected: p4a-client
[WS] WebSocket router initialized
[WS] Client disconnected: p4a-client
[WS] WebSocket router initialized
[WS] Client disconnected: p4a-client
[WS] WebSocket router initialized
[WS] Client disconnected: p4a-client
[WS] WebSocket router initialized
[WS] Client disconnected: p4a-client
[WS] WebSocket router initialized
[WS] Client disconnected: p4a-client
[WS] WebSocket router initialized
[WS] Client disconnected: p4a-client
[WS] WebSocket router initialized
[WS] Client disconnected: p4a-client
[WS] WebSocket router initialized
[WS] Client disconnected: p4a-client
[WS] WebSocket router initialized
[WS] Client disconnected: p4a-client
[WS] WebSocket router initialized
[WS] Client disconnected: p4a-client
[WS] WebSocket router initialized
[WS] Client disconnected: p4a-client
[WS] WebSocket router initialized
[WS] Client disconnected: p4a-client
[WS] WebSocket router initialized
[WS] Client disconnected: p4a-client
[WS] WebSocket router initialized
{"reproduction":"FRR","trigger":"ack-timeout","withPeer":false,"recoveryReady":true,"schedulerPresent":false,"activeLane":null,"postOutput":[{"data":"FRR first after snapshot","screenSeq":42,"chunkId":"2"},{"data":"FRR second after snapshot","screenSeq":43,"chunkId":"3"}],"peerCredit":null}
[WS] Client disconnected: p4a-client
[WS] WebSocket router initialized
{"reproduction":"FRR","trigger":"ack-timeout","withPeer":true,"recoveryReady":true,"schedulerPresent":true,"activeLane":null,"postOutput":[{"data":"FRR first after snapshot","screenSeq":42,"chunkId":"2"},{"data":"FRR second after snapshot","screenSeq":43,"chunkId":"3"}],"peerCredit":21}
[WS] Client disconnected: p4a-client
[WS] WebSocket router initialized
{"reproduction":"FRR","trigger":"queue-overflow","withPeer":false,"recoveryReady":true,"schedulerPresent":false,"activeLane":null,"postOutput":[{"data":"FRR first after snapshot","screenSeq":42,"chunkId":"3"},{"data":"FRR second after snapshot","screenSeq":43,"chunkId":"4"}],"peerCredit":null}
[WS] Client disconnected: p4a-client
[WS] WebSocket router initialized
{"reproduction":"FRR","trigger":"queue-overflow","withPeer":true,"recoveryReady":true,"schedulerPresent":true,"activeLane":null,"postOutput":[{"data":"FRR first after snapshot","screenSeq":42,"chunkId":"3"},{"data":"FRR second after snapshot","screenSeq":43,"chunkId":"4"}],"peerCredit":21}
[WS] Client disconnected: p4a-client
[WS] WebSocket router initialized
[WS] Client disconnected: p4a-client
[WS] WebSocket router initialized
[WS] Client disconnected: p4a-client
[WS] WebSocket router initialized
[WS] Client disconnected: p4a-client
[WS] WebSocket router initialized
[WS] Client disconnected: p4a-client
[WS] WebSocket router initialized
[WS] Client disconnected: p4a-client
[WS] WebSocket router initialized
{"reproduction":"FRR-hidden","withPeer":false,"gapEnqueueAttempts":0,"affectedTypes":["output","output"],"output":["hidden-after-one","hidden-after-two"]}
[WS] Client disconnected: p4a-client
[WS] WebSocket router initialized
{"reproduction":"FRR-hidden","withPeer":true,"gapEnqueueAttempts":0,"affectedTypes":["output","output"],"output":["hidden-after-one","hidden-after-two"]}
[WS] Client disconnected: p4a-client
[WS] WebSocket router initialized
[WS] Client disconnected: client-fair
[WS] WebSocket router initialized
[WS] Client disconnected: client-ac6-active-ledger
[WS] WebSocket router initialized
[WS] Client disconnected: client-hidden-fence
[WS] WebSocket router initialized
[WS] WebSocket send callback failed: Error: browser wire rejected
    at TestContext.<anonymous> (/mnt/c/work/git/_Snoworca/ProjectMaster-issue2-20260916/server/src/ws/WsRouterSendPriority.test.ts:878:33)
    at Test.runInAsyncScope (node:async_hooks:227:14)
    at Test.run (node:internal/test_runner/test:1402:25)
    at Test.processPendingSubtests (node:internal/test_runner/test:974:18)
    at Test.postRun (node:internal/test_runner/test:1542:19)
    at Test.run (node:internal/test_runner/test:1467:12)
    at async Test.processPendingSubtests (node:internal/test_runner/test:974:7)
[WS] Client disconnected: client-fair-send-error
[WS] WebSocket router initialized
[WS] Client disconnected: client-fair-rejected-ack
[WS] WebSocket router initialized
[WS] Client disconnected: client-fair-timeout
[WS] WebSocket router initialized
[WS] Client disconnected: client-fair-withdraw
[WS] WebSocket router initialized
[WS] Client disconnected: client-fair-hidden-downgrade
[WS] WebSocket router initialized
[WS] Client disconnected: client-fair-artifact-rejection
[WS] WebSocket router initialized
[WS] Client disconnected: client-fair-rotate
[WS] WebSocket router initialized
[WS] WebSocket send callback failed: Error: late old-epoch callback
    at TestContext.<anonymous> (/mnt/c/work/git/_Snoworca/ProjectMaster-issue2-20260916/server/src/ws/WsRouterSendPriority.test.ts:1239:33)
    at Test.runInAsyncScope (node:async_hooks:227:14)
    at Test.run (node:internal/test_runner/test:1402:25)
    at Test.processPendingSubtests (node:internal/test_runner/test:974:18)
    at Test.postRun (node:internal/test_runner/test:1542:19)
    at Test.run (node:internal/test_runner/test:1467:12)
    at async Test.processPendingSubtests (node:internal/test_runner/test:974:7)
[WS] Client disconnected: client-fair-callback-rotate
[WS] WebSocket router initialized
[WS] Client disconnected: client-fair-last-lane
[WS] WebSocket router initialized
[WS] Client disconnected: client-fair-exit
[WS] WebSocket router initialized
[WS] Client disconnected: client-fair-queued-exit
[WS] WebSocket router initialized
[WS] Client disconnected: client-fair-queued-unsubscribe
[WS] WebSocket router initialized
[WS] Client disconnected: client-1
[WS] WebSocket router initialized
[WS] Client disconnected: client-1
[WS] WebSocket router initialized
[WS] Client disconnected: client-1
[WS] WebSocket router initialized
[WS] Client disconnected: client-1
[WS] WebSocket router initialized
[WS] Client disconnected: client-1
[WS] WebSocket router initialized
[WS] WebSocket send failed: Error: synchronous candidate send failure
    at Object.a.ws.send (/mnt/c/work/git/_Snoworca/ProjectMaster-issue2-20260916/server/src/ws/WsRouterSendPriority.test.ts:1861:15)
    at WsRouter.sendRawTransportMessage (/mnt/c/work/git/_Snoworca/ProjectMaster-issue2-20260916/server/src/ws/WsRouter.ts:6525:12)
    at WsRouter.sendTransportMessage (/mnt/c/work/git/_Snoworca/ProjectMaster-issue2-20260916/server/src/ws/WsRouter.ts:6330:10)
    at WsRouter.sendTo (/mnt/c/work/git/_Snoworca/ProjectMaster-issue2-20260916/server/src/ws/WsRouter.ts:7001:25)
    at WsRouter.routeSessionOutput (/mnt/c/work/git/_Snoworca/ProjectMaster-issue2-20260916/server/src/ws/WsRouter.ts:5338:12)
    at TestContext.<anonymous> (/mnt/c/work/git/_Snoworca/ProjectMaster-issue2-20260916/server/src/ws/WsRouterSendPriority.test.ts:1866:12)
    at async Test.run (node:internal/test_runner/test:1409:7)
    at async Test.processPendingSubtests (node:internal/test_runner/test:974:7)
[WS] WebSocket send callback failed: Error: candidate callback failure
    at TestContext.<anonymous> (/mnt/c/work/git/_Snoworca/ProjectMaster-issue2-20260916/server/src/ws/WsRouterSendPriority.test.ts:1880:28)
    at async Test.run (node:internal/test_runner/test:1409:7)
    at async Test.processPendingSubtests (node:internal/test_runner/test:974:7)
[WS] Client disconnected: client-b
[WS] Client disconnected: client-a
[WS] Client disconnected: client-c
[WS] WebSocket router initialized
[WS] Client disconnected: client-fence
[WS] WebSocket router initialized
[WS] Client disconnected: client-all-generations
[WS] WebSocket router initialized
[WS] Client disconnected: client-production-grandfather
[WS] WebSocket router initialized
[WS] Client disconnected: client-direct
[WS] WebSocket router initialized
[WS] Client disconnected: client-safe-send-observe
[WS] WebSocket router initialized
[WS] WebSocket send failed: Error: candidate direct synchronous failure
    at Object.socket.ws.send (/mnt/c/work/git/_Snoworca/ProjectMaster-issue2-20260916/server/src/ws/WsRouterSendPriority.test.ts:2085:19)
    at WsRouter.sendRawTransportMessage (/mnt/c/work/git/_Snoworca/ProjectMaster-issue2-20260916/server/src/ws/WsRouter.ts:6525:12)
    at WsRouter.drainTerminalResourcePolicyAdmissionQueue (/mnt/c/work/git/_Snoworca/ProjectMaster-issue2-20260916/server/src/ws/WsRouter.ts:6829:10)
    at WsRouter.admitTerminalResourcePolicyCanaryMessage (/mnt/c/work/git/_Snoworca/ProjectMaster-issue2-20260916/server/src/ws/WsRouter.ts:1565:32)
    at TestContext.<anonymous> (/mnt/c/work/git/_Snoworca/ProjectMaster-issue2-20260916/server/src/ws/WsRouterSendPriority.test.ts:2090:31)
    at Test.runInAsyncScope (node:async_hooks:227:14)
    at Test.run (node:internal/test_runner/test:1402:25)
    at Test.processPendingSubtests (node:internal/test_runner/test:974:18)
    at Test.postRun (node:internal/test_runner/test:1542:19)
    at Test.run (node:internal/test_runner/test:1467:12)
[WS] Client disconnected: client-error-direct
[WS] WebSocket router initialized
[WS] WebSocket send callback failed: Error: candidate observe callback failure
    at TestContext.<anonymous> (/mnt/c/work/git/_Snoworca/ProjectMaster-issue2-20260916/server/src/ws/WsRouterSendPriority.test.ts:2108:37)
    at async Test.run (node:internal/test_runner/test:1409:7)
    at async Test.processPendingSubtests (node:internal/test_runner/test:974:7)
[WS] Client disconnected: client-error-safe-send-observe
[WS] WebSocket router initialized
[WS] WebSocket send failed: Error: candidate enforce synchronous failure
    at Object.socket.ws.send (/mnt/c/work/git/_Snoworca/ProjectMaster-issue2-20260916/server/src/ws/WsRouterSendPriority.test.ts:2162:15)
    at WsRouter.sendRawTransportMessage (/mnt/c/work/git/_Snoworca/ProjectMaster-issue2-20260916/server/src/ws/WsRouter.ts:6525:12)
    at WsRouter.flushTransportQueue (/mnt/c/work/git/_Snoworca/ProjectMaster-issue2-20260916/server/src/ws/WsRouter.ts:6417:10)
    at TestContext.<anonymous> (/mnt/c/work/git/_Snoworca/ProjectMaster-issue2-20260916/server/src/ws/WsRouterSendPriority.test.ts:2167:8)
    at Test.runInAsyncScope (node:async_hooks:227:14)
    at Test.run (node:internal/test_runner/test:1402:25)
    at Test.processPendingSubtests (node:internal/test_runner/test:974:18)
    at Test.postRun (node:internal/test_runner/test:1542:19)
    at Test.run (node:internal/test_runner/test:1467:12)
    at async Test.processPendingSubtests (node:internal/test_runner/test:974:7)
[WS] Client disconnected: client-error-safe-send-enforce
[WS] WebSocket router initialized
[WS] WebSocket send callback failed: Error: candidate callback failure direct
    at TestContext.<anonymous> (/mnt/c/work/git/_Snoworca/ProjectMaster-issue2-20260916/server/src/ws/WsRouterSendPriority.test.ts:2208:35)
    at Test.runInAsyncScope (node:async_hooks:227:14)
    at Test.run (node:internal/test_runner/test:1402:25)
    at Test.processPendingSubtests (node:internal/test_runner/test:974:18)
    at Test.postRun (node:internal/test_runner/test:1542:19)
    at Test.run (node:internal/test_runner/test:1467:12)
    at async Test.processPendingSubtests (node:internal/test_runner/test:974:7)
[WS] Client disconnected: client-auto-resume-direct
[WS] WebSocket router initialized
[WS] WebSocket send callback failed: Error: candidate callback failure safe-send-observe
    at TestContext.<anonymous> (/mnt/c/work/git/_Snoworca/ProjectMaster-issue2-20260916/server/src/ws/WsRouterSendPriority.test.ts:2208:35)
    at async Test.run (node:internal/test_runner/test:1409:7)
    at async Test.processPendingSubtests (node:internal/test_runner/test:974:7)
[WS] Client disconnected: client-auto-resume-safe-send-observe
[WS] WebSocket router initialized
[WS] WebSocket send callback failed: Error: candidate callback failure safe-send-enforce
    at TestContext.<anonymous> (/mnt/c/work/git/_Snoworca/ProjectMaster-issue2-20260916/server/src/ws/WsRouterSendPriority.test.ts:2208:35)
    at async Test.run (node:internal/test_runner/test:1409:7)
    at async Test.processPendingSubtests (node:internal/test_runner/test:974:7)
[WS] Client disconnected: client-auto-resume-safe-send-enforce
[WS] WebSocket router initialized
[WS] WebSocket send callback failed: Error: persistent callback failure direct
    at TestContext.<anonymous> (/mnt/c/work/git/_Snoworca/ProjectMaster-issue2-20260916/server/src/ws/WsRouterSendPriority.test.ts:2253:41)
    at Test.runInAsyncScope (node:async_hooks:227:14)
    at Test.run (node:internal/test_runner/test:1402:25)
    at Test.processPendingSubtests (node:internal/test_runner/test:974:18)
    at Test.postRun (node:internal/test_runner/test:1542:19)
    at Test.run (node:internal/test_runner/test:1467:12)
    at async Test.processPendingSubtests (node:internal/test_runner/test:974:7)
[WS] WebSocket send callback failed: Error: persistent callback failure direct
    at TestContext.<anonymous> (/mnt/c/work/git/_Snoworca/ProjectMaster-issue2-20260916/server/src/ws/WsRouterSendPriority.test.ts:2253:41)
    at Test.runInAsyncScope (node:async_hooks:227:14)
    at Test.run (node:internal/test_runner/test:1402:25)
    at Test.processPendingSubtests (node:internal/test_runner/test:974:18)
    at Test.postRun (node:internal/test_runner/test:1542:19)
    at Test.run (node:internal/test_runner/test:1467:12)
    at async Test.processPendingSubtests (node:internal/test_runner/test:974:7)
[WS] Client disconnected: client-persistent-direct
[WS] WebSocket router initialized
[WS] WebSocket send callback failed: Error: persistent callback failure safe-send-observe
    at TestContext.<anonymous> (/mnt/c/work/git/_Snoworca/ProjectMaster-issue2-20260916/server/src/ws/WsRouterSendPriority.test.ts:2253:41)
    at async Test.run (node:internal/test_runner/test:1409:7)
    at async Test.processPendingSubtests (node:internal/test_runner/test:974:7)
[WS] WebSocket send callback failed: Error: persistent callback failure safe-send-observe
    at TestContext.<anonymous> (/mnt/c/work/git/_Snoworca/ProjectMaster-issue2-20260916/server/src/ws/WsRouterSendPriority.test.ts:2253:41)
    at async Test.run (node:internal/test_runner/test:1409:7)
    at async Test.processPendingSubtests (node:internal/test_runner/test:974:7)
[WS] Client disconnected: client-persistent-safe-send-observe
[WS] WebSocket router initialized
[WS] WebSocket send callback failed: Error: persistent callback failure safe-send-enforce
    at TestContext.<anonymous> (/mnt/c/work/git/_Snoworca/ProjectMaster-issue2-20260916/server/src/ws/WsRouterSendPriority.test.ts:2253:41)
    at async Test.run (node:internal/test_runner/test:1409:7)
    at async Test.processPendingSubtests (node:internal/test_runner/test:974:7)
[WS] WebSocket send callback failed: Error: persistent callback failure safe-send-enforce
    at TestContext.<anonymous> (/mnt/c/work/git/_Snoworca/ProjectMaster-issue2-20260916/server/src/ws/WsRouterSendPriority.test.ts:2253:41)
    at async Test.run (node:internal/test_runner/test:1409:7)
    at async Test.processPendingSubtests (node:internal/test_runner/test:974:7)
[WS] Client disconnected: client-persistent-safe-send-enforce
[WS] WebSocket router initialized
[WS] WebSocket send failed: Error: persistent synchronous enforce failure
    at Object.socket.ws.send (/mnt/c/work/git/_Snoworca/ProjectMaster-issue2-20260916/server/src/ws/WsRouterSendPriority.test.ts:2319:26)
    at WsRouter.sendRawTransportMessage (/mnt/c/work/git/_Snoworca/ProjectMaster-issue2-20260916/server/src/ws/WsRouter.ts:6525:12)
    at WsRouter.flushTransportQueue (/mnt/c/work/git/_Snoworca/ProjectMaster-issue2-20260916/server/src/ws/WsRouter.ts:6417:10)
    at TestContext.<anonymous> (/mnt/c/work/git/_Snoworca/ProjectMaster-issue2-20260916/server/src/ws/WsRouterSendPriority.test.ts:2323:8)
    at Test.runInAsyncScope (node:async_hooks:227:14)
    at Test.run (node:internal/test_runner/test:1402:25)
    at Test.processPendingSubtests (node:internal/test_runner/test:974:18)
    at Test.postRun (node:internal/test_runner/test:1542:19)
    at Test.run (node:internal/test_runner/test:1467:12)
    at async Test.processPendingSubtests (node:internal/test_runner/test:974:7)
[WS] WebSocket send failed: Error: persistent synchronous enforce failure
    at Object.socket.ws.send (/mnt/c/work/git/_Snoworca/ProjectMaster-issue2-20260916/server/src/ws/WsRouterSendPriority.test.ts:2319:26)
    at WsRouter.sendRawTransportMessage (/mnt/c/work/git/_Snoworca/ProjectMaster-issue2-20260916/server/src/ws/WsRouter.ts:6525:12)
    at WsRouter.flushTransportQueue (/mnt/c/work/git/_Snoworca/ProjectMaster-issue2-20260916/server/src/ws/WsRouter.ts:6417:10)
    at <anonymous> (/mnt/c/work/git/_Snoworca/ProjectMaster-issue2-20260916/server/src/ws/WsRouter.ts:6636:14)
    at node:internal/process/task_queues:151:7
    at AsyncResource.runInAsyncScope (node:async_hooks:227:14)
    at AsyncResource.runMicrotask (node:internal/process/task_queues:148:8)
[WS] Client disconnected: client-persistent-sync-enforce
[WS] WebSocket router initialized
[WS] WebSocket send callback failed: Error: rollback boundary callback failure
    at TestContext.<anonymous> (/mnt/c/work/git/_Snoworca/ProjectMaster-issue2-20260916/server/src/ws/WsRouterSendPriority.test.ts:2387:37)
    at Test.runInAsyncScope (node:async_hooks:227:14)
    at Test.run (node:internal/test_runner/test:1402:25)
    at Test.processPendingSubtests (node:internal/test_runner/test:974:18)
    at Test.postRun (node:internal/test_runner/test:1542:19)
    at Test.run (node:internal/test_runner/test:1467:12)
    at async Test.processPendingSubtests (node:internal/test_runner/test:974:7)
[WS] Client disconnected: client-rollback-error-direct
[WS] WebSocket router initialized
[WS] WebSocket send failed: Error: rollback queued synchronous failure
    at Object.socket.ws.send (/mnt/c/work/git/_Snoworca/ProjectMaster-issue2-20260916/server/src/ws/WsRouterSendPriority.test.ts:2406:19)
    at WsRouter.sendRawTransportMessage (/mnt/c/work/git/_Snoworca/ProjectMaster-issue2-20260916/server/src/ws/WsRouter.ts:6525:12)
    at WsRouter.drainTerminalResourcePolicyAdmissionQueue (/mnt/c/work/git/_Snoworca/ProjectMaster-issue2-20260916/server/src/ws/WsRouter.ts:6829:10)
    at onSent (/mnt/c/work/git/_Snoworca/ProjectMaster-issue2-20260916/server/src/ws/WsRouter.ts:6515:16)
    at <anonymous> (/mnt/c/work/git/_Snoworca/ProjectMaster-issue2-20260916/server/src/ws/WsRouterSendPriority.test.ts:56:11)
    at Object.flushNextSendCallback (/mnt/c/work/git/_Snoworca/ProjectMaster-issue2-20260916/server/src/ws/WsRouterSendPriority.test.ts:92:7)
    at TestContext.<anonymous> (/mnt/c/work/git/_Snoworca/ProjectMaster-issue2-20260916/server/src/ws/WsRouterSendPriority.test.ts:2410:16)
    at async Test.run (node:internal/test_runner/test:1409:7)
    at async Test.processPendingSubtests (node:internal/test_runner/test:974:7)
[WS] Client disconnected: client-rollback-error-safe-send-observe
[WS] WebSocket router initialized
[WS] WebSocket send callback failed: Error: rollback boundary enforce callback failure
    at TestContext.<anonymous> (/mnt/c/work/git/_Snoworca/ProjectMaster-issue2-20260916/server/src/ws/WsRouterSendPriority.test.ts:2452:33)
    at Test.runInAsyncScope (node:async_hooks:227:14)
    at Test.run (node:internal/test_runner/test:1402:25)
    at Test.processPendingSubtests (node:internal/test_runner/test:974:18)
    at Test.postRun (node:internal/test_runner/test:1542:19)
    at Test.run (node:internal/test_runner/test:1467:12)
    at async Test.processPendingSubtests (node:internal/test_runner/test:974:7)
[WS] Client disconnected: client-rollback-error-safe-send-enforce
[WS] WebSocket router initialized
[WS] Client disconnected: client-overflow
[WS] WebSocket router initialized
[WS] Client disconnected: client-overflow-direct
[WS] WebSocket router initialized
[WS] Client disconnected: client-overflow-safe-send-observe
[WS] WebSocket router initialized
[WS] Client disconnected: cleanup-0
[WS] Client disconnected: cleanup-1
[WS] Client disconnected: cleanup-2
[WS] Client disconnected: cleanup-3
[WS] Client disconnected: cleanup-4
[WS] Client disconnected: cleanup-5
[WS] Client disconnected: cleanup-6
[WS] Client disconnected: cleanup-7
[WS] Client disconnected: cleanup-8
[WS] Client disconnected: cleanup-9
[WS] Client disconnected: cleanup-10
[WS] Client disconnected: cleanup-11
[WS] Client disconnected: cleanup-12
[WS] Client disconnected: cleanup-13
[WS] Client disconnected: cleanup-14
[WS] Client disconnected: cleanup-15
[WS] Client disconnected: cleanup-16
[WS] Client disconnected: cleanup-17
[WS] Client disconnected: cleanup-18
[WS] Client disconnected: cleanup-19
[WS] Client disconnected: cleanup-20
[WS] Client disconnected: cleanup-21
[WS] Client disconnected: cleanup-22
[WS] Client disconnected: cleanup-23
[WS] Client disconnected: cleanup-24
[WS] Client disconnected: cleanup-25
[WS] Client disconnected: cleanup-26
[WS] Client disconnected: cleanup-27
[WS] Client disconnected: cleanup-28
[WS] Client disconnected: cleanup-29
[WS] Client disconnected: cleanup-30
[WS] Client disconnected: cleanup-31
[WS] Client disconnected: cleanup-32
[WS] Client disconnected: cleanup-33
[WS] Client disconnected: cleanup-34
[WS] Client disconnected: cleanup-35
[WS] Client disconnected: cleanup-36
[WS] Client disconnected: cleanup-37
[WS] Client disconnected: cleanup-38
[WS] Client disconnected: cleanup-39
[WS] Client disconnected: cleanup-40
[WS] Client disconnected: cleanup-41
[WS] Client disconnected: cleanup-42
[WS] Client disconnected: cleanup-43
[WS] Client disconnected: cleanup-44
[WS] Client disconnected: cleanup-45
[WS] Client disconnected: cleanup-46
[WS] Client disconnected: cleanup-47
[WS] Client disconnected: cleanup-48
[WS] Client disconnected: cleanup-49
[WS] Client disconnected: cleanup-50
[WS] Client disconnected: cleanup-51
[WS] Client disconnected: cleanup-52
[WS] Client disconnected: cleanup-53
[WS] Client disconnected: cleanup-54
[WS] Client disconnected: cleanup-55
[WS] Client disconnected: cleanup-56
[WS] Client disconnected: cleanup-57
[WS] Client disconnected: cleanup-58
[WS] Client disconnected: cleanup-59
[WS] Client disconnected: cleanup-60
[WS] Client disconnected: cleanup-61
[WS] Client disconnected: cleanup-62
[WS] Client disconnected: cleanup-63
[WS] Client disconnected: cleanup-64
[WS] Client disconnected: cleanup-65
[WS] Client disconnected: cleanup-66
[WS] Client disconnected: cleanup-67
[WS] Client disconnected: cleanup-68
[WS] Client disconnected: cleanup-69
[WS] WebSocket router initialized
[WS] Client disconnected: client-1
✔ PERF-BGSTAB-011 carries reserved source identity through fair delivery to two clients and a recreated lane (5.943412ms)
✔ P4a PERF-BGSTAB-011 stale-output-pair preserves legacy rejection identity (2868.957116ms)
✔ P4a PERF-BGSTAB-011 stale-output-pair preserves explicit-legacy rejection identity (2590.824127ms)
✔ P4a PERF-BGSTAB-011 stale-output-pair preserves source rejection identity (2744.686264ms)
✔ P4a PERF-BGSTAB-011 inactive-capability preserves legacy rejection identity (0.449249ms)
✔ P4a PERF-BGSTAB-011 inactive-capability preserves explicit-legacy rejection identity (0.356182ms)
✔ P4a PERF-BGSTAB-011 inactive-capability preserves source rejection identity (0.364126ms)
✔ P4a PERF-BGSTAB-011 stale-connection-epoch preserves legacy rejection identity (2771.510045ms)
✔ P4a PERF-BGSTAB-011 stale-connection-epoch preserves explicit-legacy rejection identity (1175.193543ms)
✔ P4a PERF-BGSTAB-011 stale-connection-epoch preserves source rejection identity (2283.098149ms)
✔ P4a PERF-BGSTAB-011 ACK_OVER_ACK preserves legacy rejection identity (2244.434904ms)
✔ P4a PERF-BGSTAB-011 ACK_OVER_ACK preserves explicit-legacy rejection identity (2485.924176ms)
✔ P4a PERF-BGSTAB-011 ACK_OVER_ACK preserves source rejection identity (4347.899621ms)
✔ P4a PERF-BGSTAB-011 malformed ACK_DOMAIN_CONFLICT warns without dispatch or credit (4786.910846ms)
✔ P4a PERF-BGSTAB-011 malformed ACK_DOMAIN_MISSING warns without dispatch or credit (3740.530308ms)
✔ P4a PERF-BGSTAB-011 malformed ACK_DOMAIN_INVALID warns without dispatch or credit (2477.901525ms)
✔ P4a PERF-BGSTAB-011 actual source ACK handler settles exact body bytes and duplicate zero (2399.208351ms)
✔ FRR ack-timeout snapshot-ready preserves two normal outputs on the last lane (2336.456614ms)
✔ FRR ack-timeout snapshot-ready preserves two normal outputs with an active peer (2398.368276ms)
✔ FRR queue-overflow snapshot-ready preserves two normal outputs on the last lane (2307.939945ms)
✔ FRR queue-overflow snapshot-ready preserves two normal outputs with an active peer (2311.838032ms)
✔ FRR repeated actual maintenance fallback produces only one recovery transaction (2349.396625ms)
✔ FRR stale affected ACKs after recovery return zero credit and preserve the peer (2286.8966ms)
✔ FRR post-fallback unsubscribe prevents new output through real router lifecycle entrypoints (2273.248076ms)
✔ FRR post-fallback session-termination prevents new output through real router lifecycle entrypoints (2279.253105ms)
✔ FRR post-fallback disconnect prevents new output through real router lifecycle entrypoints (2217.926248ms)
✔ FRR hidden-view request after actual timeout recovery preserves compatibility on the last lane (2324.738763ms)
✔ FRR hidden-view request after actual timeout recovery preserves compatibility with a peer (2510.081175ms)
✔ PERF-BGSTAB-010 runtime candidate delivery uses a server ledger and control-only cumulative ACK (2447.63799ms)
✔ PERF-BGSTAB-010 AC-6 unknown-lane ACK keeps an active fair ledger credit unchanged (2360.835547ms)
✔ PERF-BGSTAB-010 refuses fair delivery when the browser cannot recover hidden dropped output (0.454997ms)
✔ PERF-BGSTAB-010 candidate transport callback failure releases its failed delivery ledger (2289.169438ms)
✔ PERF-BGSTAB-010 invalid or inactive delivery ACKs emit an observable protocol rejection (0.334944ms)
✔ PERF-BGSTAB-010 runtime maintenance replaces an expired delivery with an authoritative screen-repair snapshot (2264.265874ms)
✔ PERF-BGSTAB-010 capability withdrawal releases every fair ledger and its maintenance timer (2689.632085ms)
✔ PERF-BGSTAB-010 hidden-continuity capability downgrade releases the active fair ledger (2426.095795ms)
✔ PERF-BGSTAB-010 artifact rejection on capability re-admission releases the active fair ledger (2379.941654ms)
✔ PERF-BGSTAB-010 capability re-enable rotates the delivery epoch and rejects delayed old ACKs (4575.102255ms)
✔ PERF-BGSTAB-010 delayed old-epoch transport callback cannot settle a re-enabled scheduler (4509.833431ms)
✔ PERF-BGSTAB-010 last terminated fair lane releases the maintenance timer without disturbing another session (2228.140497ms)
✔ PERF-BGSTAB-010 session termination releases the fair delivery ledger exactly once (2331.234332ms)
✔ PERF-BGSTAB-010 session termination removes queued fair delivery wire frames before transport drain (2278.925468ms)
✔ PERF-BGSTAB-010 unsubscribe removes queued fair delivery and releases the final lane (2279.068627ms)
✔ safe-send drains independent control before queued output backlog (0.583403ms)
✔ safe-send queues output when projected buffered amount crosses high-water (0.448998ms)
✔ safe-send closes when projected buffered amount crosses hard limit (0.444335ms)
✔ safe-send preserves output queued while a previous output send is in flight (0.358486ms)
✔ REL-BGSTAB-010 AC-6 RED — policy rollback does not direct-flush queued output past an in-flight callback (0.544681ms)
✔ REL-BGSTAB-010 AC-6 RED — target rollback isolates client B and drains client A callback-by-callback (10.691928ms)
✔ REL-BGSTAB-010 WS rollback blocks fresh activation until the old callback fence closes (0.791286ms)
✔ REL-BGSTAB-010 WS rollback fences every pre-boundary generation before closing (0.56572ms)
✔ REL-BGSTAB-010 production route grandfathers preserved backlog above a smaller candidate cap (0.494273ms)
✔ REL-BGSTAB-010 explicit admission flushes in direct and observe modes without a permanent queue (0.630248ms)
✔ REL-BGSTAB-010 direct and observe candidate send failures settle to legacy without forced reconnect (1.359901ms)
✔ REL-BGSTAB-010 enforce candidate synchronous failure settles only the canary target (0.655058ms)
✔ REL-BGSTAB-010 candidate callback failure automatically resumes the preserved queue in every mode (1.686105ms)
✔ REL-BGSTAB-010 persistent candidate callback failure holds the complete boundary without a retry loop (2.240187ms)
✔ REL-BGSTAB-010 persistent candidate synchronous failure holds the complete boundary without a retry loop (1.149678ms)
✔ REL-BGSTAB-010 rollback-boundary send failures preserve queued transport in direct and observe modes (1.211461ms)
✔ REL-BGSTAB-010 enforce rollback callback failure preserves the remaining pre-boundary queue (0.762125ms)
✔ REL-BGSTAB-010 legacy overflow records rejection before bounded target close cleanup (0.410445ms)
✔ REL-BGSTAB-010 direct and observe admission overflow fences only the target without reconnect (0.579746ms)
✔ REL-BGSTAB-010 disconnect cleanup uses measured registries and bounds retained ledgers (2.661301ms)
✔ safe-send preserves same-session lifecycle ordering behind queued output (0.292463ms)
[WS] WebSocket router initialized
[WS] Client disconnected: hidden-visibility-client
[WS] WebSocket router initialized
[WS] Client disconnected: rel012-authoritative-hidden-client
[WS] Client disconnected: rel012-peer-interest-client
[WS] WebSocket router initialized
[WS] Client disconnected: rel012-revoked-interest-client
[WS] WebSocket router initialized
[WS] Client disconnected: rel012-issued-continuity-client
✔ PERF-BGSTAB-010 atomic authority promotion preserves current identity (2146.764153ms)
✔ REL-BGSTAB-012 rejects stale visibility and latches ordered dataGap (2272.706323ms)
✔ REL-BGSTAB-012 latches one ordered dataGap after authoritative hidden delivery (2264.181343ms)
✔ REL-BGSTAB-012 settles revoked delivery interest exactly once without pausing producer (2341.666398ms)
✔ REL-BGSTAB-012 binds dataGap to issued continuity and current hidden view (2258.118173ms)
✔ server RED — normal identified output coalesces while preserving source segment boundaries (1.728594ms)
✔ server RED — three identity-less output frames remain coalescible (0.187045ms)
✔ PERF-BGSTAB-010 ACK-identified delivery frames never coalesce away their ledger identity (0.213199ms)
✔ server RED — split surrogate chunks never produce invalid UTF-8 source offsets (0.138329ms)
✔ PERF-BGSTAB-011 source transport sidecars preserve canonical uint64 boundaries (0.215813ms)
✔ PERF-BGSTAB-011 source sidecar rejects noncanonical and overflowing ordinals (0.194012ms)
✔ PERF-BGSTAB-011 canonical sourceSeq survives an invalid or absent streamEpoch sidecar (0.23485ms)
✔ PERF-BGSTAB-011 canonical streamEpoch survives an invalid or absent sourceSeq sidecar (0.149488ms)
ℹ tests 106
ℹ suites 0
ℹ pass 105
ℹ fail 1
ℹ cancelled 0
ℹ skipped 0
ℹ todo 0
ℹ duration_ms 110702.440953

✖ failing tests:

test at src/services/TerminalResourcePolicyCanary.test.ts:1:28323
✖ PERF-BGSTAB-010 gated real-session PTY chain settles within the fixture bound after overflow cleanup (1771.863223ms)
  AssertionError [ERR_ASSERTION]: same-path watcher probe must observe a fixture CWD file update before cleanup
      at waitForFixtureCondition (/mnt/c/work/git/_Snoworca/ProjectMaster-issue2-20260916/server/src/services/TerminalResourcePolicyCanary.test.ts:803:10)
      at async Object.assertObserved (/mnt/c/work/git/_Snoworca/ProjectMaster-issue2-20260916/server/src/services/TerminalResourcePolicyCanary.test.ts:818:7)
      at async <anonymous> (/mnt/c/work/git/_Snoworca/ProjectMaster-issue2-20260916/server/src/services/TerminalResourcePolicyCanary.test.ts:1312:5)
      at async runGatedRealSessionFixtureTest (/mnt/c/work/git/_Snoworca/ProjectMaster-issue2-20260916/server/src/services/TerminalResourcePolicyCanary.test.ts:1060:5)
      at async TestContext.<anonymous> (/mnt/c/work/git/_Snoworca/ProjectMaster-issue2-20260916/server/src/services/TerminalResourcePolicyCanary.test.ts:1306:3)
      at async Test.run (node:internal/test_runner/test:1409:7)
      at async Test.processPendingSubtests (node:internal/test_runner/test:974:7) {
    generatedMessage: false,
    code: 'ERR_ASSERTION',
    actual: false,
    expected: true,
    operator: '==',
    diff: 'simple'
  }



1 !== 0

    at runCommand (file:///mnt/c/work/git/_Snoworca/ProjectMaster-issue2-20260916/tools/wave3/canary-admission-evidence.test.mjs:296:10)
    at file:///mnt/c/work/git/_Snoworca/ProjectMaster-issue2-20260916/tools/wave3/canary-admission-evidence.test.mjs:729:19
    at ModuleJob.run (node:internal/modules/esm/module_job:561:25)
    at async node:internal/modules/esm/loader:647:26
    at async asyncRunEntryPointWithESMLoader (node:internal/modules/run_main:101:5) {
  generatedMessage: false,
  code: 'ERR_ASSERTION',
  actual: 1,
  expected: 0,
  operator: 'strictEqual',
  diff: 'simple'
}

Node.js v24.21.0
