✔ NO_RENDER paired benchmark RED 계약 — AC-8 (3488.485877ms)
✔ NO_RENDER paired benchmark RED 계약 — AC-10 (3857.249916ms)
✔ NO_RENDER paired benchmark RED 계약 — AC-9 (5119.099674ms)
✔ getOutputUtf8ByteLength reports byte length for a byte view without stringifying (1.111655ms)
✔ boundary control — getOutputUtf8ByteLength still measures UTF-8 length for text (0.180397ms)
✔ the ingress retry queue accounts a deferred byte view by its byte length (0.519436ms)
✔ boundary control — the retry queue still accounts text by UTF-8 length (0.190462ms)
✔ boundary control — mixed text and byte deferrals accumulate on one scale (0.197686ms)
✔ the retry queue hands bytes to attempt unchanged (0.882459ms)
✔ boundary control — a busy queue holds the deferral instead of attempting it (0.18437ms)
✔ terminal output scheduler writes queued output within the flush budget (4.583333ms)
✔ terminal output scheduler does not split multibyte code points (0.59305ms)
✔ terminal output scheduler preserves callback ordering after full chunk writes (1.608898ms)
✔ terminal output scheduler reports overflow instead of accumulating unbounded output (0.757993ms)
✔ terminal output scheduler overflow includes already queued bytes in dropped count (1.172728ms)
✔ terminal output scheduler reset cancels queued callbacks (0.398094ms)
✔ terminal output scheduler can update queue limits without recreating the instance (0.394934ms)
✔ REL-BGSTAB-010 AC-3 RED — explicit canary transition preserves below/at/above-cap retained FIFO (1.939161ms)
✔ REL-BGSTAB-010 frontend canary rejects stale and duplicate policy generations state-preservingly (0.40141ms)
✔ REL-BGSTAB-010 frontend canary fallback preserves retained FIFO and uses a separate new-admission budget (0.430882ms)
✔ REL-BGSTAB-010 frontend canary rollback fences admissions and closes at the pre-boundary FIFO (0.475927ms)
✔ REL-BGSTAB-010 frontend canary ledger is bounded immutable and records exact transition decisions (0.781447ms)
✔ REL-BGSTAB-010 production scheduler wires an inactive runtime and supports future stable injection (6.856305ms)
✔ REL-BGSTAB-010 rejected compaction does not leave a rollback sequence hole (0.470514ms)
✔ REL-BGSTAB-010 compaction preserves the rollback pre-boundary completion (0.452683ms)
✔ REL-BGSTAB-010 rollback ledger records the actual fallback decision through closure (0.277071ms)
✔ REL-BGSTAB-010 production binding uses real connection identity and the same selected-profile path (8.620671ms)
✔ REL-BGSTAB-010 selected profiles bind approved decisions and fail closed on ambiguity (0.194069ms)
✔ REL-BGSTAB-010 reset and repair explicitly abort active and draining canaries (0.200727ms)
✔ REL-BGSTAB-010 fallback gives grandfathered backlog a separate new-admission budget (4.135152ms)
✔ REL-BGSTAB-010 production component tree carries the zero or injected selection coordinator to TerminalView (8.868615ms)
✔ REL-BGSTAB-010 duplicate rollback is idempotent and cannot move the drain boundary (0.345578ms)
✔ REL-BGSTAB-010 bounded ingress retry queue drains two fenced outputs with one FIFO barrier (0.440225ms)
✔ REL-BGSTAB-010 oversized or saturated canary ingress settles to bounded target-local legacy without recovery (4.552852ms)
✔ REL-BGSTAB-010 legacy handoff bounds active plus 2L+1/N+2 burst without false written settlement (0.323513ms)
✔ REL-BGSTAB-010 legacy retry during rollback preserves boundary through rollback-closed (0.401409ms)
✔ REL-BGSTAB-010 restore-buffer flush retains ownership until write or observable rejection settlement (4.8211ms)
✔ REL-BGSTAB-010 restore-buffer ownership helper commits once and fails closed on identity mismatch (0.257773ms)
✔ REL-BGSTAB-010 restore-buffer helper waits for actual legacy callback and rejects contradictory sync admission (0.249983ms)
✔ REL-BGSTAB-010 restore attempt identity fences a superseded identical-string callback (0.134567ms)
✔ REL-BGSTAB-010 restore release is single-flight per attempt and supersedes exactly once (0.188499ms)
✔ REL-BGSTAB-010 authoritative coverage proves sequence, replay token, and failed-attempt ownership (0.316489ms)
✔ REL-BGSTAB-010 stable server authority covers tokenless normal live output across replacement connections (0.373818ms)
✔ REL-BGSTAB-010 authoritative coverage rollback restores exact ownership after partial drain (0.260613ms)
✔ REL-BGSTAB-010 rollback provenance allows a fresh checkpoint to complete and ACK (0.334309ms)
✔ REL-BGSTAB-010 delayed same-data restore A cannot release or drain restore B (0.254978ms)
✔ terminal output scheduler reset fences a queued animation-frame callback before remount (0.141326ms)
✔ terminal output scheduler yields a flush turn while browser input is pending (0.166725ms)
✔ terminal output scheduler still makes progress when browser input stays pending (0.193695ms)
✔ terminal output scheduler drains multiple chunks in one frame until the frame time budget is reached (0.214784ms)
✔ terminal output scheduler yields the current frame when input becomes pending during a multi-chunk drain (0.20566ms)
✔ terminal output scheduler exposes a default frame time budget in the 6-8ms range (0.160761ms)
✔ terminal output scheduler retires a lost in-flight write only after FIFO proof (0.339944ms)
✔ terminal output FIFO proof never retires a newer active write (0.173063ms)
✔ PERF-BGSTAB-008 AC-1 RED contract (241.799958ms)
✔ PERF-BGSTAB-008 AC-2 RED contract (0.518012ms)
✔ PERF-BGSTAB-008 AC-1 GREEN contract (0.414981ms)
✔ PERF-BGSTAB-008 AC-2 GREEN contract (1.818293ms)
✔ UTF-8 segmented queue RED 계약 — AC-1 (0.214911ms)
✔ UTF-8 segmented queue RED 계약 — AC-2 (125.785006ms)
✔ UTF-8 segmented queue RED 계약 — AC-3 (0.278532ms)
✔ UTF-8 segmented queue RED 계약 — AC-4 (0.406149ms)
✔ UTF-8 segmented queue RED 계약 — AC-5 (0.158451ms)
✔ UTF-8 segmented queue RED 계약 — AC-6 (0.12833ms)
✔ UTF-8 segmented queue RED 계약 — AC-7 (0.101724ms)
✔ UTF-8 segmented queue RED 계약 — AC-10 (0.174315ms)
✔ FIFO completion barrier is attached to the current boundary, not later output (0.231862ms)
✔ chunk compaction never moves a FIFO barrier behind later output (0.272326ms)
✔ chunk compaction tracks callback byte offsets even at a one-chunk limit (0.108474ms)
✔ PERF-BGSTAB-010 rejects delivery acknowledgement callbacks when the terminal writer rejects a chunk (0.149939ms)
✔ enqueue rejects byte input instead of stringifying it (2.565326ms)
✔ enqueueLegacy rejects byte input instead of stringifying it (0.249672ms)
✔ enqueueBytes writes bytes verbatim without invoking the encoder (1.426372ms)
✔ boundary control — the same bytes as a string are accepted and encoded exactly once (0.223204ms)
✔ boundary control — enqueueBytes treats an empty view as empty, not as a zero-length write (0.207011ms)
✔ enqueueBytesLegacy writes bytes verbatim without invoking the encoder (0.314289ms)
✔ boundary control — enqueueLegacy(string) still routes through the encoder exactly once (0.198471ms)
✔ boundary control — enqueueBytes still reports overflow through the existing decision shape (0.184854ms)
✔ Arm C assertion 1 — every live-path write slice starts on a codepoint boundary (14.376541ms)
✔ Arm C assertion 2 (boundary control) — the alignment check rejects a misaligned partition (0.172753ms)
✔ Arm C assertion 3 (boundary control) — an aligned partition of the same bytes passes (0.180159ms)
ℹ tests 81
ℹ suites 0
ℹ pass 81
ℹ fail 0
ℹ cancelled 0
ℹ skipped 0
ℹ todo 0
ℹ duration_ms 7800.999844
