✔ getOutputUtf8ByteLength reports byte length for a byte view without stringifying (0.646191ms)
✔ boundary control — getOutputUtf8ByteLength still measures UTF-8 length for text (0.113918ms)
✔ the ingress retry queue accounts a deferred byte view by its byte length (0.316851ms)
✔ boundary control — the retry queue still accounts text by UTF-8 length (0.131934ms)
✔ boundary control — mixed text and byte deferrals accumulate on one scale (0.122106ms)
✔ the retry queue hands bytes to attempt unchanged (0.628347ms)
✔ boundary control — a busy queue holds the deferral instead of attempting it (0.156415ms)
✔ terminal output scheduler writes queued output within the flush budget (3.105151ms)
✔ terminal output scheduler does not split multibyte code points (0.304706ms)
✔ terminal output scheduler preserves callback ordering after full chunk writes (0.35474ms)
✔ terminal output scheduler reports overflow instead of accumulating unbounded output (0.173782ms)
✔ terminal output scheduler overflow includes already queued bytes in dropped count (0.316563ms)
✔ terminal output scheduler reset cancels queued callbacks (0.240064ms)
✔ terminal output scheduler can update queue limits without recreating the instance (0.316481ms)
✔ REL-BGSTAB-010 AC-3 RED — explicit canary transition preserves below/at/above-cap retained FIFO (1.652559ms)
✔ REL-BGSTAB-010 frontend canary rejects stale and duplicate policy generations state-preservingly (0.389626ms)
✔ REL-BGSTAB-010 frontend canary fallback preserves retained FIFO and uses a separate new-admission budget (0.381015ms)
✔ REL-BGSTAB-010 frontend canary rollback fences admissions and closes at the pre-boundary FIFO (0.548989ms)
✔ REL-BGSTAB-010 frontend canary ledger is bounded immutable and records exact transition decisions (0.605813ms)
✔ REL-BGSTAB-010 production scheduler wires an inactive runtime and supports future stable injection (5.14318ms)
✔ REL-BGSTAB-010 rejected compaction does not leave a rollback sequence hole (0.341846ms)
✔ REL-BGSTAB-010 compaction preserves the rollback pre-boundary completion (0.420518ms)
✔ REL-BGSTAB-010 rollback ledger records the actual fallback decision through closure (0.256845ms)
✔ REL-BGSTAB-010 production binding uses real connection identity and the same selected-profile path (7.874709ms)
✔ REL-BGSTAB-010 selected profiles bind approved decisions and fail closed on ambiguity (0.188506ms)
✔ REL-BGSTAB-010 reset and repair explicitly abort active and draining canaries (0.191355ms)
✔ REL-BGSTAB-010 fallback gives grandfathered backlog a separate new-admission budget (4.15319ms)
✔ REL-BGSTAB-010 production component tree carries the zero or injected selection coordinator to TerminalView (8.897718ms)
✔ REL-BGSTAB-010 duplicate rollback is idempotent and cannot move the drain boundary (0.387435ms)
✔ REL-BGSTAB-010 bounded ingress retry queue drains two fenced outputs with one FIFO barrier (0.491967ms)
✔ REL-BGSTAB-010 oversized or saturated canary ingress settles to bounded target-local legacy without recovery (4.995555ms)
✔ REL-BGSTAB-010 legacy handoff bounds active plus 2L+1/N+2 burst without false written settlement (0.386966ms)
✔ REL-BGSTAB-010 legacy retry during rollback preserves boundary through rollback-closed (0.437668ms)
✔ REL-BGSTAB-010 restore-buffer flush retains ownership until write or observable rejection settlement (5.161754ms)
✔ REL-BGSTAB-010 restore-buffer ownership helper commits once and fails closed on identity mismatch (0.391637ms)
✔ REL-BGSTAB-010 restore-buffer helper waits for actual legacy callback and rejects contradictory sync admission (0.252814ms)
✔ REL-BGSTAB-010 restore attempt identity fences a superseded identical-string callback (0.134135ms)
✔ REL-BGSTAB-010 restore release is single-flight per attempt and supersedes exactly once (0.195683ms)
✔ REL-BGSTAB-010 authoritative coverage proves sequence, replay token, and failed-attempt ownership (0.463409ms)
✔ REL-BGSTAB-010 stable server authority covers tokenless normal live output across replacement connections (0.278601ms)
✔ REL-BGSTAB-010 authoritative coverage rollback restores exact ownership after partial drain (0.175305ms)
✔ REL-BGSTAB-010 rollback provenance allows a fresh checkpoint to complete and ACK (0.252543ms)
✔ REL-BGSTAB-010 delayed same-data restore A cannot release or drain restore B (0.227395ms)
✔ terminal output scheduler reset fences a queued animation-frame callback before remount (0.119617ms)
✔ terminal output scheduler yields a flush turn while browser input is pending (0.151645ms)
✔ terminal output scheduler still makes progress when browser input stays pending (0.156009ms)
✔ terminal output scheduler drains multiple chunks in one frame until the frame time budget is reached (0.183988ms)
✔ terminal output scheduler yields the current frame when input becomes pending during a multi-chunk drain (0.187856ms)
✔ terminal output scheduler exposes a default frame time budget in the 6-8ms range (0.112693ms)
✔ terminal output scheduler retires a lost in-flight write only after FIFO proof (0.354208ms)
✔ terminal output FIFO proof never retires a newer active write (0.174368ms)
✔ PERF-BGSTAB-008 AC-1 RED contract (226.726534ms)
✔ PERF-BGSTAB-008 AC-2 RED contract (0.40536ms)
✔ PERF-BGSTAB-008 AC-1 GREEN contract (0.350655ms)
✔ PERF-BGSTAB-008 AC-2 GREEN contract (1.33494ms)
✔ UTF-8 segmented queue RED 계약 — AC-1 (0.155144ms)
✔ UTF-8 segmented queue RED 계약 — AC-2 (120.688695ms)
✔ UTF-8 segmented queue RED 계약 — AC-3 (0.398661ms)
✔ UTF-8 segmented queue RED 계약 — AC-4 (0.376984ms)
✔ UTF-8 segmented queue RED 계약 — AC-5 (0.163583ms)
✔ UTF-8 segmented queue RED 계약 — AC-6 (0.151744ms)
✔ UTF-8 segmented queue RED 계약 — AC-7 (0.115434ms)
✔ UTF-8 segmented queue RED 계약 — AC-10 (0.176937ms)
✔ FIFO completion barrier is attached to the current boundary, not later output (0.210165ms)
✔ chunk compaction never moves a FIFO barrier behind later output (0.193203ms)
✔ chunk compaction tracks callback byte offsets even at a one-chunk limit (0.098202ms)
✔ PERF-BGSTAB-010 rejects delivery acknowledgement callbacks when the terminal writer rejects a chunk (0.139184ms)
✔ enqueue rejects byte input instead of stringifying it (2.353075ms)
✔ enqueueLegacy rejects byte input instead of stringifying it (0.256023ms)
✔ enqueueBytes writes bytes verbatim without invoking the encoder (1.805231ms)
✔ boundary control — the same bytes as a string are accepted and encoded exactly once (0.236773ms)
✔ boundary control — enqueueBytes treats an empty view as empty, not as a zero-length write (0.20635ms)
✔ enqueueBytesLegacy writes bytes verbatim without invoking the encoder (0.357255ms)
✔ boundary control — enqueueLegacy(string) still routes through the encoder exactly once (0.222355ms)
✔ boundary control — enqueueBytes still reports overflow through the existing decision shape (0.169597ms)
✔ Arm C assertion 1 — every live-path write slice starts on a codepoint boundary (12.40863ms)
✔ Arm C assertion 2 (boundary control) — the alignment check rejects a misaligned partition (0.200336ms)
✔ Arm C assertion 3 (boundary control) — an aligned partition of the same bytes passes (0.115244ms)
ℹ tests 78
ℹ suites 0
ℹ pass 78
ℹ fail 0
ℹ cancelled 0
ℹ skipped 0
ℹ todo 0
ℹ duration_ms 569.997373
