✔ NO_RENDER paired benchmark RED 계약 — AC-8 (2792.717098ms)
✔ NO_RENDER paired benchmark RED 계약 — AC-10 (2695.207853ms)
✔ NO_RENDER paired benchmark RED 계약 — AC-9 (3867.921816ms)
✔ getOutputUtf8ByteLength reports byte length for a byte view without stringifying (0.895876ms)
✔ boundary control — getOutputUtf8ByteLength still measures UTF-8 length for text (0.206575ms)
✔ the ingress retry queue accounts a deferred byte view by its byte length (0.441671ms)
✔ boundary control — the retry queue still accounts text by UTF-8 length (0.178497ms)
✔ boundary control — mixed text and byte deferrals accumulate on one scale (0.162077ms)
✔ the retry queue hands bytes to attempt unchanged (0.975281ms)
✔ boundary control — a busy queue holds the deferral instead of attempting it (0.202482ms)
✔ terminal output scheduler writes queued output within the flush budget (5.236097ms)
✔ terminal output scheduler does not split multibyte code points (0.523156ms)
✔ terminal output scheduler preserves callback ordering after full chunk writes (0.486314ms)
✔ terminal output scheduler reports overflow instead of accumulating unbounded output (0.18342ms)
✔ terminal output scheduler overflow includes already queued bytes in dropped count (0.239279ms)
✔ terminal output scheduler reset cancels queued callbacks (0.251795ms)
✔ terminal output scheduler can update queue limits without recreating the instance (0.415675ms)
✔ REL-BGSTAB-010 AC-3 RED — explicit canary transition preserves below/at/above-cap retained FIFO (2.2672ms)
✔ REL-BGSTAB-010 frontend canary rejects stale and duplicate policy generations state-preservingly (0.384676ms)
✔ REL-BGSTAB-010 frontend canary fallback preserves retained FIFO and uses a separate new-admission budget (0.420617ms)
✔ REL-BGSTAB-010 frontend canary rollback fences admissions and closes at the pre-boundary FIFO (0.598014ms)
✔ REL-BGSTAB-010 frontend canary ledger is bounded immutable and records exact transition decisions (0.614461ms)
✔ REL-BGSTAB-010 production scheduler wires an inactive runtime and supports future stable injection (8.80171ms)
✔ REL-BGSTAB-010 rejected compaction does not leave a rollback sequence hole (0.356777ms)
✔ REL-BGSTAB-010 compaction preserves the rollback pre-boundary completion (0.449372ms)
✔ REL-BGSTAB-010 rollback ledger records the actual fallback decision through closure (0.604505ms)
✔ REL-BGSTAB-010 production binding uses real connection identity and the same selected-profile path (11.706292ms)
✔ REL-BGSTAB-010 selected profiles bind approved decisions and fail closed on ambiguity (0.286581ms)
✔ REL-BGSTAB-010 reset and repair explicitly abort active and draining canaries (0.350123ms)
✔ REL-BGSTAB-010 fallback gives grandfathered backlog a separate new-admission budget (5.359665ms)
✔ REL-BGSTAB-010 production component tree carries the zero or injected selection coordinator to TerminalView (10.790299ms)
✔ REL-BGSTAB-010 duplicate rollback is idempotent and cannot move the drain boundary (0.407029ms)
✔ REL-BGSTAB-010 bounded ingress retry queue drains two fenced outputs with one FIFO barrier (0.484717ms)
✔ REL-BGSTAB-010 oversized or saturated canary ingress settles to bounded target-local legacy without recovery (6.079233ms)
✔ REL-BGSTAB-010 legacy handoff bounds active plus 2L+1/N+2 burst without false written settlement (0.403386ms)
✔ REL-BGSTAB-010 legacy retry during rollback preserves boundary through rollback-closed (0.53321ms)
✔ REL-BGSTAB-010 restore-buffer flush retains ownership until write or observable rejection settlement (5.571838ms)
✔ REL-BGSTAB-010 restore-buffer ownership helper commits once and fails closed on identity mismatch (0.371078ms)
✔ REL-BGSTAB-010 restore-buffer helper waits for actual legacy callback and rejects contradictory sync admission (0.250587ms)
✔ REL-BGSTAB-010 restore attempt identity fences a superseded identical-string callback (0.241182ms)
✔ REL-BGSTAB-010 restore release is single-flight per attempt and supersedes exactly once (0.216548ms)
✔ REL-BGSTAB-010 authoritative coverage proves sequence, replay token, and failed-attempt ownership (0.361512ms)
✔ REL-BGSTAB-010 stable server authority covers tokenless normal live output across replacement connections (0.279584ms)
✔ REL-BGSTAB-010 authoritative coverage rollback restores exact ownership after partial drain (0.217197ms)
✔ REL-BGSTAB-010 rollback provenance allows a fresh checkpoint to complete and ACK (0.267448ms)
✔ REL-BGSTAB-010 delayed same-data restore A cannot release or drain restore B (0.263436ms)
✔ terminal output scheduler reset fences a queued animation-frame callback before remount (0.130681ms)
✔ terminal output scheduler yields a flush turn while browser input is pending (0.181554ms)
✔ terminal output scheduler still makes progress when browser input stays pending (0.160797ms)
✔ terminal output scheduler drains multiple chunks in one frame until the frame time budget is reached (0.192519ms)
✔ terminal output scheduler yields the current frame when input becomes pending during a multi-chunk drain (0.204006ms)
✔ terminal output scheduler exposes a default frame time budget in the 6-8ms range (0.123927ms)
✔ terminal output scheduler retires a lost in-flight write only after FIFO proof (0.39958ms)
✔ terminal output FIFO proof never retires a newer active write (0.203889ms)
✔ PERF-BGSTAB-008 AC-1 RED contract (300.589286ms)
✔ PERF-BGSTAB-008 AC-2 RED contract (0.46296ms)
✔ PERF-BGSTAB-008 AC-1 GREEN contract (0.433736ms)
✔ PERF-BGSTAB-008 AC-2 GREEN contract (1.753736ms)
✔ UTF-8 segmented queue RED 계약 — AC-1 (0.210922ms)
✔ UTF-8 segmented queue RED 계약 — AC-2 (136.605736ms)
✔ UTF-8 segmented queue RED 계약 — AC-3 (0.33521ms)
✔ UTF-8 segmented queue RED 계약 — AC-4 (0.542371ms)
✔ UTF-8 segmented queue RED 계약 — AC-5 (0.183961ms)
✔ UTF-8 segmented queue RED 계약 — AC-6 (0.153809ms)
✔ UTF-8 segmented queue RED 계약 — AC-7 (0.123711ms)
✔ UTF-8 segmented queue RED 계약 — AC-10 (0.232896ms)
✔ FIFO completion barrier is attached to the current boundary, not later output (0.238323ms)
✔ chunk compaction never moves a FIFO barrier behind later output (0.218522ms)
✔ chunk compaction tracks callback byte offsets even at a one-chunk limit (0.139364ms)
✔ PERF-BGSTAB-010 rejects delivery acknowledgement callbacks when the terminal writer rejects a chunk (0.188163ms)
✔ enqueue rejects byte input instead of stringifying it (3.509086ms)
✔ enqueueLegacy rejects byte input instead of stringifying it (0.341927ms)
✔ enqueueBytes writes bytes verbatim without invoking the encoder (2.609911ms)
✔ boundary control — the same bytes as a string are accepted and encoded exactly once (0.30485ms)
✔ boundary control — enqueueBytes treats an empty view as empty, not as a zero-length write (0.275202ms)
✔ enqueueBytesLegacy writes bytes verbatim without invoking the encoder (0.425675ms)
✔ boundary control — enqueueLegacy(string) still routes through the encoder exactly once (0.288006ms)
✔ boundary control — enqueueBytes still reports overflow through the existing decision shape (0.244771ms)
✔ Arm C assertion 1 — every live-path write slice starts on a codepoint boundary (23.023338ms)
✔ Arm C assertion 2 (boundary control) — the alignment check rejects a misaligned partition (0.209732ms)
✔ Arm C assertion 3 (boundary control) — an aligned partition of the same bytes passes (0.124711ms)
ℹ tests 81
ℹ suites 0
ℹ pass 81
ℹ fail 0
ℹ cancelled 0
ℹ skipped 0
ℹ todo 0
ℹ duration_ms 6020.822262
