[Config] All passwords already encrypted
[Config] Configuration loaded successfully
[SessionManager] All CWD watchers stopped
✔ ACK-01 REL-BGSTAB-011 reserves ordinary source tuples before headless commit (121.624433ms)
[SessionManager] All CWD watchers stopped
✔ ACK-01 PERF-BGSTAB-011 routes each ordinary reservation tuple unchanged after commit (82.681904ms)
[SessionManager] All CWD watchers stopped
✔ ACK-01 REL-BGSTAB-011 reserves rollover source tuples before headless commit (90.650605ms)
[SessionManager] All CWD watchers stopped
✔ ACK-01 PERF-BGSTAB-011 routes each rollover reservation tuple unchanged after commit (81.903291ms)
[SessionManager] All CWD watchers stopped
✔ ACK-01 REL-BGSTAB-011 keeps reservation commit and router identity equal after 1 snapshot-only resize(s) (81.67054ms)
[SessionManager] All CWD watchers stopped
✔ ACK-01 REL-BGSTAB-011 keeps reservation commit and router identity equal after 2 snapshot-only resize(s) (78.870638ms)
[SessionManager] All CWD watchers stopped
✔ ACK-01 REL-BGSTAB-011 preserves pending reservations across an interleaved snapshot rollover (83.641386ms)
[SessionManager] All CWD watchers stopped
✔ ACK-15 resize preserves queued source identities at snapshot 40 (87.114821ms)
[SessionManager] All CWD watchers stopped
[SessionManager] Headless terminal degraded (write) for session retained-authority-41011: ACK-16 injected first headless write failure
[SessionManager] All CWD watchers stopped
✔ ACK-15 resize preserves queued source identities at snapshot 18446744073709551613 (88.370848ms)
✔ ACK-16 failed writes and headless recreation discard projected snapshot reservations (83.137221ms)
[SessionManager] All CWD watchers stopped
✔ ACK-16 enabling shadow after disabled output preserves committed source identity (77.591101ms)
[SessionManager] All CWD watchers stopped
[SessionManager] All CWD watchers stopped
[SessionManager] All CWD watchers stopped
✔ Retained server model shadow and driver lease RED contract — REL-BGSTAB-011 AC-1 (245.854879ms)
[SessionManager] All CWD watchers stopped
✔ RED reviewer — populated Ordinal64 rollover keeps oldest retained marker epoch-qualified (86.666151ms)
[SessionManager] All CWD watchers stopped
✔ Retained server model shadow and driver lease RED contract — REL-BGSTAB-011 AC-2 (93.125068ms)
[SessionManager] All CWD watchers stopped
✔ Retained server model shadow and driver lease RED contract — REL-BGSTAB-011 AC-3 (86.35205ms)
[SessionManager] All CWD watchers stopped
[Session retained-authority-41020] Idle detection upgraded to osc133 mode
✔ Retained server model shadow and driver lease RED contract — REL-BGSTAB-011 AC-4 (98.384843ms)
[SessionManager] All CWD watchers stopped
✖ Retained server model shadow and driver lease RED contract — REL-BGSTAB-011 AC-5 (83.679245ms)
[SessionManager] All CWD watchers stopped
[SessionManager] All CWD watchers stopped
✔ Retained server model shadow and driver lease RED contract — REL-BGSTAB-011 AC-6 (85.488065ms)
✔ RED reviewer — failed competing mutation lease rolls back only its newly registered view (80.554062ms)
[SessionManager] All CWD watchers stopped
[SessionManager] All CWD watchers stopped
✔ Retained server model shadow and driver lease RED contract — REL-BGSTAB-011 AC-7 (170.802811ms)
[SessionManager] All CWD watchers stopped
✔ Retained server model shadow and driver lease RED contract — REL-BGSTAB-011 AC-8 (100.136092ms)
[SessionManager] All CWD watchers stopped
[SessionManager] All CWD watchers stopped
[SessionManager] All CWD watchers stopped
[SessionManager] All CWD watchers stopped
✔ Retained server model shadow and driver lease RED contract — REL-BGSTAB-011 AC-9 (347.332692ms)
[SessionManager] All CWD watchers stopped
[SessionManager] All CWD watchers stopped
✔ Retained server model shadow and driver lease RED contract — REL-BGSTAB-007 AC-1 (157.885258ms)
[SessionManager] All CWD watchers stopped
✔ Retained server model shadow and driver lease RED contract — REL-BGSTAB-007 AC-2 (87.655937ms)
[SessionManager] All CWD watchers stopped
✔ Retained server model shadow and driver lease RED contract — REL-BGSTAB-007 AC-3 (85.241259ms)
[SessionManager] All CWD watchers stopped
✔ Retained server model shadow and driver lease RED contract — REL-BGSTAB-007 AC-6 (104.808278ms)
[SessionManager] All CWD watchers stopped
✔ Retained server model shadow and driver lease RED contract — REL-BGSTAB-007 AC-7 (118.090674ms)
[SessionManager] All CWD watchers stopped
✔ Retained server model shadow and driver lease RED contract — REL-BGSTAB-007 AC-9 (93.040893ms)
[SessionManager] All CWD watchers stopped
[SessionManager] All CWD watchers stopped
[SessionManager] All CWD watchers stopped
✔ Retained server model shadow and driver lease RED contract — REL-BGSTAB-007 AC-10 (88.882194ms)
✔ REL_BGSTAB_007_AC10_server_restart_is_authority_unavailable (171.689398ms)
[SessionManager] All CWD watchers stopped
✔ REL_BGSTAB_007_AC10_pty_exit_is_session_terminated (88.639099ms)
[SessionManager] All CWD watchers stopped
✔ RED reviewer — production comparer requires an independent roundtrip baseline before principal-axis match (121.619623ms)
[SessionManager] All CWD watchers stopped
[Session pure-osc133-retained-record] Idle detection upgraded to osc133 mode
[SessionManager] All CWD watchers stopped
✖ RED reviewer — split semantic facts preserve record-local OSC BEL/ST, DSR, and repeated BEL occurrences (119.273423ms)
✖ RED reviewer — pure OSC 133 status is retained as a semantic-only source record (78.525746ms)
[SessionManager] All CWD watchers stopped
✔ RED reviewer — sampled shadow comparer never blocks legacy delivery or mutates a replacement generation (119.713066ms)
[SessionManager] All CWD watchers stopped
✔ RED reviewer — shadow comparer samples only at global headless idle and enforces a low-duty interval (370.157366ms)
[SessionManager] All CWD watchers stopped
✔ MIG-BGSTAB-002 promotion evidence comparison is not starved by an unrelated busy session (85.777746ms)
[SessionManager] All CWD watchers stopped
✔ RED reviewer — retained operation and fact evidence ledgers stay policy-bounded (263.301043ms)
[SessionManager] All CWD watchers stopped
✔ RED reviewer — retained ledger byte accounting never rescans the full evidence arrays on commit (237.683975ms)
[SessionManager] All CWD watchers stopped
✔ RED reviewer — parser-tail and eviction comparer axes fail closed without an independent baseline (100.916736ms)
[SessionManager] All CWD watchers stopped
[SessionManager] All CWD watchers stopped
[SessionManager] All CWD watchers stopped
[SessionManager] All CWD watchers stopped
[SessionManager] All CWD watchers stopped
[SessionManager] All CWD watchers stopped
✔ RED reviewer — newline-free soft-wrap and reflow eviction advance exact oldest retained source (102.555816ms)
✔ RED reviewer — actual input, resize, and query paths reject stale lease identity for two clients (96.099862ms)
✔ RED reviewer — actual input path rejects every stale lease identity with eight clients (84.865007ms)
✔ RED reviewer — missing actual mutation identity stays legacy-compatible but blocks shadow canary (95.295087ms)
✔ RED reviewer — old authority identity cannot mutate replacement PTY through actual paths (96.049912ms)
✔ lazy test-created SessionData keeps legacy resize compatibility without retained state (87.02964ms)
[SessionManager] All CWD watchers stopped
✔ RED reviewer — resize advances snapshot identity without consuming PTY source sequence (91.680029ms)
[SessionManager] Headless terminal degraded (write) for session actual-headless-write-degradation: forced actual retained write degradation
[SessionManager] All CWD watchers stopped
[Session semantic-only-already-degraded] Idle detection upgraded to osc133 mode
[SessionManager] All CWD watchers stopped
[Session semantic-only-queue-overflow] Idle detection upgraded to osc133 mode
[SessionManager] Headless terminal degraded (queue-overflow) for session semantic-only-queue-overflow: Headless output queue overflow (observe): chunk-limit
[SessionManager] All CWD watchers stopped
[Session semantic-only-commit-failure] Idle detection upgraded to osc133 mode
[SessionManager] Headless terminal degraded (write) for session semantic-only-commit-failure: forced semantic-only commit failure
[SessionManager] All CWD watchers stopped
[Session pending-semantic-overflow-settlement] Idle detection upgraded to osc133 mode
✔ RED reviewer — actual headless write degradation is typed and blocks authority canary (87.192228ms)
✔ RED reviewer — degraded, overflow, and commit-failure OSC status records reject facts without empty delivery (250.845938ms)
[SessionManager] Headless terminal degraded (queue-overflow) for session pending-semantic-overflow-settlement: Headless output queue overflow (observe): chunk-limit
[SessionManager] All CWD watchers stopped
[Session throwing-policy-settler-isolated] Idle detection upgraded to osc133 mode
✔ RED reviewer — queue overflow settles every previously accepted semantic record in ingest order (91.649869ms)
[SessionManager] Headless policy failure settler threw for session throwing-policy-settler-isolated, output 0: Error: forced first settler failure
    at settleFailure (/mnt/c/work/git/_Snoworca/ProjectMaster-issue2-20260916/server/src/services/RetainedTerminalAuthority.test.ts:2856:34)
    at SessionManager.settleRetainedTerminalPendingOutputsBeforeDegrade (/mnt/c/work/git/_Snoworca/ProjectMaster-issue2-20260916/server/src/services/SessionManager.ts:8700:69)
    at SessionManager.markHeadlessDegraded (/mnt/c/work/git/_Snoworca/ProjectMaster-issue2-20260916/server/src/services/SessionManager.ts:8650:10)
    at SessionManager.queueHeadlessOutput (/mnt/c/work/git/_Snoworca/ProjectMaster-issue2-20260916/server/src/services/SessionManager.ts:7859:12)
    at <anonymous> (/mnt/c/work/git/_Snoworca/ProjectMaster-issue2-20260916/server/src/services/SessionManager.ts:1729:14)
    at FakePty.emitData (/mnt/c/work/git/_Snoworca/ProjectMaster-issue2-20260916/server/src/services/RetainedTerminalAuthority.test.ts:306:48)
    at <anonymous> (/mnt/c/work/git/_Snoworca/ProjectMaster-issue2-20260916/server/src/services/RetainedTerminalAuthority.test.ts:2873:25)
    at getActual (node:assert:611:5)
    at strict.doesNotThrow (node:assert:779:32)
    at TestContext.<anonymous> (/mnt/c/work/git/_Snoworca/ProjectMaster-issue2-20260916/server/src/services/RetainedTerminalAuthority.test.ts:2872:12)
[SessionManager] Headless terminal degraded (queue-overflow) for session throwing-policy-settler-isolated: Headless output queue overflow (observe): chunk-limit
[SessionManager] All CWD watchers stopped
[Session pending-semantic-write-settlement] Idle detection upgraded to osc133 mode
✔ RED reviewer — throwing policy settler cannot abort degradation settlement or current legacy delivery (92.63523ms)
[SessionManager] Headless terminal degraded (write) for session pending-semantic-write-settlement: forced queued semantic settlement failure
[SessionManager] All CWD watchers stopped
✔ RED reviewer — headless write failure settles failed and later queued semantic records exactly once (83.246879ms)
ℹ tests 52
ℹ suites 0
ℹ pass 49
ℹ fail 3
ℹ cancelled 0
ℹ skipped 0
ℹ todo 0
ℹ duration_ms 8833.363818

✖ failing tests:

test at src/services/RetainedTerminalAuthority.test.ts:2:7748
✖ Retained server model shadow and driver lease RED contract — REL-BGSTAB-011 AC-5 (83.679245ms)
  AssertionError [ERR_ASSERTION]: REL-BGSTAB-011 AC-5 Retained server model shadow and driver lease 계약 부재 때문에 실패
  + actual - expected
  ... Skipped lines
  
    [
      [
        'title',
        'retained-title',
        'committed'
  ...
        'retained-title',
  +     'duplicate'
  -     'committed'
      ],
      [
        'cwd',
        '/tmp/retained',
  +     'duplicate'
  -     'committed'
      ],
      [
        'bell',
        'bell',
  +     'duplicate'
  -     'committed'
      ],
      [
        'status',
        'prompt-start',
  +     'duplicate'
  -     'committed'
      ],
      [
        'query-request',
        'DSR-6',
        'rejected'
  
      at TestContext.<anonymous> (/mnt/c/work/git/_Snoworca/ProjectMaster-issue2-20260916/server/src/services/RetainedTerminalAuthority.test.ts:1278:12)
      at async Test.run (node:internal/test_runner/test:1409:7)
      at async Test.processPendingSubtests (node:internal/test_runner/test:974:7) {
    generatedMessage: false,
    code: 'ERR_ASSERTION',
    actual: [ [ 'title', 'retained-title', 'committed' ], [ 'title', 'retained-title', 'duplicate' ], [ 'cwd', '/tmp/retained', 'duplicate' ], [ 'bell', 'bell', 'duplicate' ], [ 'status', 'prompt-start', 'duplicate' ], [ 'query-request', 'DSR-6', 'rejected' ] ],
    expected: [ [ 'title', 'retained-title', 'committed' ], [ 'title', 'retained-title', 'committed' ], [ 'cwd', '/tmp/retained', 'committed' ], [ 'bell', 'bell', 'committed' ], [ 'status', 'prompt-start', 'committed' ], [ 'query-request', 'DSR-6', 'rejected' ] ],
    operator: 'deepStrictEqual',
    diff: 'simple'
  }

test at src/services/RetainedTerminalAuthority.test.ts:3:8525
✖ RED reviewer — split semantic facts preserve record-local OSC BEL/ST, DSR, and repeated BEL occurrences (119.273423ms)
  AssertionError [ERR_ASSERTION]: REL-BGSTAB-011 AC-5 split semantic parser or record-local fact identity is missing
  + actual - expected
  ... Skipped lines
  
    {
      factsByCompletion: [
        [
          [
            'title',
  ...
          'bell',
  +       0,
  +       'duplicate'
  -       1,
  -       'committed'
        ]
      ],
      secondBellRecord: [
        [
          'bell',
  
      at TestContext.<anonymous> (/mnt/c/work/git/_Snoworca/ProjectMaster-issue2-20260916/server/src/services/RetainedTerminalAuthority.test.ts:2087:12)
      at async Test.run (node:internal/test_runner/test:1409:7)
      at async Test.processPendingSubtests (node:internal/test_runner/test:974:7) {
    generatedMessage: false,
    code: 'ERR_ASSERTION',
    actual: { factsByCompletion: [ [Array], [Array], [Array], [Array], [Array] ], firstBellRecord: [ [Array] ], secondBellRecord: [ [Array] ], sameRecordBells: [ [Array], [Array] ] },
    expected: { factsByCompletion: [ [Array], [Array], [Array], [Array], [Array] ], firstBellRecord: [ [Array] ], secondBellRecord: [ [Array] ], sameRecordBells: [ [Array], [Array] ] },
    operator: 'deepStrictEqual',
    diff: 'simple'
  }

test at src/services/RetainedTerminalAuthority.test.ts:3:10325
✖ RED reviewer — pure OSC 133 status is retained as a semantic-only source record (78.525746ms)
  AssertionError [ERR_ASSERTION]: REL-BGSTAB-011 AC-1/AC-5 pure OSC 133 source record disappeared after legacy strip
  + actual - expected
  ... Skipped lines
  
    {
      deliveryCount: 0,
      facts: [
        [
          'status',
  ...
          'prompt-end',
  +       0,
  +       'duplicate'
  -       1,
  -       'committed'
        ],
        [
          'status',
          'command-start',
  +       0,
  +       'duplicate'
  -       2,
  -       'committed'
        ],
        [
          'status',
          'command-end',
  +       0,
  +       'duplicate'
  -       3,
  -       'committed'
        ]
      ],
      record: {
        deliveryCreatedAfterCommit: false,
        kind: 'output',
  
      at TestContext.<anonymous> (/mnt/c/work/git/_Snoworca/ProjectMaster-issue2-20260916/server/src/services/RetainedTerminalAuthority.test.ts:2121:12)
      at async Test.run (node:internal/test_runner/test:1409:7)
      at async Test.processPendingSubtests (node:internal/test_runner/test:974:7) {
    generatedMessage: false,
    code: 'ERR_ASSERTION',
    actual: { sourceAdvanced: true, record: { streamEpoch: '1', sourceSeq: '1', kind: 'output', modelCommitted: true, deliveryCreatedAfterCommit: false }, facts: [ [Array], [Array], [Array], [Array] ], deliveryCount: 0 },
    expected: { sourceAdvanced: true, record: { streamEpoch: '1', sourceSeq: '1', kind: 'output', modelCommitted: true, deliveryCreatedAfterCommit: false }, facts: [ [Array], [Array], [Array], [Array] ], deliveryCount: 0 },
    operator: 'deepStrictEqual',
    diff: 'simple'
  }
