[Config] All passwords already encrypted
[Config] Configuration loaded successfully
[SessionManager] All CWD watchers stopped
✔ ACK-01 REL-BGSTAB-011 reserves ordinary source tuples before headless commit (140.251234ms)
[SessionManager] All CWD watchers stopped
✔ ACK-01 PERF-BGSTAB-011 routes each ordinary reservation tuple unchanged after commit (95.253201ms)
[SessionManager] All CWD watchers stopped
✔ ACK-01 REL-BGSTAB-011 reserves rollover source tuples before headless commit (103.030462ms)
[SessionManager] All CWD watchers stopped
✔ ACK-01 PERF-BGSTAB-011 routes each rollover reservation tuple unchanged after commit (92.09339ms)
[SessionManager] All CWD watchers stopped
✔ ACK-01 REL-BGSTAB-011 keeps reservation commit and router identity equal after 1 snapshot-only resize(s) (98.945443ms)
[SessionManager] All CWD watchers stopped
✔ ACK-01 REL-BGSTAB-011 keeps reservation commit and router identity equal after 2 snapshot-only resize(s) (90.704919ms)
[SessionManager] All CWD watchers stopped
✔ ACK-01 REL-BGSTAB-011 preserves pending reservations across an interleaved snapshot rollover (90.402414ms)
[SessionManager] All CWD watchers stopped
✔ ACK-15 resize preserves queued source identities at snapshot 40 (85.763892ms)
[SessionManager] All CWD watchers stopped
[SessionManager] Headless terminal degraded (write) for session retained-authority-41011: ACK-16 injected first headless write failure
[SessionManager] All CWD watchers stopped
✔ ACK-15 resize preserves queued source identities at snapshot 18446744073709551613 (100.474742ms)
✔ ACK-16 failed writes and headless recreation discard projected snapshot reservations (91.499793ms)
[SessionManager] All CWD watchers stopped
✔ ACK-16 enabling shadow after disabled output preserves committed source identity (87.548403ms)
[SessionManager] All CWD watchers stopped
[SessionManager] All CWD watchers stopped
[SessionManager] All CWD watchers stopped
✔ Retained server model shadow and driver lease RED contract — REL-BGSTAB-011 AC-1 (279.428403ms)
[SessionManager] All CWD watchers stopped
✔ RED reviewer — populated Ordinal64 rollover keeps oldest retained marker epoch-qualified (96.301203ms)
[SessionManager] All CWD watchers stopped
✔ Retained server model shadow and driver lease RED contract — REL-BGSTAB-011 AC-2 (103.12533ms)
[SessionManager] All CWD watchers stopped
✔ Retained server model shadow and driver lease RED contract — REL-BGSTAB-011 AC-3 (95.557047ms)
[SessionManager] All CWD watchers stopped
[Session retained-authority-41020] Idle detection upgraded to osc133 mode
✔ Retained server model shadow and driver lease RED contract — REL-BGSTAB-011 AC-4 (109.949101ms)
[SessionManager] All CWD watchers stopped
✔ Retained server model shadow and driver lease RED contract — REL-BGSTAB-011 AC-5 (96.458811ms)
[SessionManager] All CWD watchers stopped
[SessionManager] All CWD watchers stopped
✔ Retained server model shadow and driver lease RED contract — REL-BGSTAB-011 AC-6 (91.607665ms)
✔ RED reviewer — failed competing mutation lease rolls back only its newly registered view (82.59039ms)
[SessionManager] All CWD watchers stopped
[SessionManager] All CWD watchers stopped
✔ Retained server model shadow and driver lease RED contract — REL-BGSTAB-011 AC-7 (183.493045ms)
[SessionManager] All CWD watchers stopped
✔ Retained server model shadow and driver lease RED contract — REL-BGSTAB-011 AC-8 (104.517541ms)
[SessionManager] All CWD watchers stopped
[SessionManager] All CWD watchers stopped
[SessionManager] All CWD watchers stopped
[SessionManager] All CWD watchers stopped
✔ Retained server model shadow and driver lease RED contract — REL-BGSTAB-011 AC-9 (371.536482ms)
[SessionManager] All CWD watchers stopped
[SessionManager] All CWD watchers stopped
✔ Retained server model shadow and driver lease RED contract — REL-BGSTAB-007 AC-1 (174.155172ms)
[SessionManager] All CWD watchers stopped
✔ Retained server model shadow and driver lease RED contract — REL-BGSTAB-007 AC-2 (92.310613ms)
[SessionManager] All CWD watchers stopped
✔ Retained server model shadow and driver lease RED contract — REL-BGSTAB-007 AC-3 (93.870462ms)
[SessionManager] All CWD watchers stopped
✔ Retained server model shadow and driver lease RED contract — REL-BGSTAB-007 AC-6 (85.713524ms)
[SessionManager] All CWD watchers stopped
✔ Retained server model shadow and driver lease RED contract — REL-BGSTAB-007 AC-7 (92.554239ms)
[SessionManager] All CWD watchers stopped
✔ Retained server model shadow and driver lease RED contract — REL-BGSTAB-007 AC-9 (82.493888ms)
[SessionManager] All CWD watchers stopped
[SessionManager] All CWD watchers stopped
[SessionManager] All CWD watchers stopped
✔ Retained server model shadow and driver lease RED contract — REL-BGSTAB-007 AC-10 (83.746629ms)
✔ REL_BGSTAB_007_AC10_server_restart_is_authority_unavailable (169.426469ms)
[SessionManager] All CWD watchers stopped
✔ REL_BGSTAB_007_AC10_pty_exit_is_session_terminated (87.08463ms)
[SessionManager] All CWD watchers stopped
✔ RED reviewer — production comparer requires an independent roundtrip baseline before principal-axis match (113.665248ms)
[SessionManager] All CWD watchers stopped
[Session pure-osc133-retained-record] Idle detection upgraded to osc133 mode
[SessionManager] All CWD watchers stopped
✔ RED reviewer — split semantic facts preserve record-local OSC BEL/ST, DSR, and repeated BEL occurrences (124.33942ms)
✔ RED reviewer — pure OSC 133 status is retained as a semantic-only source record (82.616585ms)
[SessionManager] All CWD watchers stopped
✔ RED reviewer — sampled shadow comparer never blocks legacy delivery or mutates a replacement generation (126.869538ms)
[SessionManager] All CWD watchers stopped
✔ RED reviewer — shadow comparer samples only at global headless idle and enforces a low-duty interval (371.443576ms)
[SessionManager] All CWD watchers stopped
✔ MIG-BGSTAB-002 promotion evidence comparison is not starved by an unrelated busy session (95.362722ms)
[SessionManager] All CWD watchers stopped
✔ RED reviewer — retained operation and fact evidence ledgers stay policy-bounded (290.942002ms)
[SessionManager] All CWD watchers stopped
✔ RED reviewer — retained ledger byte accounting never rescans the full evidence arrays on commit (241.95922ms)
[SessionManager] All CWD watchers stopped
✔ RED reviewer — parser-tail and eviction comparer axes fail closed without an independent baseline (107.249497ms)
[SessionManager] All CWD watchers stopped
[SessionManager] All CWD watchers stopped
[SessionManager] All CWD watchers stopped
[SessionManager] All CWD watchers stopped
[SessionManager] All CWD watchers stopped
[SessionManager] All CWD watchers stopped
✔ RED reviewer — newline-free soft-wrap and reflow eviction advance exact oldest retained source (90.245829ms)
✔ RED reviewer — actual input, resize, and query paths reject stale lease identity for two clients (84.987143ms)
✔ RED reviewer — actual input path rejects every stale lease identity with eight clients (86.903072ms)
✔ RED reviewer — missing actual mutation identity stays legacy-compatible but blocks shadow canary (86.85984ms)
✔ RED reviewer — old authority identity cannot mutate replacement PTY through actual paths (92.958948ms)
✔ lazy test-created SessionData keeps legacy resize compatibility without retained state (87.979958ms)
[SessionManager] All CWD watchers stopped
✔ RED reviewer — resize advances snapshot identity without consuming PTY source sequence (93.831375ms)
[SessionManager] Headless terminal degraded (write) for session actual-headless-write-degradation: forced actual retained write degradation
[SessionManager] All CWD watchers stopped
[Session semantic-only-already-degraded] Idle detection upgraded to osc133 mode
[SessionManager] All CWD watchers stopped
[Session semantic-only-queue-overflow] Idle detection upgraded to osc133 mode
[SessionManager] Headless terminal degraded (queue-overflow) for session semantic-only-queue-overflow: Headless output queue overflow (observe): chunk-limit
[SessionManager] All CWD watchers stopped
[Session semantic-only-commit-failure] Idle detection upgraded to osc133 mode
[SessionManager] Headless terminal degraded (write) for session semantic-only-commit-failure: forced semantic-only commit failure
[SessionManager] All CWD watchers stopped
[Session pending-semantic-overflow-settlement] Idle detection upgraded to osc133 mode
✔ RED reviewer — actual headless write degradation is typed and blocks authority canary (89.303564ms)
✔ RED reviewer — degraded, overflow, and commit-failure OSC status records reject facts without empty delivery (254.428419ms)
[SessionManager] Headless terminal degraded (queue-overflow) for session pending-semantic-overflow-settlement: Headless output queue overflow (observe): chunk-limit
[SessionManager] All CWD watchers stopped
[Session throwing-policy-settler-isolated] Idle detection upgraded to osc133 mode
✔ RED reviewer — queue overflow settles every previously accepted semantic record in ingest order (85.820163ms)
[SessionManager] Headless policy failure settler threw for session throwing-policy-settler-isolated, output 0: Error: forced first settler failure
    at settleFailure (/mnt/c/work/git/_Snoworca/ProjectMaster-issue2-20260916/server/src/services/RetainedTerminalAuthority.test.ts:2856:34)
    at SessionManager.settleRetainedTerminalPendingOutputsBeforeDegrade (/mnt/c/work/git/_Snoworca/ProjectMaster-issue2-20260916/server/src/services/SessionManager.ts:8703:69)
    at SessionManager.markHeadlessDegraded (/mnt/c/work/git/_Snoworca/ProjectMaster-issue2-20260916/server/src/services/SessionManager.ts:8653:10)
    at SessionManager.queueHeadlessOutput (/mnt/c/work/git/_Snoworca/ProjectMaster-issue2-20260916/server/src/services/SessionManager.ts:7859:12)
    at <anonymous> (/mnt/c/work/git/_Snoworca/ProjectMaster-issue2-20260916/server/src/services/SessionManager.ts:1729:14)
    at FakePty.emitData (/mnt/c/work/git/_Snoworca/ProjectMaster-issue2-20260916/server/src/services/RetainedTerminalAuthority.test.ts:306:48)
    at <anonymous> (/mnt/c/work/git/_Snoworca/ProjectMaster-issue2-20260916/server/src/services/RetainedTerminalAuthority.test.ts:2873:25)
    at getActual (node:assert:611:5)
    at strict.doesNotThrow (node:assert:779:32)
    at TestContext.<anonymous> (/mnt/c/work/git/_Snoworca/ProjectMaster-issue2-20260916/server/src/services/RetainedTerminalAuthority.test.ts:2872:12)
[SessionManager] Headless terminal degraded (queue-overflow) for session throwing-policy-settler-isolated: Headless output queue overflow (observe): chunk-limit
[SessionManager] All CWD watchers stopped
[Session pending-semantic-write-settlement] Idle detection upgraded to osc133 mode
✔ RED reviewer — throwing policy settler cannot abort degradation settlement or current legacy delivery (97.107334ms)
[SessionManager] Headless terminal degraded (write) for session pending-semantic-write-settlement: forced queued semantic settlement failure
[SessionManager] All CWD watchers stopped
✔ RED reviewer — headless write failure settles failed and later queued semantic records exactly once (86.781309ms)
ℹ tests 52
ℹ suites 0
ℹ pass 52
ℹ fail 0
ℹ cancelled 0
ℹ skipped 0
ℹ todo 0
ℹ duration_ms 9416.355711
