node:internal/modules/run_main:107
    triggerUncaughtException(
    ^

AssertionError [ERR_ASSERTION]: focused test allowlist hash changed without an explicit evidence contract update
+ actual - expected

+ '3cb7dd8491ac71bf811e9d79bfbfe6809857d62d4c2ceacf7de90cbee91f2d3d'
- '1e7da1ab816128c69d68e7e9e2922acdc324b65a91038429e9a0c6d8c7ba1a0f'

    at runEvidenceToolSelfTests (file:///mnt/c/work/git/_Snoworca/ProjectMaster-issue2-20260916/tools/wave3/retained-shadow-parity.test.mjs:534:10)
    at file:///mnt/c/work/git/_Snoworca/ProjectMaster-issue2-20260916/tools/wave3/retained-shadow-parity.test.mjs:654:1
    at ModuleJob.run (node:internal/modules/esm/module_job:561:25)
    at async node:internal/modules/esm/loader:647:26
    at async asyncRunEntryPointWithESMLoader (node:internal/modules/run_main:101:5) {
  generatedMessage: false,
  code: 'ERR_ASSERTION',
  actual: '3cb7dd8491ac71bf811e9d79bfbfe6809857d62d4c2ceacf7de90cbee91f2d3d',
  expected: '1e7da1ab816128c69d68e7e9e2922acdc324b65a91038429e9a0c6d8c7ba1a0f',
  operator: 'strictEqual',
  diff: 'simple'
}

Node.js v24.21.0
