node:internal/modules/run_main:107
    triggerUncaughtException(
    ^

AssertionError [ERR_ASSERTION]: focused test identity regression — 1 pinned test(s) no longer execute. A deleted test and a test renamed in place are both this failure, and both are real.
+ actual - expected

+ [
+   'Retained server model shadow and driver lease RED contract — REL-BGSTAB-007 AC-2'
+ ]
- []

    at assertExactFocusedTestIdentity (file:///mnt/c/work/git/_Snoworca/ProjectMaster-issue2-20260916/tools/wave3/retained-shadow-parity.test.mjs:465:10)
    at file:///mnt/c/work/git/_Snoworca/ProjectMaster-issue2-20260916/tools/wave3/retained-shadow-parity.test.mjs:662:25
    at ModuleJob.run (node:internal/modules/esm/module_job:561:25)
    at async node:internal/modules/esm/loader:647:26
    at async asyncRunEntryPointWithESMLoader (node:internal/modules/run_main:101:5) {
  generatedMessage: false,
  code: 'ERR_ASSERTION',
  actual: [
    'Retained server model shadow and driver lease RED contract — REL-BGSTAB-007 AC-2'
  ],
  expected: [],
  operator: 'deepStrictEqual',
  diff: 'simple'
}

Node.js v24.21.0
