node:internal/modules/run_main:107
    triggerUncaughtException(
    ^

AssertionError [ERR_ASSERTION]: focused test identity mismatch
+ actual - expected
... Skipped lines

  [
+   'ACK-01 PERF-BGSTAB-011 routes each ordinary reservation tuple unchanged after commit',
+   'ACK-01 PERF-BGSTAB-011 routes each rollover reservation tuple unchanged after commit',
+   'ACK-01 REL-BGSTAB-011 keeps reservation commit and router identity equal after 1 snapshot-only resize(s)',
+   'ACK-01 REL-BGSTAB-011 keeps reservation commit and router identity equal after 2 snapshot-only resize(s)',
+   'ACK-01 REL-BGSTAB-011 preserves pending reservations across an interleaved snapshot rollover',
+   'ACK-01 REL-BGSTAB-011 reserves ordinary source tuples before headless commit',
+   'ACK-01 REL-BGSTAB-011 reserves rollover source tuples before headless commit',
+   'ACK-15 resize preserves queued source identities at snapshot 18446744073709551613',
+   'ACK-15 resize preserves queued source identities at snapshot 40',
+   'ACK-16 enabling shadow after disabled output preserves committed source identity',
+   'ACK-16 failed writes and headless recreation discard projected snapshot reservations',
+   'MIG-BGSTAB-002 acknowledged authoritative recovery re-arms after checkpoint mode becomes available',
+   'MIG-BGSTAB-002 authoritative snapshot acknowledgement re-arms its exact checkpoint responder view',
+   'MIG-BGSTAB-002 checkpoint recovery readiness does not depend on a legacy attributes challenge',
+   'MIG-BGSTAB-002 negotiation scopes mixed authority modes per session',
+   'MIG-BGSTAB-002 promotion evidence comparison is not starved by an unrelated busy session',
+   'MIG-BGSTAB-002 reconnect generation emits one fresh authority-ready hook for the replacement view',
+   'MIG-BGSTAB-002 rejects client-authored responder generations and grants both browser views from server stream state',
+   'MIG-BGSTAB-002 same-view checkpoint renegotiation projects its existing server-authority lease',
+   'MIG-BGSTAB-002 subscribe re-announces a previously negotiated view after it becomes an authority candidate',
    'RED reviewer — actual headless write degradation is typed and blocks authority canary',
    'RED reviewer — actual input path rejects every stale lease identity with eight clients',
    'RED reviewer — actual input, resize, and query paths reject stale lease identity for two clients',
    'RED reviewer — degraded, overflow, and commit-failure OSC status records reject facts without empty delivery',
    'RED reviewer — failed competing mutation lease rolls back only its newly registered view',
...
    'RED reviewer — view removal renegotiates release and resize lease rejection is observable',
+   'REL-BGSTAB-012 rebinds bounded continuity or requires an authoritative fresh checkpoint',
+   'REL-BGSTAB-012 rebinds bounded continuity or requires fresh checkpoint',
    'REL_BGSTAB_007_AC10_pty_exit_is_session_terminated',
    'REL_BGSTAB_007_AC10_server_restart_is_authority_unavailable',
    'Retained server model shadow and driver lease RED contract — REL-BGSTAB-007 AC-1',
    'Retained server model shadow and driver lease RED contract — REL-BGSTAB-007 AC-10',
    'Retained server model shadow and driver lease RED contract — REL-BGSTAB-007 AC-2',
...
    'server recovery refresh requires both replay and repair ownership tokens',
+   'server — a settled session still serializes its authority'
  ]

    at assertExactFocusedTestIdentity (file:///mnt/c/work/git/_Snoworca/ProjectMaster-issue2-20260916/tools/wave3/retained-shadow-parity.test.mjs:421:10)
    at file:///mnt/c/work/git/_Snoworca/ProjectMaster-issue2-20260916/tools/wave3/retained-shadow-parity.test.mjs:582:25
    at ModuleJob.run (node:internal/modules/esm/module_job:561:25)
    at async node:internal/modules/esm/loader:647:26
    at async asyncRunEntryPointWithESMLoader (node:internal/modules/run_main:101:5) {
  generatedMessage: false,
  code: 'ERR_ASSERTION',
  actual: [
    'ACK-01 PERF-BGSTAB-011 routes each ordinary reservation tuple unchanged after commit',
    'ACK-01 PERF-BGSTAB-011 routes each rollover reservation tuple unchanged after commit',
    'ACK-01 REL-BGSTAB-011 keeps reservation commit and router identity equal after 1 snapshot-only resize(s)',
    'ACK-01 REL-BGSTAB-011 keeps reservation commit and router identity equal after 2 snapshot-only resize(s)',
    'ACK-01 REL-BGSTAB-011 preserves pending reservations across an interleaved snapshot rollover',
    'ACK-01 REL-BGSTAB-011 reserves ordinary source tuples before headless commit',
    'ACK-01 REL-BGSTAB-011 reserves rollover source tuples before headless commit',
    'ACK-15 resize preserves queued source identities at snapshot 18446744073709551613',
    'ACK-15 resize preserves queued source identities at snapshot 40',
    'ACK-16 enabling shadow after disabled output preserves committed source identity',
    'ACK-16 failed writes and headless recreation discard projected snapshot reservations',
    'MIG-BGSTAB-002 acknowledged authoritative recovery re-arms after checkpoint mode becomes available',
    'MIG-BGSTAB-002 authoritative snapshot acknowledgement re-arms its exact checkpoint responder view',
    'MIG-BGSTAB-002 checkpoint recovery readiness does not depend on a legacy attributes challenge',
    'MIG-BGSTAB-002 negotiation scopes mixed authority modes per session',
    'MIG-BGSTAB-002 promotion evidence comparison is not starved by an unrelated busy session',
    'MIG-BGSTAB-002 reconnect generation emits one fresh authority-ready hook for the replacement view',
    'MIG-BGSTAB-002 rejects client-authored responder generations and grants both browser views from server stream state',
    'MIG-BGSTAB-002 same-view checkpoint renegotiation projects its existing server-authority lease',
    'MIG-BGSTAB-002 subscribe re-announces a previously negotiated view after it becomes an authority candidate',
    'RED reviewer — actual headless write degradation is typed and blocks authority canary',
    'RED reviewer — actual input path rejects every stale lease identity with eight clients',
    'RED reviewer — actual input, resize, and query paths reject stale lease identity for two clients',
    'RED reviewer — degraded, overflow, and commit-failure OSC status records reject facts without empty delivery',
    'RED reviewer — failed competing mutation lease rolls back only its newly registered view',
    'RED reviewer — headless write failure settles failed and later queued semantic records exactly once',
    'RED reviewer — missing actual mutation identity stays legacy-compatible but blocks shadow canary',
    'RED reviewer — negotiated observer stays registered, cannot mutate, and rebinds after driver disconnect',
    'RED reviewer — negotiated retained lease fences actual websocket input and resize mutations',
    'RED reviewer — newline-free soft-wrap and reflow eviction advance exact oldest retained source',
    'RED reviewer — old authority identity cannot mutate replacement PTY through actual paths',
    'RED reviewer — parser-tail and eviction comparer axes fail closed without an independent baseline',
    'RED reviewer — populated Ordinal64 rollover keeps oldest retained marker epoch-qualified',
    'RED reviewer — production comparer requires an independent roundtrip baseline before principal-axis match',
    'RED reviewer — pure OSC 133 status is retained as a semantic-only source record',
    'RED reviewer — queue overflow settles every previously accepted semantic record in ingest order',
    'RED reviewer — resize advances snapshot identity without consuming PTY source sequence',
    'RED reviewer — retained ledger byte accounting never rescans the full evidence arrays on commit',
    'RED reviewer — retained operation and fact evidence ledgers stay policy-bounded',
    'RED reviewer — router destroy unregisters retained views before terminating sockets',
    'RED reviewer — sampled shadow comparer never blocks legacy delivery or mutates a replacement generation',
    'RED reviewer — shadow comparer samples only at global headless idle and enforces a low-duty interval',
    'RED reviewer — split semantic facts preserve record-local OSC BEL/ST, DSR, and repeated BEL occurrences',
    'RED reviewer — throwing policy settler cannot abort degradation settlement or current legacy delivery',
    'RED reviewer — view removal renegotiates release and resize lease rejection is observable',
    'REL-BGSTAB-012 rebinds bounded continuity or requires an authoritative fresh checkpoint',
    'REL-BGSTAB-012 rebinds bounded continuity or requires fresh checkpoint',
    'REL_BGSTAB_007_AC10_pty_exit_is_session_terminated',
    'REL_BGSTAB_007_AC10_server_restart_is_authority_unavailable',
    'Retained server model shadow and driver lease RED contract — REL-BGSTAB-007 AC-1',
    'Retained server model shadow and driver lease RED contract — REL-BGSTAB-007 AC-10',
    'Retained server model shadow and driver lease RED contract — REL-BGSTAB-007 AC-2',
    'Retained server model shadow and driver lease RED contract — REL-BGSTAB-007 AC-3',
    'Retained server model shadow and driver lease RED contract — REL-BGSTAB-007 AC-6',
    'Retained server model shadow and driver lease RED contract — REL-BGSTAB-007 AC-7',
    'Retained server model shadow and driver lease RED contract — REL-BGSTAB-007 AC-9',
    'Retained server model shadow and driver lease RED contract — REL-BGSTAB-011 AC-1',
    'Retained server model shadow and driver lease RED contract — REL-BGSTAB-011 AC-2',
    'Retained server model shadow and driver lease RED contract — REL-BGSTAB-011 AC-3',
    'Retained server model shadow and driver lease RED contract — REL-BGSTAB-011 AC-4',
    'Retained server model shadow and driver lease RED contract — REL-BGSTAB-011 AC-5',
    'Retained server model shadow and driver lease RED contract — REL-BGSTAB-011 AC-6',
    'Retained server model shadow and driver lease RED contract — REL-BGSTAB-011 AC-7',
    'Retained server model shadow and driver lease RED contract — REL-BGSTAB-011 AC-8',
    'Retained server model shadow and driver lease RED contract — REL-BGSTAB-011 AC-9',
    'checkpoint negotiation is request-only and keeps legacy authority inactive',
    'lazy test-created SessionData keeps legacy resize compatibility without retained state',
    'server RED — atomic authority revision race',
    'server RED — degraded pending output preserves partial-escape authority',
    'server RED — incomplete OSC emoji cap uses UTF-8 code point bytes at N-1/N/N+1',
    'server RED — parser-tail overflow remains sticky across degraded output',
    'server RED — pending tail sequence attachment',
    'server RED — real output sequence and ready authority tokens',
    'server RED — split C1 CSI OSC and DCS stay incomplete until final ST CAN or SUB',
    'server RED — split surrogate remains lossless and conservatively incomplete until OSC terminator',
    'server RED — split terminal escape ingest',
    'server RED — unstable pending-write authority',
    'server fresh replay request is token-fenced and supersedes the pending snapshot',
    'server recovery refresh requires both replay and repair ownership tokens',
    'server — a settled session still serializes its authority'
  ],
  expected: [
    'RED reviewer — actual headless write degradation is typed and blocks authority canary',
    'RED reviewer — actual input path rejects every stale lease identity with eight clients',
    'RED reviewer — actual input, resize, and query paths reject stale lease identity for two clients',
    'RED reviewer — degraded, overflow, and commit-failure OSC status records reject facts without empty delivery',
    'RED reviewer — failed competing mutation lease rolls back only its newly registered view',
    'RED reviewer — headless write failure settles failed and later queued semantic records exactly once',
    'RED reviewer — missing actual mutation identity stays legacy-compatible but blocks shadow canary',
    'RED reviewer — negotiated observer stays registered, cannot mutate, and rebinds after driver disconnect',
    'RED reviewer — negotiated retained lease fences actual websocket input and resize mutations',
    'RED reviewer — newline-free soft-wrap and reflow eviction advance exact oldest retained source',
    'RED reviewer — old authority identity cannot mutate replacement PTY through actual paths',
    'RED reviewer — parser-tail and eviction comparer axes fail closed without an independent baseline',
    'RED reviewer — populated Ordinal64 rollover keeps oldest retained marker epoch-qualified',
    'RED reviewer — production comparer requires an independent roundtrip baseline before principal-axis match',
    'RED reviewer — pure OSC 133 status is retained as a semantic-only source record',
    'RED reviewer — queue overflow settles every previously accepted semantic record in ingest order',
    'RED reviewer — resize advances snapshot identity without consuming PTY source sequence',
    'RED reviewer — retained ledger byte accounting never rescans the full evidence arrays on commit',
    'RED reviewer — retained operation and fact evidence ledgers stay policy-bounded',
    'RED reviewer — router destroy unregisters retained views before terminating sockets',
    'RED reviewer — sampled shadow comparer never blocks legacy delivery or mutates a replacement generation',
    'RED reviewer — shadow comparer samples only at global headless idle and enforces a low-duty interval',
    'RED reviewer — split semantic facts preserve record-local OSC BEL/ST, DSR, and repeated BEL occurrences',
    'RED reviewer — throwing policy settler cannot abort degradation settlement or current legacy delivery',
    'RED reviewer — view removal renegotiates release and resize lease rejection is observable',
    'REL_BGSTAB_007_AC10_pty_exit_is_session_terminated',
    'REL_BGSTAB_007_AC10_server_restart_is_authority_unavailable',
    'Retained server model shadow and driver lease RED contract — REL-BGSTAB-007 AC-1',
    'Retained server model shadow and driver lease RED contract — REL-BGSTAB-007 AC-10',
    'Retained server model shadow and driver lease RED contract — REL-BGSTAB-007 AC-2',
    'Retained server model shadow and driver lease RED contract — REL-BGSTAB-007 AC-3',
    'Retained server model shadow and driver lease RED contract — REL-BGSTAB-007 AC-6',
    'Retained server model shadow and driver lease RED contract — REL-BGSTAB-007 AC-7',
    'Retained server model shadow and driver lease RED contract — REL-BGSTAB-007 AC-9',
    'Retained server model shadow and driver lease RED contract — REL-BGSTAB-011 AC-1',
    'Retained server model shadow and driver lease RED contract — REL-BGSTAB-011 AC-2',
    'Retained server model shadow and driver lease RED contract — REL-BGSTAB-011 AC-3',
    'Retained server model shadow and driver lease RED contract — REL-BGSTAB-011 AC-4',
    'Retained server model shadow and driver lease RED contract — REL-BGSTAB-011 AC-5',
    'Retained server model shadow and driver lease RED contract — REL-BGSTAB-011 AC-6',
    'Retained server model shadow and driver lease RED contract — REL-BGSTAB-011 AC-7',
    'Retained server model shadow and driver lease RED contract — REL-BGSTAB-011 AC-8',
    'Retained server model shadow and driver lease RED contract — REL-BGSTAB-011 AC-9',
    'checkpoint negotiation is request-only and keeps legacy authority inactive',
    'lazy test-created SessionData keeps legacy resize compatibility without retained state',
    'server RED — atomic authority revision race',
    'server RED — degraded pending output preserves partial-escape authority',
    'server RED — incomplete OSC emoji cap uses UTF-8 code point bytes at N-1/N/N+1',
    'server RED — parser-tail overflow remains sticky across degraded output',
    'server RED — pending tail sequence attachment',
    'server RED — real output sequence and ready authority tokens',
    'server RED — split C1 CSI OSC and DCS stay incomplete until final ST CAN or SUB',
    'server RED — split surrogate remains lossless and conservatively incomplete until OSC terminator',
    'server RED — split terminal escape ingest',
    'server RED — unstable pending-write authority',
    'server fresh replay request is token-fenced and supersedes the pending snapshot',
    'server recovery refresh requires both replay and repair ownership tokens'
  ],
  operator: 'deepStrictEqual',
  diff: 'simple'
}

Node.js v24.21.0
