[Config] All passwords already encrypted
[Config] Configuration loaded successfully
[Crypto] CryptoService initialized
[Auth] AuthService initialized
[TOTP] TOTP is disabled
[CommandPreset] CommandPresetService initialized
[TerminalShortcut] TerminalShortcutService initialized
[RecoveryOption] RecoveryOptionService initialized
[Workspace] WorkspaceService initialized
[Routes] API routes configured
  - GET  /health (public)
  - POST /api/auth/login (public)
  - POST /api/auth/logout (protected)
  - POST /api/auth/refresh (protected)
  - GET  /api/auth/status (protected)
  - GET  /api/settings (protected)
  - PATCH /api/settings (protected)
  - /api/command-presets/* (protected)
  - /api/terminal-shortcuts/* (protected)
  - /api/sessions/* (protected)
  - /api/sessions/:id/cwd (protected, File API)
  - /api/sessions/:id/files (protected, File API)
[Static] Production assets served from /mnt/c/work/git/_Snoworca/ProjectMaster-issue2-20260916/server/dist/public
[SSL] No certificate configured, generating self-signed certificate...
[SSL] Using existing self-signed certificate
[WS] WebSocket router initialized
[PTY] Global Windows backend default: winpty
[PTY] Effective PowerShell backend default: winpty (policy: inherit)

╔════════════════════════════════════════════════════════════════╗
║           BuilderGate Server (HTTPS)                             ║
╠════════════════════════════════════════════════════════════════╣
║  HTTPS Server: https://localhost:2222                        ║
║  Health Check: https://localhost:2222/health                 ║
║  Login:        POST https://localhost:2222/api/auth/login    ║
║  Global PTY:   winpty                                       ║
║  TLS Version:  1.2 - 1.3                                       ║
║  Auth:         JWT (HS256)                                     ║
║  2FA:          Disabled                           ║
╚════════════════════════════════════════════════════════════════╝

[HTTP] Redirect server running on http://localhost:2221
[HTTP] All requests redirected to HTTPS
[Auth] Token issued: jti=e5885e0c-8f04-4e6a-9892-6101f8fe5964
[Auth] Login successful from ::1
[Auth] Token issued: jti=10d2ad98-caae-4150-b984-1bfce5bd38fe
[Auth] Login successful from ::ffff:127.0.0.1
[Auth] Token issued: jti=b7feac93-5697-4435-8f5e-9f44d42fd141
[Auth] Login successful from ::1
[WS] Client connected: a4f9487f-a64d-40b6-bd85-6feb620c3bcc
[WS] Client disconnected: a4f9487f-a64d-40b6-bd85-6feb620c3bcc
[WS] Client connected: 4c951b38-e250-4d21-a08a-85f6f8aa82c7
[Auth] Token issued: jti=1da12379-38af-4acc-bf84-3922345c127d
[Auth] Login successful from ::ffff:127.0.0.1
[Auth] Token issued: jti=cecd403a-f46e-4504-8722-518cb33e5090
[Auth] Login successful from ::ffff:127.0.0.1
[WS] Client disconnected: 4c951b38-e250-4d21-a08a-85f6f8aa82c7
[Auth] Token issued: jti=f322848e-bc77-47dd-99aa-5f3dc050dd2e
[Auth] Login successful from ::1
[WS] Client connected: 2f17609e-18c5-425e-b28b-d008d27f1931
[WS] Client disconnected: 2f17609e-18c5-425e-b28b-d008d27f1931
[WS] Client connected: 3a76fb2d-f820-48ce-a63f-010352b90ac4
[SessionManager] Shell startup readiness fallback used for session 4aa2d082-63be-482a-bdb1-7f284924af96
[SessionManager] Shell startup readiness fallback used for session 99291410-7738-4b75-878f-4775981464c1
[Auth] Token issued: jti=8dc8ba74-e3c1-4dcc-8200-d3e121e6e231
[Auth] Login successful from ::ffff:127.0.0.1
[Auth] Token issued: jti=feb2f631-b0d0-4290-846f-611721baca79
[Auth] Login successful from ::ffff:127.0.0.1
[WS] Client disconnected: 3a76fb2d-f820-48ce-a63f-010352b90ac4
[Auth] Token issued: jti=39da1d1b-e2b8-48bf-b24b-4c2d5b768006
[Auth] Login successful from ::ffff:127.0.0.1
[Shutdown] SIGTERM received, saving session CWDs...
[SessionManager] All CWD watchers stopped
[Shutdown] Workspace state + CWDs saved
[Shutdown] Session cleanup attempted=0 completed=0 degraded=0 skippedUnverified=0 remainingVerifiedDescendants=0
