=== issue34 RAISE direction: configured=14/12 (both ABOVE the removed 10/8) utc=2026-09-16T03:10:38Z ===
--- [1] server config in force ---
  workspace: {
    dataPath: "./data/workspaces.json",
    maxWorkspaces: 14,
    maxTabsPerWorkspace: 12,
    maxTotalSessions: 32,
    flushDebounceMs: 5000,
  },
--- [2] ports BEFORE start ---
(none on the WSL side)
  TCP    0.0.0.0:2001           0.0.0.0:0              LISTENING       30596
  TCP    0.0.0.0:2002           0.0.0.0:0              LISTENING       30596
  TCP    [::]:2001              [::]:0                 LISTENING       30596
  TCP    [::]:2002              [::]:0                 LISTENING       30596
--- [3] starting this checkout's server/dist/index.js, NODE_ENV=production PORT=2222 ---
--- [4] PROCESS IDENTITY via /proc (never the netstat.exe PID column) ---
pid:     116849
cmdline: node dist/index.js 
cwd:     /mnt/c/work/git/_Snoworca/ProjectMaster-issue2-20260916/server
exe:     /home/beom/.nvm/versions/node/v24.21.0/bin/node
inherited BUILDERGATE_* in the child environ: 0
NODE_ENV=production
PORT=2222
--- [5] limits the server actually publishes ---
GET /api/workspaces limits = {'maxWorkspaces': 14, 'maxTabsPerWorkspace': 12}
pre-existing workspaces = ['Workspace-1']
--- [6] Playwright RAISE spec, env ISSUE34_MAX_WORKSPACES=14 ISSUE34_MAX_TABS=12 ---
(node:116916) Warning: Setting the NODE_TLS_REJECT_UNAUTHORIZED environment variable to '0' makes TLS connections and HTTPS requests insecure by disabling certificate verification.
(Use `node --trace-warnings ...` to show where the warning was created)

Running 2 tests using 1 worker

(node:116940) Warning: Setting the NODE_TLS_REJECT_UNAUTHORIZED environment variable to '0' makes TLS connections and HTTPS requests insecure by disabling certificate verification.
(Use `node --trace-warnings ...` to show where the warning was created)
  ✘  1 [Desktop Chrome] › tests/e2e/issue34-capacity-raise.spec.ts:73:1 › issue34 raise AC-4: the workspace create control is still enabled at the removed constant 10 (8.7s)
(node:117059) Warning: Setting the NODE_TLS_REJECT_UNAUTHORIZED environment variable to '0' makes TLS connections and HTTPS requests insecure by disabling certificate verification.
(Use `node --trace-warnings ...` to show where the warning was created)
  ✓  2 [Desktop Chrome] › tests/e2e/issue34-capacity-raise.spec.ts:129:1 › issue34 raise AC-4: the add-terminal control is still enabled at the removed constant 8 (11.7s)
[e2e] workspaces: deleted=0, absent=0, failed=0


  1) [Desktop Chrome] › tests/e2e/issue34-capacity-raise.spec.ts:73:1 › issue34 raise AC-4: the workspace create control is still enabled at the removed constant 10 

    Error: Invalid workspace creation response proof

       at workspaceLeakGuard.ts:127

      125 |   if (!object(proof) || typeof proof.url !== 'string' || !URL.canParse(proof.url)
      126 |     || proof.method !== 'POST' || proof.status !== 201 || !object(proof.body) || !hasText(proof.body.id)
    > 127 |     || proof.body.id === '.' || proof.body.id === '..') throw Error('Invalid workspace creation response proof');
          |                                                               ^
      128 |   const url = new URL(proof.url);
      129 |   if (url.origin !== options.baseUrl || url.pathname !== '/api/workspaces') throw Error('Foreign workspace creation response');
      130 |   const workspaceId = proof.body.id;
        at registerWorkspaceCreation (/mnt/c/work/git/_Snoworca/ProjectMaster-issue2-20260916/frontend/tests/e2e/workspaceLeakGuard.ts:127:63)
        at createOwnedWorkspaceViaApi (/mnt/c/work/git/_Snoworca/ProjectMaster-issue2-20260916/frontend/tests/e2e/workspaceOwnershipFixture.ts:136:3)
        at /mnt/c/work/git/_Snoworca/ProjectMaster-issue2-20260916/frontend/tests/e2e/issue34-capacity-raise.spec.ts:111:7

    attachment #1: screenshot (image/png) ──────────────────────────────────────────────────────────
    test-results/issue34-capacity-raise-iss-d6685--at-the-removed-constant-10-Desktop-Chrome/test-failed-1.png
    ────────────────────────────────────────────────────────────────────────────────────────────────

    Error Context: test-results/issue34-capacity-raise-iss-d6685--at-the-removed-constant-10-Desktop-Chrome/error-context.md

  1 failed
    [Desktop Chrome] › tests/e2e/issue34-capacity-raise.spec.ts:73:1 › issue34 raise AC-4: the workspace create control is still enabled at the removed constant 10 
  1 passed (36.3s)
playwright exit: 1
--- [7] teardown: kill ONLY pid 116849, identity verified above ---
/proc/116849 exists after kill: no
--- [8] ports AFTER teardown ---
2221/2222 free on the WSL side
  TCP    0.0.0.0:2001           0.0.0.0:0              LISTENING       30596
  TCP    0.0.0.0:2002           0.0.0.0:0              LISTENING       30596
  TCP    [::]:2001              [::]:0                 LISTENING       30596
  TCP    [::]:2002              [::]:0                 LISTENING       30596
=== end raise run label=raise-14-12 ===
