[Config] All passwords already encrypted
[Config] Configuration loaded successfully
[Crypto] CryptoService initialized
[Auth] AuthService initialized
[TOTP] TOTP is disabled
[CommandPreset] CommandPresetService initialized
[TerminalShortcut] TerminalShortcutService initialized
[RecoveryOption] RecoveryOptionService initialized
[Workspace] WorkspaceService initialized
[Routes] API routes configured
  - GET  /health (public)
  - POST /api/auth/login (public)
  - POST /api/auth/logout (protected)
  - POST /api/auth/refresh (protected)
  - GET  /api/auth/status (protected)
  - GET  /api/settings (protected)
  - PATCH /api/settings (protected)
  - /api/command-presets/* (protected)
  - /api/terminal-shortcuts/* (protected)
  - /api/sessions/* (protected)
  - /api/sessions/:id/cwd (protected, File API)
  - /api/sessions/:id/files (protected, File API)
[Static] Production assets served from /mnt/c/work/git/_Snoworca/ProjectMaster-issue2-20260916/server/dist/public
[SSL] No certificate configured, generating self-signed certificate...
[SSL] Using existing self-signed certificate
[WS] WebSocket router initialized
[PTY] Global Windows backend default: winpty
[PTY] Effective PowerShell backend default: winpty (policy: inherit)

╔════════════════════════════════════════════════════════════════╗
║           BuilderGate Server (HTTPS)                             ║
╠════════════════════════════════════════════════════════════════╣
║  HTTPS Server: https://localhost:2222                        ║
║  Health Check: https://localhost:2222/health                 ║
║  Login:        POST https://localhost:2222/api/auth/login    ║
║  Global PTY:   winpty                                       ║
║  TLS Version:  1.2 - 1.3                                       ║
║  Auth:         JWT (HS256)                                     ║
║  2FA:          Disabled                           ║
╚════════════════════════════════════════════════════════════════╝

[HTTP] Redirect server running on http://localhost:2221
[HTTP] All requests redirected to HTTPS
[Auth] Token issued: jti=f478b648-f49e-4bd2-9375-c5fba3f8a159
[Auth] Login successful from ::1
[Auth] Token issued: jti=133a13d7-6be5-40b4-bdc6-5ee6da48ff2f
[Auth] Login successful from ::ffff:127.0.0.1
[Auth] Token issued: jti=17c28488-738e-4720-8de5-e8354f61faa6
[Auth] Login successful from ::1
[WS] Client connected: b07d1364-8600-49e1-bd3f-113c0fa5f5d2
[WS] Client disconnected: b07d1364-8600-49e1-bd3f-113c0fa5f5d2
[WS] Client connected: 92aa4d75-35f8-4952-a9ae-d4679b52c42f
[WS] Client disconnected: 92aa4d75-35f8-4952-a9ae-d4679b52c42f
[WS] Client connected: b8ecfd0a-1023-4cb5-89c7-c90c0d114b83
[Auth] Token issued: jti=8c5989f0-2ff6-483a-a6b1-483bed55506c
[Auth] Login successful from ::ffff:127.0.0.1
[Auth] Token issued: jti=9f5c8ce8-69ed-48bb-a9fa-5aa8954527ce
[Auth] Login successful from ::ffff:127.0.0.1
[WS] Client disconnected: b8ecfd0a-1023-4cb5-89c7-c90c0d114b83
[Auth] Token issued: jti=27cd849d-1378-41f0-9074-0ff7e211b044
[Auth] Login successful from ::1
[WS] Client connected: efd30c19-3097-4a9a-bfe7-ff49ff44bde2
[WS] Client disconnected: efd30c19-3097-4a9a-bfe7-ff49ff44bde2
[WS] Client connected: e5a8e858-c705-4a85-8220-3530339d7e3e
[SessionManager] Shell startup readiness fallback used for session 932219fd-b4d6-40c6-89c4-8bdc5aa1047e
[SessionManager] Shell startup readiness fallback used for session 330f0f7d-4617-445e-bfa5-f6c2f76c3eb0
[SessionManager] Shell startup readiness fallback used for session 8b801dd1-7715-4974-bb83-34f90c3a22a2
[SessionManager] Shell startup readiness fallback used for session 00b466e3-8364-48af-908c-1640b326a11b
[SessionManager] Shell startup readiness fallback used for session 8d5c5598-e966-41fa-828e-c308e32379c6
[SessionManager] Shell startup readiness fallback used for session 82a1e3c6-e9e9-44a3-a2fd-a6d7dfbac8f4
[SessionManager] Shell startup readiness fallback used for session 05d98352-b5e4-4ae7-90d0-4cbde35bd018
[SessionManager] Shell startup readiness fallback used for session b588ff51-d5ff-4f62-a340-c86f450f9c9c
[WS] Client disconnected: e5a8e858-c705-4a85-8220-3530339d7e3e
[WS] Client connected: e903fe3d-fc87-47b5-b612-6a0c97fa6af9
[SessionManager] Shell startup readiness fallback used for session df694e8f-ecfd-445f-80a0-95db04580d6c
[SessionManager] Shell startup readiness fallback used for session 5a4b1e24-136e-4806-8fbc-8ac707d229a7
[SessionManager] Shell startup readiness fallback used for session 7faf9aa2-5aad-4874-9f18-32f023866072
[SessionManager] Shell startup readiness fallback used for session dbdcaa2d-e27f-4b18-8a03-ec4eff079fe1
[Auth] Token issued: jti=d1aa03e9-f08c-497e-8e87-050cddf8d9f3
[Auth] Login successful from ::ffff:127.0.0.1
[Auth] Token issued: jti=0bc667a4-e43c-40ac-8188-888dcd612355
[Auth] Login successful from ::ffff:127.0.0.1
[WS] Client disconnected: e903fe3d-fc87-47b5-b612-6a0c97fa6af9
[Auth] Token issued: jti=30d90c5a-dcf7-4d4b-9761-8ed70bc7405b
[Auth] Login successful from ::ffff:127.0.0.1
[Shutdown] SIGTERM received, saving session CWDs...
[SessionManager] All CWD watchers stopped
[Shutdown] Workspace state + CWDs saved
[Shutdown] Session cleanup attempted=0 completed=0 degraded=0 skippedUnverified=0 remainingVerifiedDescendants=0
