[Config] All passwords already encrypted
[Config] Configuration loaded successfully
✔ MIG-BGSTAB-002 screen repair waits for an accepted retained resize before checking geometry (163.826914ms)
✔ MIG-BGSTAB-002 production attachment can activate retained shadow for an existing disabled session (133.897923ms)
[SessionManager] Terminal authority runtime degradation cleanup failed: AggregateError: terminal-authority-runtime-degradation-cleanup-failed
    at SessionManager.markHeadlessDegraded (/mnt/c/work/git/_Snoworca/ProjectMaster-issue2-20260916/server/src/services/SessionManager.ts:8614:9)
    at TestContext.<anonymous> (/mnt/c/work/git/_Snoworca/ProjectMaster-issue2-20260916/server/src/services/SessionManagerTerminalAuthorityRuntimePorts.test.ts:444:12)
    at Test.runInAsyncScope (node:async_hooks:227:14)
    at Test.run (node:internal/test_runner/test:1402:25)
    at Test.processPendingSubtests (node:internal/test_runner/test:974:18)
    at Test.postRun (node:internal/test_runner/test:1542:19)
    at Test.run (node:internal/test_runner/test:1467:12)
    at async Test.processPendingSubtests (node:internal/test_runner/test:974:7) {
  [errors]: [
    Error: injected-query-responder-detach-failure
        at Object.detach (/mnt/c/work/git/_Snoworca/ProjectMaster-issue2-20260916/server/src/services/SessionManagerTerminalAuthorityRuntimePorts.test.ts:428:15)
        at SessionManager.detachTerminalAuthorityRuntime (/mnt/c/work/git/_Snoworca/ProjectMaster-issue2-20260916/server/src/services/SessionManager.ts:5303:36)
        at SessionManager.disposeTerminalAuthorityRuntimeForSession (/mnt/c/work/git/_Snoworca/ProjectMaster-issue2-20260916/server/src/services/SessionManager.ts:5227:14)
        at SessionManager.markHeadlessDegraded (/mnt/c/work/git/_Snoworca/ProjectMaster-issue2-20260916/server/src/services/SessionManager.ts:8610:40)
        at TestContext.<anonymous> (/mnt/c/work/git/_Snoworca/ProjectMaster-issue2-20260916/server/src/services/SessionManagerTerminalAuthorityRuntimePorts.test.ts:444:12)
        at Test.runInAsyncScope (node:async_hooks:227:14)
        at Test.run (node:internal/test_runner/test:1402:25)
        at Test.processPendingSubtests (node:internal/test_runner/test:974:18)
        at Test.postRun (node:internal/test_runner/test:1542:19)
        at Test.run (node:internal/test_runner/test:1467:12),
    Error: injected-query-responder-detach-failure
        at Object.detach (/mnt/c/work/git/_Snoworca/ProjectMaster-issue2-20260916/server/src/services/SessionManagerTerminalAuthorityRuntimePorts.test.ts:428:15)
        at SessionManager.disposeTerminalAuthorityRuntimeForSession (/mnt/c/work/git/_Snoworca/ProjectMaster-issue2-20260916/server/src/services/SessionManager.ts:5233:30)
        at SessionManager.markHeadlessDegraded (/mnt/c/work/git/_Snoworca/ProjectMaster-issue2-20260916/server/src/services/SessionManager.ts:8610:40)
        at TestContext.<anonymous> (/mnt/c/work/git/_Snoworca/ProjectMaster-issue2-20260916/server/src/services/SessionManagerTerminalAuthorityRuntimePorts.test.ts:444:12)
        at Test.runInAsyncScope (node:async_hooks:227:14)
        at Test.run (node:internal/test_runner/test:1402:25)
        at Test.processPendingSubtests (node:internal/test_runner/test:974:18)
        at Test.postRun (node:internal/test_runner/test:1542:19)
        at Test.run (node:internal/test_runner/test:1467:12)
        at async Test.processPendingSubtests (node:internal/test_runner/test:974:7)
  ]
}
[SessionManager] Headless terminal degraded (write) for session terminal-authority-runtime-ports: injected-headless-degradation
✔ MIG-BGSTAB-002 runtime factory registration backfills sessions restored before production authority attachment (173.350078ms)
✔ MIG-BGSTAB-002 runtime factory registration is atomic and rejects a different owner factory (91.206485ms)
✔ MIG-BGSTAB-002 headless recreation disposes the previous authority runtime before replacement (87.251734ms)
✔ MIG-BGSTAB-002 headless degradation settles the owned authority runtime without a partial attachment (98.278248ms)
✔ MIG-BGSTAB-002 session finalization disposes a factory-owned authority runtime (82.463622ms)
✔ MIG-BGSTAB-002 runtime ports close real admission and restore the concrete browser driver only after both compatibility leases bind (94.612178ms)
✔ MIG-BGSTAB-002 unregistering the legacy driver preserves the session responder through replacement rebind (84.95119ms)
✔ MIG-BGSTAB-002 baseline legacy responder without an explicit lease id admits a replacement driver (81.805596ms)
✔ MIG-BGSTAB-002 promotion parity snapshot fails closed for missing lease, no-cache evidence, and comparer mismatch (247.02607ms)
✔ MIG-BGSTAB-002 reconnect cleanup revokes runtime leases and invalidates prepared promotion evidence (84.579661ms)
ℹ tests 12
ℹ suites 0
ℹ pass 12
ℹ fail 0
ℹ cancelled 0
ℹ skipped 0
ℹ todo 0
ℹ duration_ms 4371.362957
