[Config] All passwords already encrypted
[Config] Configuration loaded successfully
✔ RuntimeConfigStore builds a redacted editable snapshot (2.95389ms)
✔ FR-BGSTAB-025 runtime snapshot and capabilities contain no retired leaves (0.722486ms)
✔ RuntimeConfigStore marks platform-specific capabilities and merges editable patches (0.502179ms)
✔ RuntimeConfigStore exposes Wave6 resource capabilities without leaking server-only runtime config (0.69599ms)
✔ FR-BGSTAB-015 recentEventLimit capability is available with truthful constraints (0.460152ms)
✔ FR-BGSTAB-015 replaceValues applies recentEventLimit to the existing observer immediately (2.917969ms)
✔ FR-BGSTAB-015 replaceFromConfig applies recentEventLimit to the existing observer immediately (3.692571ms)
✔ FR-BGSTAB-015 recentEventLimit rejects invalid values without clamping or changing observer state (3.797879ms)
✔ RuntimeConfigStore validates Wave 0 resource limit patches after merging (1.516436ms)
✔ IR-BGSTAB-001 AC-8 publishes terminalWireFormat and nothing else beyond the existing allowlist (2.010874ms)
✔ IR-BGSTAB-001 AC-8 republishes terminalWireFormat after a runtime config reload (0.924764ms)
[Config] All passwords already encrypted
[Config] Configuration loaded successfully
✔ Observe-only TerminalResourcePolicy RED contract — OBS-BGSTAB-005 AC-1 (432.386462ms)
✔ Observe-only TerminalResourcePolicy RED contract — OBS-BGSTAB-005 AC-2 (5.055931ms)
✔ Observe-only TerminalResourcePolicy RED contract — OBS-BGSTAB-005 AC-3 (3.703849ms)
✔ Observe-only TerminalResourcePolicy RED contract — OBS-BGSTAB-005 AC-4 (1.526761ms)
✔ Observe-only TerminalResourcePolicy RED contract — OBS-BGSTAB-005 AC-5 (1.809902ms)
✔ Observe-only TerminalResourcePolicy RED contract — OBS-BGSTAB-005 AC-6 (4166.947302ms)
✔ Observe-only TerminalResourcePolicy RED contract — OBS-BGSTAB-005 AC-7 (3.903892ms)
[Config] All passwords already encrypted
[Config] Configuration loaded successfully
[Config] All passwords already encrypted
[Config] Configuration loaded successfully
[Config] All passwords already encrypted
[Config] Configuration loaded successfully
[Config] All passwords already encrypted
[Config] Configuration loaded successfully
[Config] All passwords already encrypted
[Config] Configuration loaded successfully
[Config] All passwords already encrypted
[Config] Configuration loaded successfully
✔ OBS-BGSTAB-005 review regression — raw provenance survives production loaders and replacements (88.132652ms)
[Config] All passwords already encrypted
[Config] Configuration loaded successfully
✔ OBS-BGSTAB-005 second review regression — explicit non-scrollback keys retain truthful loader provenance (15.206984ms)
✔ OBS-BGSTAB-005 review regression — ConfigFileRepository previous/next provenance survives settings reload and rollback (4.384867ms)
[Config] All passwords already encrypted
[Config] Passwords encryption skipped: ZodError: [
  {
    "expected": "number",
    "code": "invalid_type",
    "path": [
      "resourceLimits",
      "terminal",
      "scrollbackLines"
    ],
    "message": "Invalid input: expected number, received string"
  }
]
    at loadConfigFromPath (/mnt/c/work/git/_Snoworca/ProjectMaster-issue2-20260916/server/src/utils/config.ts:235:44)
    at <anonymous> (/mnt/c/work/git/_Snoworca/ProjectMaster-issue2-20260916/server/src/services/TerminalResourcePolicy.test.ts:765:13)
    at getActual (node:assert:611:5)
    at strict.throws (node:assert:759:24)
    at TestContext.<anonymous> (/mnt/c/work/git/_Snoworca/ProjectMaster-issue2-20260916/server/src/services/TerminalResourcePolicy.test.ts:764:12)
    at async Test.run (node:internal/test_runner/test:1409:7)
    at async Test.processPendingSubtests (node:internal/test_runner/test:974:7)
[Config] Configuration validation failed:
[
  {
    "expected": "number",
    "code": "invalid_type",
    "path": [
      "resourceLimits",
      "terminal",
      "scrollbackLines"
    ],
    "message": "Invalid input: expected number, received string"
  }
]
✔ OBS-BGSTAB-005 review regression — invalid raw provenance is sanitized and never silently falls through (19.853192ms)
✔ OBS-BGSTAB-005 review regression — compiler owns all 30 typed resources and records real legacy divergence (2.739224ms)
✔ OBS-BGSTAB-005 review regression — no candidate profile is available without a registered stable contract (1.808257ms)
✔ OBS-BGSTAB-005 review regression — telemetry is allowlisted, payload-free, bounded, and read-only on snapshot (2.039353ms)
✔ OBS-BGSTAB-005 review regression — exact repository tuples validate bidirectionally and detect new callsites (2385.252834ms)
✔ OBS-BGSTAB-005 third review regression — catalog evidence must be executable and remain in the intended symbol scope (7772.241241ms)
✔ OBS-BGSTAB-005 second review regression — production observe mode seeds bounded decisions on every config generation (4.356605ms)
✔ OBS-BGSTAB-005 second review regression — differential executes actual server and browser consumer helpers (1919.263108ms)
✔ OBS-BGSTAB-005 review regression — observer differential preserves actual serialized legacy paths (2.459432ms)
✔ PERF-BGSTAB-010 AC-4 fair delivery policy projection is derived from typed WS resource limits (2.123096ms)
[Config] All passwords already encrypted
[Config] Configuration loaded successfully
[WS] WebSocket router initialized
[WS] WebSocket router initialized
✔ PERF-BGSTAB-010 fixture contract — real SessionManager initialization retains authority and cleanup state (104.788746ms)
✔ PERF-BGSTAB-010 gated headless fixture preserves full state while disposal releases held write callbacks (0.297511ms)
[WS] WebSocket router initialized
✔ PERF-BGSTAB-010 gated real-session fixture drains a held write before public cleanup (2365.345658ms)
[WS] WebSocket router initialized
✔ PERF-BGSTAB-010 gated real-session fixture releases resources after an assertion failure (2347.048929ms)
[SessionManager] All CWD watchers stopped
[WS] WebSocket router initialized
✔ PERF-BGSTAB-010 emergency cleanup preserves a public finalizer error while releasing held callbacks (2341.497535ms)
[SessionManager] Headless terminal degraded (queue-overflow) for session gated-headless-overflow-cleanup-red: Headless output queue overflow (observe): byte-limit
[WS] WebSocket router initialized
[WS] WebSocket router initialized
[WS] Client disconnected: client-a
✔ PERF-BGSTAB-010 gated real-session PTY chain settles within the fixture bound after overflow cleanup (2339.16531ms)
✔ Non-loss policy canary infrastructure RED contract — REL-BGSTAB-010 AC-1 (162.548523ms)
[WS] WebSocket router initialized
[WS] Client disconnected: client-a
[WS] WebSocket router initialized
[WS] Client disconnected: client-a
[WS] Client disconnected: client-b
[WS] WebSocket router initialized
[WS] Client disconnected: client-a
[WS] Client disconnected: client-b
[WS] WebSocket router initialized
[WS] Client disconnected: client-a
[WS] Client disconnected: client-b
[WS] WebSocket router initialized
[WS] Client disconnected: client-a
[WS] Client disconnected: client-b
[WS] WebSocket router initialized
✔ REL-BGSTAB-010 production assembly shares one registry-derived lease authority (85.847113ms)
✔ Non-loss policy canary infrastructure RED contract — REL-BGSTAB-010 AC-2 (178.232129ms)
✔ Non-loss policy canary infrastructure RED contract — REL-BGSTAB-010 AC-3 (87.470082ms)
✔ Non-loss policy canary infrastructure RED contract — REL-BGSTAB-010 AC-4 (83.031264ms)
[WS] Client disconnected: client-a
[WS] Client disconnected: client-b
[WS] WebSocket router initialized
[WS] WebSocket router initialized
✔ Non-loss policy canary infrastructure RED contract — REL-BGSTAB-010 AC-5 (89.245405ms)
✔ REL-BGSTAB-010 headless finalizer revokes the old epoch and isolates same-ID recreation (87.873583ms)
[WS] WebSocket router initialized
[SessionManager] Headless terminal degraded (write) for session session-a1: simulated headless write failure
✔ REL-BGSTAB-010 headless maxChunks admits exact N and rejects N+1 without bypass (113.525278ms)
[WS] WebSocket router initialized
[WS] Client disconnected: client-a
[WS] WebSocket router initialized
✔ REL-BGSTAB-010 headless write failure settles the candidate to target-scoped legacy recovery (88.476795ms)
✔ REL-BGSTAB-010 valid but inactive leases cannot preview admit or rollback active WS and headless targets (84.963159ms)
[SessionManager] Headless terminal degraded (queue-overflow) for session session-nonselected: Headless output queue overflow (observe): byte-limit
[SessionManager] Headless terminal degraded (queue-overflow) for session session-a1: Headless output queue overflow (observe): byte-limit
[WS] WebSocket router initialized
✔ REL-BGSTAB-010 production PTY path uses target-scoped non-destructive headless policy and restores legacy limit (150.576274ms)
[WS] WebSocket router initialized
✔ REL-BGSTAB-010 headless rollback closes only after the actual write chain drains (89.328772ms)
✔ REL-BGSTAB-010 headless rollback fences every pre-boundary policy generation (89.29219ms)
✔ Non-loss policy canary infrastructure RED contract — REL-BGSTAB-010 AC-6 (0.420316ms)
✔ REL-BGSTAB-010 coalescing preserves every admission identity and lifetime fence (0.216274ms)
✔ PERF-BGSTAB-010 AC-3/AC-4 fair artifact admission 계약 부재 때문에 실패 (1.983365ms)
✔ PERF-BGSTAB-010 published fair artifact admission validates the benchmark policy contract (2.201589ms)
✔ PERF-BGSTAB-010 source default Canary admission fails closed (8.260962ms)
✔ PERF-BGSTAB-010 source canonical resolver rejects noncanonical authority (194.940196ms)
✔ PERF-BGSTAB-010 fresh default Canary accepts canonical authority (3822.16ms)
[Config] All passwords already encrypted
[Config] Configuration loaded successfully
[SessionManager] CWD does not exist: C:\work\git\_Snoworca\ProjectMaster-issue2-20260916\server, falling back to /home/beom
✔ public recovery fixture observes one public session and releases it (91.905472ms)
ℹ tests 58
ℹ suites 0
ℹ pass 58
ℹ fail 0
ℹ cancelled 0
ℹ skipped 0
ℹ todo 0
ℹ duration_ms 17920.614342
