[Config] All passwords already encrypted
[Config] Configuration loaded successfully
✔ RuntimeConfigStore builds a redacted editable snapshot (2.906727ms)
✔ FR-BGSTAB-025 runtime snapshot and capabilities contain no retired leaves (1.030249ms)
✔ RuntimeConfigStore marks platform-specific capabilities and merges editable patches (0.58644ms)
✔ RuntimeConfigStore exposes Wave6 resource capabilities without leaking server-only runtime config (0.639358ms)
✔ FR-BGSTAB-015 recentEventLimit capability is available with truthful constraints (0.473562ms)
✔ FR-BGSTAB-015 replaceValues applies recentEventLimit to the existing observer immediately (2.813019ms)
✔ FR-BGSTAB-015 replaceFromConfig applies recentEventLimit to the existing observer immediately (2.845488ms)
✔ FR-BGSTAB-015 recentEventLimit rejects invalid values without clamping or changing observer state (2.567441ms)
✔ RuntimeConfigStore validates Wave 0 resource limit patches after merging (1.207403ms)
✔ IR-BGSTAB-001 AC-8 publishes terminalWireFormat and nothing else beyond the existing allowlist (1.496821ms)
✔ IR-BGSTAB-001 AC-8 republishes terminalWireFormat after a runtime config reload (0.878977ms)
[Config] All passwords already encrypted
[Config] Configuration loaded successfully
✔ Observe-only TerminalResourcePolicy RED contract — OBS-BGSTAB-005 AC-1 (414.842137ms)
✔ Observe-only TerminalResourcePolicy RED contract — OBS-BGSTAB-005 AC-2 (4.103532ms)
✔ Observe-only TerminalResourcePolicy RED contract — OBS-BGSTAB-005 AC-3 (3.7634ms)
✔ Observe-only TerminalResourcePolicy RED contract — OBS-BGSTAB-005 AC-4 (1.565506ms)
✔ Observe-only TerminalResourcePolicy RED contract — OBS-BGSTAB-005 AC-5 (1.585555ms)
✔ Observe-only TerminalResourcePolicy RED contract — OBS-BGSTAB-005 AC-6 (4571.701285ms)
✔ Observe-only TerminalResourcePolicy RED contract — OBS-BGSTAB-005 AC-7 (3.922942ms)
[Config] All passwords already encrypted
[Config] Configuration loaded successfully
[Config] All passwords already encrypted
[Config] Configuration loaded successfully
[Config] All passwords already encrypted
[Config] Configuration loaded successfully
[Config] All passwords already encrypted
[Config] Configuration loaded successfully
[Config] All passwords already encrypted
[Config] Configuration loaded successfully
[Config] All passwords already encrypted
[Config] Configuration loaded successfully
✔ OBS-BGSTAB-005 review regression — raw provenance survives production loaders and replacements (86.670458ms)
[Config] All passwords already encrypted
[Config] Configuration loaded successfully
✔ OBS-BGSTAB-005 second review regression — explicit non-scrollback keys retain truthful loader provenance (14.459805ms)
✔ OBS-BGSTAB-005 review regression — ConfigFileRepository previous/next provenance survives settings reload and rollback (4.788772ms)
[Config] All passwords already encrypted
[Config] Passwords encryption skipped: ZodError: [
  {
    "expected": "number",
    "code": "invalid_type",
    "path": [
      "resourceLimits",
      "terminal",
      "scrollbackLines"
    ],
    "message": "Invalid input: expected number, received string"
  }
]
    at loadConfigFromPath (/mnt/c/work/git/_Snoworca/ProjectMaster-issue2-20260916/server/src/utils/config.ts:235:44)
    at <anonymous> (/mnt/c/work/git/_Snoworca/ProjectMaster-issue2-20260916/server/src/services/TerminalResourcePolicy.test.ts:765:13)
    at getActual (node:assert:611:5)
    at strict.throws (node:assert:759:24)
    at TestContext.<anonymous> (/mnt/c/work/git/_Snoworca/ProjectMaster-issue2-20260916/server/src/services/TerminalResourcePolicy.test.ts:764:12)
    at async Test.run (node:internal/test_runner/test:1409:7)
    at async Test.processPendingSubtests (node:internal/test_runner/test:974:7)
[Config] Configuration validation failed:
[
  {
    "expected": "number",
    "code": "invalid_type",
    "path": [
      "resourceLimits",
      "terminal",
      "scrollbackLines"
    ],
    "message": "Invalid input: expected number, received string"
  }
]
✔ OBS-BGSTAB-005 review regression — invalid raw provenance is sanitized and never silently falls through (20.185674ms)
✔ OBS-BGSTAB-005 review regression — compiler owns all 30 typed resources and records real legacy divergence (3.404655ms)
✔ OBS-BGSTAB-005 review regression — no candidate profile is available without a registered stable contract (2.01054ms)
✔ OBS-BGSTAB-005 review regression — telemetry is allowlisted, payload-free, bounded, and read-only on snapshot (2.102692ms)
✔ OBS-BGSTAB-005 review regression — exact repository tuples validate bidirectionally and detect new callsites (2280.146937ms)
✔ OBS-BGSTAB-005 third review regression — catalog evidence must be executable and remain in the intended symbol scope (8066.681355ms)
✔ OBS-BGSTAB-005 second review regression — production observe mode seeds bounded decisions on every config generation (5.010163ms)
✔ OBS-BGSTAB-005 second review regression — differential executes actual server and browser consumer helpers (1948.124468ms)
✔ OBS-BGSTAB-005 review regression — observer differential preserves actual serialized legacy paths (2.373992ms)
✔ PERF-BGSTAB-010 AC-4 fair delivery policy projection is derived from typed WS resource limits (2.186929ms)
[Config] All passwords already encrypted
[Config] Configuration loaded successfully
[WS] WebSocket router initialized
[WS] WebSocket router initialized
✔ PERF-BGSTAB-010 fixture contract — real SessionManager initialization retains authority and cleanup state (100.402934ms)
✔ PERF-BGSTAB-010 gated headless fixture preserves full state while disposal releases held write callbacks (0.302674ms)
[WS] WebSocket router initialized
✔ PERF-BGSTAB-010 gated real-session fixture drains a held write before public cleanup (2350.619588ms)
[WS] WebSocket router initialized
✔ PERF-BGSTAB-010 gated real-session fixture releases resources after an assertion failure (2370.692312ms)
[SessionManager] All CWD watchers stopped
[WS] WebSocket router initialized
✔ PERF-BGSTAB-010 emergency cleanup preserves a public finalizer error while releasing held callbacks (2336.392181ms)
[SessionManager] Headless terminal degraded (queue-overflow) for session gated-headless-overflow-cleanup-red: Headless output queue overflow (observe): byte-limit
[WS] WebSocket router initialized
[WS] WebSocket router initialized
[WS] Client disconnected: client-a
✔ PERF-BGSTAB-010 gated real-session PTY chain settles within the fixture bound after overflow cleanup (2346.521049ms)
✔ Non-loss policy canary infrastructure RED contract — REL-BGSTAB-010 AC-1 (163.278055ms)
[WS] WebSocket router initialized
[WS] Client disconnected: client-a
[WS] WebSocket router initialized
[WS] Client disconnected: client-a
[WS] Client disconnected: client-b
[WS] WebSocket router initialized
[WS] Client disconnected: client-a
[WS] Client disconnected: client-b
[WS] WebSocket router initialized
[WS] Client disconnected: client-a
[WS] Client disconnected: client-b
[WS] WebSocket router initialized
[WS] Client disconnected: client-a
[WS] Client disconnected: client-b
[WS] WebSocket router initialized
✔ REL-BGSTAB-010 production assembly shares one registry-derived lease authority (89.409672ms)
✔ Non-loss policy canary infrastructure RED contract — REL-BGSTAB-010 AC-2 (167.613462ms)
✔ Non-loss policy canary infrastructure RED contract — REL-BGSTAB-010 AC-3 (86.183413ms)
✔ Non-loss policy canary infrastructure RED contract — REL-BGSTAB-010 AC-4 (85.069507ms)
[WS] Client disconnected: client-a
[WS] Client disconnected: client-b
[WS] WebSocket router initialized
[WS] WebSocket router initialized
✔ Non-loss policy canary infrastructure RED contract — REL-BGSTAB-010 AC-5 (94.270287ms)
✔ REL-BGSTAB-010 headless finalizer revokes the old epoch and isolates same-ID recreation (87.619503ms)
[WS] WebSocket router initialized
[SessionManager] Headless terminal degraded (write) for session session-a1: simulated headless write failure
✔ REL-BGSTAB-010 headless maxChunks admits exact N and rejects N+1 without bypass (115.73491ms)
[WS] WebSocket router initialized
[WS] Client disconnected: client-a
[WS] WebSocket router initialized
✔ REL-BGSTAB-010 headless write failure settles the candidate to target-scoped legacy recovery (92.044487ms)
✔ REL-BGSTAB-010 valid but inactive leases cannot preview admit or rollback active WS and headless targets (89.099629ms)
[SessionManager] Headless terminal degraded (queue-overflow) for session session-nonselected: Headless output queue overflow (observe): byte-limit
[SessionManager] Headless terminal degraded (queue-overflow) for session session-a1: Headless output queue overflow (observe): byte-limit
[WS] WebSocket router initialized
✔ REL-BGSTAB-010 production PTY path uses target-scoped non-destructive headless policy and restores legacy limit (156.47483ms)
[WS] WebSocket router initialized
✔ REL-BGSTAB-010 headless rollback closes only after the actual write chain drains (113.18724ms)
✔ REL-BGSTAB-010 headless rollback fences every pre-boundary policy generation (107.087601ms)
✔ Non-loss policy canary infrastructure RED contract — REL-BGSTAB-010 AC-6 (0.488405ms)
✔ REL-BGSTAB-010 coalescing preserves every admission identity and lifetime fence (0.236662ms)
✔ PERF-BGSTAB-010 AC-3/AC-4 fair artifact admission 계약 부재 때문에 실패 (2.128109ms)
✔ PERF-BGSTAB-010 published fair artifact admission validates the benchmark policy contract (2.319666ms)
✔ PERF-BGSTAB-010 source default Canary admission fails closed (8.938512ms)
✔ PERF-BGSTAB-010 source canonical resolver rejects noncanonical authority (209.406752ms)
✔ PERF-BGSTAB-010 fresh default Canary accepts canonical authority (4063.642881ms)
[Config] All passwords already encrypted
[Config] Configuration loaded successfully
[SessionManager] CWD does not exist: C:\work\git\_Snoworca\ProjectMaster-issue2-20260916\server, falling back to /home/beom
✔ public recovery fixture observes one public session and releases it (104.045143ms)
ℹ tests 58
ℹ suites 0
ℹ pass 58
ℹ fail 0
ℹ cancelled 0
ℹ skipped 0
ℹ todo 0
ℹ duration_ms 18487.757068
