node:internal/modules/run_main:107
    triggerUncaughtException(
    ^

AssertionError [ERR_ASSERTION]: classification identity must not drift from the sealed historical inventory
+ actual - expected

  [
    '{"path":"frontend/src/components/Settings/settingsDraftHelpers.ts","classification":"settings-facade","symbol":"mergeSettingsDraft","evidenceSignature":"resourceLimits.headless.pendingOutputMaxBytes","accessEvidenceSha256":"37e29d7a9b35d8580277ec9cad6dacad0975a3b6648e190eb6b9bcc979e5701a","reason":"Settings draft projection; it does not apply terminal runtime decisions."}',
    '{"path":"frontend/src/types/settings.ts","classification":"schema-source","symbol":"EditableSettingsValues","evidenceSignature":"resourceLimits.headless.pendingOutputMaxBytes","accessEvidenceSha256":"4f53cda18c2baa0c0354bb5f9a3ecbe5ed12ab4d8e11ba873c2f11161202b945","reason":"Browser settings type source; it does not apply terminal runtime decisions."}',
    '{"path":"frontend/src/utils/inputReliabilityMode.ts","classification":"policy-projection","symbol":"getTerminalResourceLimits","evidenceSignature":"export function getTerminalResourceLimits","accessEvidenceSha256":"5c0e5934d04fe2a9efd6a69c26f23fc745c7e837b99305523ac7847c39ab6cb6","reason":"Browser config projection plus tombstone cleanup consumer."}',
    '{"path":"frontend/src/utils/terminalOutputHotPath.ts","classification":"policy-projection","symbol":"getTerminalOutputHotPathLimits","evidenceSignature":"getTerminalResourceLimits()","accessEvidenceSha256":"4f53cda18c2baa0c0354bb5f9a3ecbe5ed12ab4d8e11ba873c2f11161202b945","reason":"Caches browser terminal limits for downstream runtime consumers."}',
    '{"path":"server/src/schemas/config.schema.ts","classification":"schema-source","symbol":"resourceLimitsSchema","evidenceSignature":"export const resourceLimitsSchema","accessEvidenceSha256":"4f53cda18c2baa0c0354bb5f9a3ecbe5ed12ab4d8e11ba873c2f11161202b945","reason":"Validation/default source; it does not make runtime decisions."}',
+   '{"path":"server/src/services/ConfigFileRepository.ts","classification":"persistence-boundary","symbol":"applyEditableValues","evidenceSignature":"function applyEditableValues","accessEvidenceSha256":"d5ee2b5e94dd56507a37f8df3f06e44f6c7b38d3a0f73a64218ec82a2d3e5678","reason":"Persists configuration; it is not a terminal runtime consumer."}',
-   '{"path":"server/src/services/ConfigFileRepository.ts","classification":"persistence-boundary","symbol":"applyEditableValues","evidenceSignature":"function applyEditableValues","accessEvidenceSha256":"99ca442cae983de0925938267e2a74856eba8b0587e8dccdda8381d04111dd39","reason":"Persists configuration; it is not a terminal runtime consumer."}',
    '{"path":"server/src/services/RuntimeConfigStore.ts","classification":"policy-projection","symbol":"getTerminalResourcePolicyObservation","evidenceSignature":"getTerminalResourcePolicyObservation","accessEvidenceSha256":"f98f45d38dbe49427b6c59b6f0817a7c702d9967b0e1195027e078cbb61aaaa6","reason":"Projects effective values and evidence without claiming consumer application."}',
    '{"path":"server/src/services/SettingsService.ts","classification":"settings-facade","symbol":"mergeEditablePatch","evidenceSignature":"mergeEditablePatch","accessEvidenceSha256":"4f53cda18c2baa0c0354bb5f9a3ecbe5ed12ab4d8e11ba873c2f11161202b945","reason":"Settings facade passes values to persistence/runtime boundaries."}',
    '{"path":"server/src/types/config.types.ts","classification":"schema-source","symbol":"ResourceLimitsConfig","evidenceSignature":"export interface ResourceLimitsConfig","accessEvidenceSha256":"4f53cda18c2baa0c0354bb5f9a3ecbe5ed12ab4d8e11ba873c2f11161202b945","reason":"Typed source; it does not make runtime decisions."}',
    '{"path":"server/src/types/settings.types.ts","classification":"schema-source","symbol":"EditableSettingsKey","evidenceSignature":"resourceLimits.headless.pendingOutputMaxBytes","accessEvidenceSha256":"4f53cda18c2baa0c0354bb5f9a3ecbe5ed12ab4d8e11ba873c2f11161202b945","reason":"Server settings key source; it does not apply terminal runtime decisions."}'
  ]

    at file:///mnt/c/work/git/_Snoworca/ProjectMaster-issue2-20260916/tools/wave3/terminal-resource-consumer-manifest.test.mjs:467:8
    at ModuleJob.run (node:internal/modules/esm/module_job:561:25)
    at async node:internal/modules/esm/loader:647:26
    at async asyncRunEntryPointWithESMLoader (node:internal/modules/run_main:101:5) {
  generatedMessage: false,
  code: 'ERR_ASSERTION',
  actual: [
    '{"path":"frontend/src/components/Settings/settingsDraftHelpers.ts","classification":"settings-facade","symbol":"mergeSettingsDraft","evidenceSignature":"resourceLimits.headless.pendingOutputMaxBytes","accessEvidenceSha256":"37e29d7a9b35d8580277ec9cad6dacad0975a3b6648e190eb6b9bcc979e5701a","reason":"Settings draft projection; it does not apply terminal runtime decisions."}',
    '{"path":"frontend/src/types/settings.ts","classification":"schema-source","symbol":"EditableSettingsValues","evidenceSignature":"resourceLimits.headless.pendingOutputMaxBytes","accessEvidenceSha256":"4f53cda18c2baa0c0354bb5f9a3ecbe5ed12ab4d8e11ba873c2f11161202b945","reason":"Browser settings type source; it does not apply terminal runtime decisions."}',
    '{"path":"frontend/src/utils/inputReliabilityMode.ts","classification":"policy-projection","symbol":"getTerminalResourceLimits","evidenceSignature":"export function getTerminalResourceLimits","accessEvidenceSha256":"5c0e5934d04fe2a9efd6a69c26f23fc745c7e837b99305523ac7847c39ab6cb6","reason":"Browser config projection plus tombstone cleanup consumer."}',
    '{"path":"frontend/src/utils/terminalOutputHotPath.ts","classification":"policy-projection","symbol":"getTerminalOutputHotPathLimits","evidenceSignature":"getTerminalResourceLimits()","accessEvidenceSha256":"4f53cda18c2baa0c0354bb5f9a3ecbe5ed12ab4d8e11ba873c2f11161202b945","reason":"Caches browser terminal limits for downstream runtime consumers."}',
    '{"path":"server/src/schemas/config.schema.ts","classification":"schema-source","symbol":"resourceLimitsSchema","evidenceSignature":"export const resourceLimitsSchema","accessEvidenceSha256":"4f53cda18c2baa0c0354bb5f9a3ecbe5ed12ab4d8e11ba873c2f11161202b945","reason":"Validation/default source; it does not make runtime decisions."}',
    '{"path":"server/src/services/ConfigFileRepository.ts","classification":"persistence-boundary","symbol":"applyEditableValues","evidenceSignature":"function applyEditableValues","accessEvidenceSha256":"d5ee2b5e94dd56507a37f8df3f06e44f6c7b38d3a0f73a64218ec82a2d3e5678","reason":"Persists configuration; it is not a terminal runtime consumer."}',
    '{"path":"server/src/services/RuntimeConfigStore.ts","classification":"policy-projection","symbol":"getTerminalResourcePolicyObservation","evidenceSignature":"getTerminalResourcePolicyObservation","accessEvidenceSha256":"f98f45d38dbe49427b6c59b6f0817a7c702d9967b0e1195027e078cbb61aaaa6","reason":"Projects effective values and evidence without claiming consumer application."}',
    '{"path":"server/src/services/SettingsService.ts","classification":"settings-facade","symbol":"mergeEditablePatch","evidenceSignature":"mergeEditablePatch","accessEvidenceSha256":"4f53cda18c2baa0c0354bb5f9a3ecbe5ed12ab4d8e11ba873c2f11161202b945","reason":"Settings facade passes values to persistence/runtime boundaries."}',
    '{"path":"server/src/types/config.types.ts","classification":"schema-source","symbol":"ResourceLimitsConfig","evidenceSignature":"export interface ResourceLimitsConfig","accessEvidenceSha256":"4f53cda18c2baa0c0354bb5f9a3ecbe5ed12ab4d8e11ba873c2f11161202b945","reason":"Typed source; it does not make runtime decisions."}',
    '{"path":"server/src/types/settings.types.ts","classification":"schema-source","symbol":"EditableSettingsKey","evidenceSignature":"resourceLimits.headless.pendingOutputMaxBytes","accessEvidenceSha256":"4f53cda18c2baa0c0354bb5f9a3ecbe5ed12ab4d8e11ba873c2f11161202b945","reason":"Server settings key source; it does not apply terminal runtime decisions."}'
  ],
  expected: [
    '{"path":"frontend/src/components/Settings/settingsDraftHelpers.ts","classification":"settings-facade","symbol":"mergeSettingsDraft","evidenceSignature":"resourceLimits.headless.pendingOutputMaxBytes","accessEvidenceSha256":"37e29d7a9b35d8580277ec9cad6dacad0975a3b6648e190eb6b9bcc979e5701a","reason":"Settings draft projection; it does not apply terminal runtime decisions."}',
    '{"path":"frontend/src/types/settings.ts","classification":"schema-source","symbol":"EditableSettingsValues","evidenceSignature":"resourceLimits.headless.pendingOutputMaxBytes","accessEvidenceSha256":"4f53cda18c2baa0c0354bb5f9a3ecbe5ed12ab4d8e11ba873c2f11161202b945","reason":"Browser settings type source; it does not apply terminal runtime decisions."}',
    '{"path":"frontend/src/utils/inputReliabilityMode.ts","classification":"policy-projection","symbol":"getTerminalResourceLimits","evidenceSignature":"export function getTerminalResourceLimits","accessEvidenceSha256":"5c0e5934d04fe2a9efd6a69c26f23fc745c7e837b99305523ac7847c39ab6cb6","reason":"Browser config projection plus tombstone cleanup consumer."}',
    '{"path":"frontend/src/utils/terminalOutputHotPath.ts","classification":"policy-projection","symbol":"getTerminalOutputHotPathLimits","evidenceSignature":"getTerminalResourceLimits()","accessEvidenceSha256":"4f53cda18c2baa0c0354bb5f9a3ecbe5ed12ab4d8e11ba873c2f11161202b945","reason":"Caches browser terminal limits for downstream runtime consumers."}',
    '{"path":"server/src/schemas/config.schema.ts","classification":"schema-source","symbol":"resourceLimitsSchema","evidenceSignature":"export const resourceLimitsSchema","accessEvidenceSha256":"4f53cda18c2baa0c0354bb5f9a3ecbe5ed12ab4d8e11ba873c2f11161202b945","reason":"Validation/default source; it does not make runtime decisions."}',
    '{"path":"server/src/services/ConfigFileRepository.ts","classification":"persistence-boundary","symbol":"applyEditableValues","evidenceSignature":"function applyEditableValues","accessEvidenceSha256":"99ca442cae983de0925938267e2a74856eba8b0587e8dccdda8381d04111dd39","reason":"Persists configuration; it is not a terminal runtime consumer."}',
    '{"path":"server/src/services/RuntimeConfigStore.ts","classification":"policy-projection","symbol":"getTerminalResourcePolicyObservation","evidenceSignature":"getTerminalResourcePolicyObservation","accessEvidenceSha256":"f98f45d38dbe49427b6c59b6f0817a7c702d9967b0e1195027e078cbb61aaaa6","reason":"Projects effective values and evidence without claiming consumer application."}',
    '{"path":"server/src/services/SettingsService.ts","classification":"settings-facade","symbol":"mergeEditablePatch","evidenceSignature":"mergeEditablePatch","accessEvidenceSha256":"4f53cda18c2baa0c0354bb5f9a3ecbe5ed12ab4d8e11ba873c2f11161202b945","reason":"Settings facade passes values to persistence/runtime boundaries."}',
    '{"path":"server/src/types/config.types.ts","classification":"schema-source","symbol":"ResourceLimitsConfig","evidenceSignature":"export interface ResourceLimitsConfig","accessEvidenceSha256":"4f53cda18c2baa0c0354bb5f9a3ecbe5ed12ab4d8e11ba873c2f11161202b945","reason":"Typed source; it does not make runtime decisions."}',
    '{"path":"server/src/types/settings.types.ts","classification":"schema-source","symbol":"EditableSettingsKey","evidenceSignature":"resourceLimits.headless.pendingOutputMaxBytes","accessEvidenceSha256":"4f53cda18c2baa0c0354bb5f9a3ecbe5ed12ab4d8e11ba873c2f11161202b945","reason":"Server settings key source; it does not apply terminal runtime decisions."}'
  ],
  operator: 'deepStrictEqual',
  diff: 'simple'
}

Node.js v24.21.0
