[Config] All passwords already encrypted
[Config] Configuration loaded successfully
✔ OPS-BGSTAB-010 the published generation pins the sources on disk (61.397794ms)
✔ OPS-BGSTAB-010 the compiled canary accepts the bundled artifact policy (2965.216809ms)
✔ OPS-BGSTAB-010 altering one pinned byte breaks the digest equality (47.475569ms)
[Config] All passwords already encrypted
[Config] Configuration loaded successfully
✔ PERF-BGSTAB-010 compiled runtime resolves only its staged evidence bundle and rejects escaped references (7197.925768ms)
✔ PERF-BGSTAB-010 portable compiled Canary accepts fresh canonical authority (5859.602027ms)
✔ PERF-BGSTAB-010 one-field authority identity drift rejects default admission (4305.454104ms)
✔ PERF-BGSTAB-010 RuntimeConfigStore profile is non-secret and binds raw plus decision evidence (745.688553ms)
✔ PERF-BGSTAB-010 policy profile deeply freezes leaves and changes measured evidence for a non-default policy (805.96983ms)
✔ PERF-BGSTAB-010 one-field policy profile drift rejects fair-delivery evidence (456.747228ms)
✔ PERF-BGSTAB-010 official writer retains an earlier generation when a policy profile changes (1748.852074ms)
✔ PERF-BGSTAB-010 official writer reissues an already moved identical generation after a pointer-swap interruption (2367.666441ms)
✔ PERF-BGSTAB-010 official writer preserves an earlier pointer when the moved retry generation differs (2472.33053ms)
✔ PERF-BGSTAB-010 official writer fails closed on a stale output lock without changing LKG (1877.057729ms)
✔ PERF-BGSTAB-010 concurrent docs publication fails closed while its output lock is held (1835.010579ms)
✔ PERF-BGSTAB-010 docs publication path aliases share one output lock (1069.447002ms)
﹣ PERF-BGSTAB-010 docs publication shares its lock across an NTFS 8.3 output alias (14.14946ms) # NTFS 8.3 short path is unavailable for this test directory
[Config] All passwords already encrypted
[Config] Configuration loaded successfully
✔ PERF-BGSTAB-010 compiled runtime validates the published artifact through build provenance (4227.157129ms)
✔ PERF-BGSTAB-010 runtime policy profile default admission uses current authority identity (4592.037692ms)
✔ PERF-BGSTAB-010 source provenance parser fails closed for malformed manifests (1.255937ms)
✔ PERF-BGSTAB-010 source-dist canonical authority parity fails closed (6167.544372ms)
[Config] All passwords already encrypted
[Config] Configuration loaded successfully
✔ PERF-BGSTAB-010 artifact source digest covers runtime delivery and admission gates (7.797918ms)
✔ PERF-BGSTAB-010 source provenance digest binds shared authority locator (100.961952ms)
✔ PERF-BGSTAB-010 benchmark artifact records the same projected policy used by runtime admission (496.342838ms)
✔ PERF-BGSTAB-010 published source digest is available to the runtime admission gate (467.966216ms)
✔ PERF-BGSTAB-010 source policy profile default admission uses current authority identity (29.875934ms)
✔ PERF-BGSTAB-010 AC-2/AC-3 deterministic WAN fair-scheduler artifact contract (741.114887ms)
✔ PERF-BGSTAB-010 AC-2 applies the same WAN and ACK-fault workload to FIFO, Orca hold/bypass, and DRR (669.80763ms)
✔ PERF-BGSTAB-010 AC-3 measured artifact validator fails closed for tampering and accepts complete evidence (517.164873ms)
✔ PERF-BGSTAB-010 AC-3 validates every published trial sidecar against combined raw evidence (360.564256ms)
✔ PERF-BGSTAB-010 AC-2/AC-3 registers every measured delivery bound and rejects a changed threshold contract (381.327985ms)
✔ PERF-BGSTAB-010 AC-3 staged fair-scheduler artifact publish contract (852.684155ms)
﹣ PERF-BGSTAB-010 decision writer shares its publish lock across an NTFS 8.3 output-root alias (6.966095ms) # NTFS 8.3 short path is unavailable for this test directory
✔ PERF-BGSTAB-010 canonical authority publisher creates current immutable generation (4608.503585ms)
✔ PERF-BGSTAB-010 source canonical bundle validates pointer provenance raw SHA and 1-2-8 decision (1953.517182ms)
[Config] All passwords already encrypted
[Config] Configuration loaded successfully
✔ OPS-BGSTAB-011 the inventory covers the configuration schema exactly once per leaf (7.459066ms)
✔ OPS-BGSTAB-011 every entry carries one classification from the closed set and a reason (5.944327ms)
✔ OPS-BGSTAB-011 non-inert entries name a real consumer and inert entries name none (15.822699ms)
✔ OPS-BGSTAB-011 the inventory agrees with the existing RuntimeConfigStore classification tables (5.831896ms)
✔ OPS-BGSTAB-011 safety-only entries record the bound they protect (10.742473ms)
✔ OPS-BGSTAB-011 the schema walk refuses shapes it would silently mis-count (8.142992ms)
✔ OPS-BGSTAB-011 the configuration schema still has exactly 81 leaves (0.472419ms)
✔ REL-BGSTAB-023 AC-1 the checkpoint byte budget is its own canonical schema key (2.403366ms)
✔ REL-BGSTAB-023 AC-5 the shipped default leaves the effective budget unchanged (0.160075ms)
✔ REL-BGSTAB-023 AC-1 the checkpoint byte budget shares the range it was split from (1.161048ms)
✔ REL-BGSTAB-023 AC-1 the terminal block stays strict about unknown keys (0.341168ms)
✔ REL-BGSTAB-023 AC-4 the checkpoint byte budget is registered as a terminal resource key (0.220996ms)
[Config] All passwords already encrypted
[Config] Configuration loaded successfully
✔ FR-BGSTAB-025 strict legacy loading preserves the file and unrelated Settings persistence does not restore retired defaults (21.415959ms)
✔ ConfigFileRepository inserts Wave6 resource sections into legacy config text (8.863484ms)
[Config] All passwords already encrypted
[Config] Configuration loaded successfully
[SessionManager] All CWD watchers stopped
✔ ACK-01 REL-BGSTAB-011 reserves ordinary source tuples before headless commit (227.062162ms)
[SessionManager] All CWD watchers stopped
✔ ACK-01 PERF-BGSTAB-011 routes each ordinary reservation tuple unchanged after commit (177.961354ms)
[SessionManager] All CWD watchers stopped
✔ ACK-01 REL-BGSTAB-011 reserves rollover source tuples before headless commit (192.637749ms)
[SessionManager] All CWD watchers stopped
✔ ACK-01 PERF-BGSTAB-011 routes each rollover reservation tuple unchanged after commit (168.136889ms)
[SessionManager] All CWD watchers stopped
✔ ACK-01 REL-BGSTAB-011 keeps reservation commit and router identity equal after 1 snapshot-only resize(s) (172.706559ms)
[SessionManager] All CWD watchers stopped
✔ ACK-01 REL-BGSTAB-011 keeps reservation commit and router identity equal after 2 snapshot-only resize(s) (149.967358ms)
[SessionManager] All CWD watchers stopped
✔ ACK-01 REL-BGSTAB-011 preserves pending reservations across an interleaved snapshot rollover (176.706848ms)
[SessionManager] All CWD watchers stopped
✔ ACK-15 resize preserves queued source identities at snapshot 40 (154.384316ms)
[SessionManager] All CWD watchers stopped
[SessionManager] Headless terminal degraded (write) for session retained-authority-41011: ACK-16 injected first headless write failure
[SessionManager] All CWD watchers stopped
✔ ACK-15 resize preserves queued source identities at snapshot 18446744073709551613 (123.091732ms)
✔ ACK-16 failed writes and headless recreation discard projected snapshot reservations (128.576568ms)
[SessionManager] All CWD watchers stopped
✔ ACK-16 enabling shadow after disabled output preserves committed source identity (149.379206ms)
[SessionManager] All CWD watchers stopped
[SessionManager] All CWD watchers stopped
[SessionManager] All CWD watchers stopped
✔ Retained server model shadow and driver lease RED contract — REL-BGSTAB-011 AC-1 (442.271816ms)
[SessionManager] All CWD watchers stopped
✔ RED reviewer — populated Ordinal64 rollover keeps oldest retained marker epoch-qualified (124.368265ms)
[SessionManager] All CWD watchers stopped
✔ Retained server model shadow and driver lease RED contract — REL-BGSTAB-011 AC-2 (139.019168ms)
[SessionManager] All CWD watchers stopped
✔ Retained server model shadow and driver lease RED contract — REL-BGSTAB-011 AC-3 (124.394617ms)
[SessionManager] All CWD watchers stopped
[Session retained-authority-41020] Idle detection upgraded to osc133 mode
✔ Retained server model shadow and driver lease RED contract — REL-BGSTAB-011 AC-4 (154.846251ms)
[SessionManager] All CWD watchers stopped
✔ Retained server model shadow and driver lease RED contract — REL-BGSTAB-011 AC-5 (130.724976ms)
[SessionManager] All CWD watchers stopped
[SessionManager] All CWD watchers stopped
✔ Retained server model shadow and driver lease RED contract — REL-BGSTAB-011 AC-6 (121.106802ms)
✔ RED reviewer — failed competing mutation lease rolls back only its newly registered view (120.925174ms)
[SessionManager] All CWD watchers stopped
[SessionManager] All CWD watchers stopped
✔ Retained server model shadow and driver lease RED contract — REL-BGSTAB-011 AC-7 (245.619859ms)
[SessionManager] All CWD watchers stopped
✔ Retained server model shadow and driver lease RED contract — REL-BGSTAB-011 AC-8 (139.783098ms)
[SessionManager] All CWD watchers stopped
[SessionManager] All CWD watchers stopped
[SessionManager] All CWD watchers stopped
[SessionManager] All CWD watchers stopped
✔ Retained server model shadow and driver lease RED contract — REL-BGSTAB-011 AC-9 (497.027414ms)
[SessionManager] All CWD watchers stopped
[SessionManager] All CWD watchers stopped
✔ Retained server model shadow and driver lease RED contract — REL-BGSTAB-007 AC-1 (248.033633ms)
[SessionManager] All CWD watchers stopped
✔ Retained server model shadow and driver lease RED contract — REL-BGSTAB-007 AC-2 (129.512782ms)
[SessionManager] All CWD watchers stopped
✔ Retained server model shadow and driver lease RED contract — REL-BGSTAB-007 AC-3 (128.518366ms)
[SessionManager] All CWD watchers stopped
✔ Retained server model shadow and driver lease RED contract — REL-BGSTAB-007 AC-6 (118.217849ms)
[SessionManager] All CWD watchers stopped
✔ Retained server model shadow and driver lease RED contract — REL-BGSTAB-007 AC-7 (138.530569ms)
[SessionManager] All CWD watchers stopped
✔ Retained server model shadow and driver lease RED contract — REL-BGSTAB-007 AC-9 (127.477923ms)
[SessionManager] All CWD watchers stopped
[SessionManager] All CWD watchers stopped
[SessionManager] All CWD watchers stopped
✔ Retained server model shadow and driver lease RED contract — REL-BGSTAB-007 AC-10 (126.281156ms)
✔ REL_BGSTAB_007_AC10_server_restart_is_authority_unavailable (273.308117ms)
[SessionManager] All CWD watchers stopped
✔ REL_BGSTAB_007_AC10_pty_exit_is_session_terminated (139.684481ms)
[SessionManager] All CWD watchers stopped
✔ RED reviewer — production comparer requires an independent roundtrip baseline before principal-axis match (157.863309ms)
[SessionManager] All CWD watchers stopped
[Session pure-osc133-retained-record] Idle detection upgraded to osc133 mode
[SessionManager] All CWD watchers stopped
✔ RED reviewer — split semantic facts preserve record-local OSC BEL/ST, DSR, and repeated BEL occurrences (177.612064ms)
✔ RED reviewer — pure OSC 133 status is retained as a semantic-only source record (152.296822ms)
[SessionManager] All CWD watchers stopped
✔ RED reviewer — sampled shadow comparer never blocks legacy delivery or mutates a replacement generation (164.92142ms)
[SessionManager] All CWD watchers stopped
✔ RED reviewer — shadow comparer samples only at global headless idle and enforces a low-duty interval (403.533907ms)
[SessionManager] All CWD watchers stopped
✔ MIG-BGSTAB-002 promotion evidence comparison is not starved by an unrelated busy session (117.527333ms)
[SessionManager] All CWD watchers stopped
✔ RED reviewer — retained operation and fact evidence ledgers stay policy-bounded (332.618111ms)
[SessionManager] All CWD watchers stopped
✔ RED reviewer — retained ledger byte accounting never rescans the full evidence arrays on commit (280.425739ms)
[SessionManager] All CWD watchers stopped
✔ RED reviewer — parser-tail and eviction comparer axes fail closed without an independent baseline (135.567805ms)
[SessionManager] All CWD watchers stopped
[SessionManager] All CWD watchers stopped
[SessionManager] All CWD watchers stopped
[SessionManager] All CWD watchers stopped
[SessionManager] All CWD watchers stopped
[SessionManager] All CWD watchers stopped
✔ RED reviewer — newline-free soft-wrap and reflow eviction advance exact oldest retained source (135.616785ms)
✔ RED reviewer — actual input, resize, and query paths reject stale lease identity for two clients (123.344587ms)
✔ RED reviewer — actual input path rejects every stale lease identity with eight clients (118.843677ms)
✔ RED reviewer — missing actual mutation identity stays legacy-compatible but blocks shadow canary (117.489543ms)
✔ RED reviewer — old authority identity cannot mutate replacement PTY through actual paths (118.634981ms)
✔ lazy test-created SessionData keeps legacy resize compatibility without retained state (110.339641ms)
[SessionManager] All CWD watchers stopped
✔ RED reviewer — resize advances snapshot identity without consuming PTY source sequence (115.132396ms)
[SessionManager] Headless terminal degraded (write) for session actual-headless-write-degradation: forced actual retained write degradation
[SessionManager] All CWD watchers stopped
[Session semantic-only-already-degraded] Idle detection upgraded to osc133 mode
[SessionManager] All CWD watchers stopped
[Session semantic-only-queue-overflow] Idle detection upgraded to osc133 mode
[SessionManager] Headless terminal degraded (queue-overflow) for session semantic-only-queue-overflow: Headless output queue overflow (observe): chunk-limit
[SessionManager] All CWD watchers stopped
[Session semantic-only-commit-failure] Idle detection upgraded to osc133 mode
[SessionManager] Headless terminal degraded (write) for session semantic-only-commit-failure: forced semantic-only commit failure
[SessionManager] All CWD watchers stopped
[Session pending-semantic-overflow-settlement] Idle detection upgraded to osc133 mode
✔ RED reviewer — actual headless write degradation is typed and blocks authority canary (116.361376ms)
✔ RED reviewer — degraded, overflow, and commit-failure OSC status records reject facts without empty delivery (342.686603ms)
[SessionManager] Headless terminal degraded (queue-overflow) for session pending-semantic-overflow-settlement: Headless output queue overflow (observe): chunk-limit
[SessionManager] All CWD watchers stopped
[Session throwing-policy-settler-isolated] Idle detection upgraded to osc133 mode
✔ RED reviewer — queue overflow settles every previously accepted semantic record in ingest order (112.681308ms)
[SessionManager] Headless policy failure settler threw for session throwing-policy-settler-isolated, output 0: Error: forced first settler failure
    at settleFailure (/mnt/c/work/git/_Snoworca/ProjectMaster-issue2-20260916/server/src/services/RetainedTerminalAuthority.test.ts:2856:34)
    at SessionManager.settleRetainedTerminalPendingOutputsBeforeDegrade (/mnt/c/work/git/_Snoworca/ProjectMaster-issue2-20260916/server/src/services/SessionManager.ts:8697:69)
    at SessionManager.markHeadlessDegraded (/mnt/c/work/git/_Snoworca/ProjectMaster-issue2-20260916/server/src/services/SessionManager.ts:8647:10)
    at SessionManager.queueHeadlessOutput (/mnt/c/work/git/_Snoworca/ProjectMaster-issue2-20260916/server/src/services/SessionManager.ts:7859:12)
    at <anonymous> (/mnt/c/work/git/_Snoworca/ProjectMaster-issue2-20260916/server/src/services/SessionManager.ts:1729:14)
    at FakePty.emitData (/mnt/c/work/git/_Snoworca/ProjectMaster-issue2-20260916/server/src/services/RetainedTerminalAuthority.test.ts:306:48)
    at <anonymous> (/mnt/c/work/git/_Snoworca/ProjectMaster-issue2-20260916/server/src/services/RetainedTerminalAuthority.test.ts:2873:25)
    at getActual (node:assert:611:5)
    at strict.doesNotThrow (node:assert:779:32)
    at TestContext.<anonymous> (/mnt/c/work/git/_Snoworca/ProjectMaster-issue2-20260916/server/src/services/RetainedTerminalAuthority.test.ts:2872:12)
[SessionManager] Headless terminal degraded (queue-overflow) for session throwing-policy-settler-isolated: Headless output queue overflow (observe): chunk-limit
[SessionManager] All CWD watchers stopped
[Session pending-semantic-write-settlement] Idle detection upgraded to osc133 mode
✔ RED reviewer — throwing policy settler cannot abort degradation settlement or current legacy delivery (124.798936ms)
[SessionManager] Headless terminal degraded (write) for session pending-semantic-write-settlement: forced queued semantic settlement failure
[SessionManager] All CWD watchers stopped
✔ RED reviewer — headless write failure settles failed and later queued semantic records exactly once (106.650835ms)
[Config] All passwords already encrypted
[Config] Configuration loaded successfully
✔ with no canonical key the browser is given the legacy decision, not the schema default (3.340707ms)
✔ a canonical key is published as written (1.064099ms)
✔ the published value equals the policy decision on both configurations (2.671503ms)
✔ the server model honours a legacy-only configuration instead of the schema default (166.973953ms)
✔ the server model and the published value agree on a legacy-only configuration (157.964394ms)
[Config] All passwords already encrypted
[Config] Configuration loaded successfully
✔ RuntimeConfigStore builds a redacted editable snapshot (4.048732ms)
✔ FR-BGSTAB-025 runtime snapshot and capabilities contain no retired leaves (1.023485ms)
✔ RuntimeConfigStore marks platform-specific capabilities and merges editable patches (0.678595ms)
✔ RuntimeConfigStore exposes Wave6 resource capabilities without leaking server-only runtime config (1.10147ms)
✔ FR-BGSTAB-015 recentEventLimit capability is available with truthful constraints (0.683218ms)
✔ FR-BGSTAB-015 replaceValues applies recentEventLimit to the existing observer immediately (4.057221ms)
✔ FR-BGSTAB-015 replaceFromConfig applies recentEventLimit to the existing observer immediately (3.495219ms)
✔ FR-BGSTAB-015 recentEventLimit rejects invalid values without clamping or changing observer state (2.858236ms)
✔ RuntimeConfigStore validates Wave 0 resource limit patches after merging (1.785984ms)
✔ IR-BGSTAB-001 AC-8 publishes terminalWireFormat and nothing else beyond the existing allowlist (2.832145ms)
✔ IR-BGSTAB-001 AC-8 republishes terminalWireFormat after a runtime config reload (1.578771ms)
[Config] All passwords already encrypted
[Config] Configuration loaded successfully
[Auth] No password configured - authentication will fail
[Auth] AuthService initialized
[Auth] No password configured - authentication will fail
✔ SettingsService persists selected Wave6 resource settings and reports truthful scopes (157.869971ms)
[Auth] No password configured - authentication will fail
[Auth] AuthService initialized
✔ SettingsService rejects invalid Wave6 resource relationships before persistence (166.712929ms)
[Auth] No password configured - authentication will fail
[Auth] AuthService initialized
✔ SettingsService rejects reserved Wave6 resource keys and ignores no-op selected patches (163.156883ms)
[Auth] No password configured - authentication will fail
[Auth] AuthService initialized
[Auth] No password configured - authentication will fail
[Auth] No password configured - authentication will fail
✔ SettingsService rolls back Wave6 resource runtime state when apply fails (151.265831ms)
[Config] All passwords already encrypted
[Config] Configuration loaded successfully
✔ Observe-only TerminalResourcePolicy RED contract — OBS-BGSTAB-005 AC-1 (896.90164ms)
✔ Observe-only TerminalResourcePolicy RED contract — OBS-BGSTAB-005 AC-2 (7.12478ms)
✔ Observe-only TerminalResourcePolicy RED contract — OBS-BGSTAB-005 AC-3 (6.279654ms)
✔ Observe-only TerminalResourcePolicy RED contract — OBS-BGSTAB-005 AC-4 (4.050054ms)
✔ Observe-only TerminalResourcePolicy RED contract — OBS-BGSTAB-005 AC-5 (3.498377ms)
✔ Observe-only TerminalResourcePolicy RED contract — OBS-BGSTAB-005 AC-6 (5834.273788ms)
✔ Observe-only TerminalResourcePolicy RED contract — OBS-BGSTAB-005 AC-7 (4.114537ms)
[Config] All passwords already encrypted
[Config] Configuration loaded successfully
[Config] All passwords already encrypted
[Config] Configuration loaded successfully
[Config] All passwords already encrypted
[Config] Configuration loaded successfully
[Config] All passwords already encrypted
[Config] Configuration loaded successfully
[Config] All passwords already encrypted
[Config] Configuration loaded successfully
[Config] All passwords already encrypted
[Config] Configuration loaded successfully
✔ OBS-BGSTAB-005 review regression — raw provenance survives production loaders and replacements (98.355458ms)
[Config] All passwords already encrypted
[Config] Configuration loaded successfully
✔ OBS-BGSTAB-005 second review regression — explicit non-scrollback keys retain truthful loader provenance (14.522236ms)
✔ OBS-BGSTAB-005 review regression — ConfigFileRepository previous/next provenance survives settings reload and rollback (5.261559ms)
[Config] All passwords already encrypted
[Config] Passwords encryption skipped: ZodError: [
  {
    "expected": "number",
    "code": "invalid_type",
    "path": [
      "resourceLimits",
      "terminal",
      "scrollbackLines"
    ],
    "message": "Invalid input: expected number, received string"
  }
]
    at loadConfigFromPath (/mnt/c/work/git/_Snoworca/ProjectMaster-issue2-20260916/server/src/utils/config.ts:235:44)
    at <anonymous> (/mnt/c/work/git/_Snoworca/ProjectMaster-issue2-20260916/server/src/services/TerminalResourcePolicy.test.ts:776:13)
    at getActual (node:assert:611:5)
    at strict.throws (node:assert:759:24)
    at TestContext.<anonymous> (/mnt/c/work/git/_Snoworca/ProjectMaster-issue2-20260916/server/src/services/TerminalResourcePolicy.test.ts:775:12)
    at async Test.run (node:internal/test_runner/test:1409:7)
    at async Test.processPendingSubtests (node:internal/test_runner/test:974:7)
[Config] Configuration validation failed:
[
  {
    "expected": "number",
    "code": "invalid_type",
    "path": [
      "resourceLimits",
      "terminal",
      "scrollbackLines"
    ],
    "message": "Invalid input: expected number, received string"
  }
]
✔ OBS-BGSTAB-005 review regression — invalid raw provenance is sanitized and never silently falls through (22.343043ms)
✔ OBS-BGSTAB-005 review regression — compiler owns all 30 typed resources and records real legacy divergence (3.134558ms)
✔ OBS-BGSTAB-005 review regression — no candidate profile is available without a registered stable contract (2.12281ms)
✔ OBS-BGSTAB-005 review regression — telemetry is allowlisted, payload-free, bounded, and read-only on snapshot (2.59734ms)
✔ OBS-BGSTAB-005 review regression — exact repository tuples validate bidirectionally and detect new callsites (3168.531873ms)
✔ OBS-BGSTAB-005 third review regression — catalog evidence must be executable and remain in the intended symbol scope (8765.621478ms)
✔ OBS-BGSTAB-005 second review regression — production observe mode seeds bounded decisions on every config generation (4.301396ms)
✔ OBS-BGSTAB-005 second review regression — differential executes actual server and browser consumer helpers (2158.376334ms)
✔ OBS-BGSTAB-005 review regression — observer differential preserves actual serialized legacy paths (2.605746ms)
✔ PERF-BGSTAB-010 AC-4 fair delivery policy projection is derived from typed WS resource limits (2.294634ms)
[Config] All passwords already encrypted
[Config] Configuration loaded successfully
[WS] WebSocket router initialized
[WS] WebSocket router initialized
✔ PERF-BGSTAB-010 fixture contract — real SessionManager initialization retains authority and cleanup state (180.831095ms)
✔ PERF-BGSTAB-010 gated headless fixture preserves full state while disposal releases held write callbacks (0.374761ms)
[WS] WebSocket router initialized
✔ PERF-BGSTAB-010 gated real-session fixture drains a held write before public cleanup (2409.589803ms)
[WS] WebSocket router initialized
✔ PERF-BGSTAB-010 gated real-session fixture releases resources after an assertion failure (2394.047298ms)
[SessionManager] All CWD watchers stopped
[WS] WebSocket router initialized
✔ PERF-BGSTAB-010 emergency cleanup preserves a public finalizer error while releasing held callbacks (2395.368393ms)
[SessionManager] Headless terminal degraded (queue-overflow) for session gated-headless-overflow-cleanup-red: Headless output queue overflow (observe): byte-limit
[WS] WebSocket router initialized
[WS] WebSocket router initialized
[WS] Client disconnected: client-a
✔ PERF-BGSTAB-010 gated real-session PTY chain settles within the fixture bound after overflow cleanup (2362.904641ms)
✔ Non-loss policy canary infrastructure RED contract — REL-BGSTAB-010 AC-1 (235.711814ms)
[WS] WebSocket router initialized
[WS] Client disconnected: client-a
[WS] WebSocket router initialized
[WS] Client disconnected: client-a
[WS] Client disconnected: client-b
[WS] WebSocket router initialized
[WS] Client disconnected: client-a
[WS] Client disconnected: client-b
[WS] WebSocket router initialized
[WS] Client disconnected: client-a
[WS] Client disconnected: client-b
[WS] WebSocket router initialized
[WS] Client disconnected: client-a
[WS] Client disconnected: client-b
[WS] WebSocket router initialized
✔ REL-BGSTAB-010 production assembly shares one registry-derived lease authority (127.17703ms)
✔ Non-loss policy canary infrastructure RED contract — REL-BGSTAB-010 AC-2 (245.432397ms)
✔ Non-loss policy canary infrastructure RED contract — REL-BGSTAB-010 AC-3 (116.440908ms)
✔ Non-loss policy canary infrastructure RED contract — REL-BGSTAB-010 AC-4 (114.593282ms)
[WS] Client disconnected: client-a
[WS] Client disconnected: client-b
[WS] WebSocket router initialized
[WS] WebSocket router initialized
✔ Non-loss policy canary infrastructure RED contract — REL-BGSTAB-010 AC-5 (115.791127ms)
✔ REL-BGSTAB-010 headless finalizer revokes the old epoch and isolates same-ID recreation (113.197963ms)
[WS] WebSocket router initialized
[SessionManager] Headless terminal degraded (write) for session session-a1: simulated headless write failure
✔ REL-BGSTAB-010 headless maxChunks admits exact N and rejects N+1 without bypass (138.627027ms)
[WS] WebSocket router initialized
[WS] Client disconnected: client-a
[WS] WebSocket router initialized
✔ REL-BGSTAB-010 headless write failure settles the candidate to target-scoped legacy recovery (119.538069ms)
✔ REL-BGSTAB-010 valid but inactive leases cannot preview admit or rollback active WS and headless targets (103.375311ms)
[SessionManager] Headless terminal degraded (queue-overflow) for session session-nonselected: Headless output queue overflow (observe): byte-limit
[SessionManager] Headless terminal degraded (queue-overflow) for session session-a1: Headless output queue overflow (observe): byte-limit
[WS] WebSocket router initialized
✔ REL-BGSTAB-010 production PTY path uses target-scoped non-destructive headless policy and restores legacy limit (175.547226ms)
[WS] WebSocket router initialized
✔ REL-BGSTAB-010 headless rollback closes only after the actual write chain drains (106.495252ms)
✔ REL-BGSTAB-010 headless rollback fences every pre-boundary policy generation (120.190727ms)
✔ Non-loss policy canary infrastructure RED contract — REL-BGSTAB-010 AC-6 (0.425612ms)
✔ REL-BGSTAB-010 coalescing preserves every admission identity and lifetime fence (0.209827ms)
✔ PERF-BGSTAB-010 AC-3/AC-4 fair artifact admission 계약 부재 때문에 실패 (2.997955ms)
✔ PERF-BGSTAB-010 published fair artifact admission validates the benchmark policy contract (3.519243ms)
✔ PERF-BGSTAB-010 source default Canary admission fails closed (12.328379ms)
✔ PERF-BGSTAB-010 source canonical resolver rejects noncanonical authority (223.253519ms)
✔ PERF-BGSTAB-010 fresh default Canary accepts canonical authority (1457.619721ms)
[Config] All passwords already encrypted
[Config] Configuration loaded successfully
[SessionManager] CWD does not exist: C:\work\git\_Snoworca\ProjectMaster-issue2-20260916\server, falling back to /home/beom
✔ public recovery fixture observes one public session and releases it (196.839535ms)
✔ ACK-04 source ACK returns first and second deltas without using the lane ceiling (4.591626ms)
✔ ACK-05 source and legacy ACKs settle output and source-less dataGap once in either order (0.999523ms)
✔ ACK-04 adjacent source ordinals above Number precision return distinct deltas (0.55851ms)
✔ ACK-04 adjacent stream epochs above Number precision keep identical source ordinals distinct (0.415738ms)
✔ ACK-05 a legacy cumulative ACK settles source output before a repeated source ACK (0.420276ms)
✔ ACK-06 source distinguishes issued-but-unsent, holes and over-ACK without releasing credit (0.390961ms)
✔ ACK-06 rollover preserves an outstanding old-epoch entry and accepts source zero in the next epoch (0.400793ms)
✔ ACK-06 a source-less lane cannot acknowledge an invented source identity (0.353465ms)
✔ ACK-02 recreated delivery lane retains the new session source floor and two delta credits (0.569714ms)
✔ ACK-07 both and missing domains are rejected before unknown-lane validation (0.400927ms)
✔ ACK-07 malformed source values and unknown kind take precedence over an unknown lane (0.260439ms)
✔ ACK-07 invalid source domain values are observable and do not mutate the ledger (0.286924ms)
✔ ACK-07 the first source tuple at the absolute zero boundary is acknowledged (0.263605ms)
✔ ACK-10 source error diagnostics preserve the provided tuple (0.340909ms)
✔ legacy ACK guard precedence and issued-but-unsent distinction remain unchanged (0.325552ms)
✔ FRR fallback accessor does not create absent lanes or invoke snapshot (97.210829ms)
✔ FRR fallback accessor distinguishes ordinary and plain terminated or downgraded lanes (5.950777ms)
✔ FRR fallback accessor returns the recorded timeout reason without repeating recovery (6.723717ms)
✔ FRR fallback accessor returns overflow but not an unrelated lane reason (5.868771ms)
✔ Fair delivery scheduler and ACK credit RED contract — PERF-BGSTAB-010 AC-1 (7.37366ms)
✔ Fair delivery scheduler and ACK credit RED contract — PERF-BGSTAB-010 AC-2 (5.585903ms)
✔ Fair delivery scheduler and ACK credit RED contract — PERF-BGSTAB-010 AC-3 (17.5365ms)
✔ Fair delivery scheduler and ACK credit RED contract — PERF-BGSTAB-010 AC-4 (11.399936ms)
✔ PERF-BGSTAB-010 scheduler applies the projected slice, class weights, socket gate, and small-output bypass (4.610529ms)
✔ Fair delivery scheduler and ACK credit RED contract — PERF-BGSTAB-010 AC-5 (5.083148ms)
✔ PERF-BGSTAB-010 ledger measures the exact delivery identity envelope placed on the wire (4.426581ms)
✔ PERF-BGSTAB-010 ledger retains recovery ordering metadata in the fair wire envelope (1.553332ms)
✔ PERF-BGSTAB-010 transport failure releases the unacknowledgeable ledger entry before authoritative recovery (1.422925ms)
✔ PERF-BGSTAB-010 per-session delivery identities stay monotonic when a control frame is queued (2.757191ms)
✔ PERF-BGSTAB-010 fallback delegates recovery without synthetic terminal output (2.828885ms)
✔ Fair delivery scheduler and ACK credit RED contract — PERF-BGSTAB-010 AC-6 (3.033334ms)
✔ Fair delivery scheduler and ACK credit RED contract — PERF-BGSTAB-010 AC-7 (6.017223ms)
✔ Fair delivery scheduler and ACK credit RED contract — PERF-BGSTAB-010 AC-8 (19.606474ms)
✔ Fair delivery scheduler and ACK credit RED contract — PERF-BGSTAB-010 AC-9 (5.145932ms)
✔ PERF-BGSTAB-011 credit ledger floors an empty body at one budget byte (5.101459ms)
✔ PERF-BGSTAB-011 body domain keeps small-output bypass open past the socket soft gate (21.216373ms)
✔ PERF-BGSTAB-011 body domain charges the deficit only above the bypass threshold (10.593683ms)
[Config] All passwords already encrypted
[Config] Configuration loaded successfully
[WS] WebSocket router initialized
[WS] Client disconnected: source-first
[WS] Client disconnected: source-second
[WS] WebSocket router initialized
[WS] Client disconnected: p4a-client
[WS] Client disconnected: p4a-client
[WS] WebSocket router initialized
[WS] Client disconnected: p4a-client
[WS] Client disconnected: p4a-client
[WS] WebSocket router initialized
[WS] Client disconnected: p4a-client
[WS] Client disconnected: p4a-client
[WS] WebSocket router initialized
[WS] Client disconnected: p4a-client
[WS] WebSocket router initialized
[WS] Client disconnected: p4a-client
[WS] WebSocket router initialized
[WS] Client disconnected: p4a-client
[WS] WebSocket router initialized
[WS] Client disconnected: p4a-client
[WS] WebSocket router initialized
[WS] Client disconnected: p4a-client
[WS] WebSocket router initialized
[WS] Client disconnected: p4a-client
[WS] WebSocket router initialized
[WS] Client disconnected: p4a-client
[WS] WebSocket router initialized
[WS] Client disconnected: p4a-client
[WS] WebSocket router initialized
[WS] Client disconnected: p4a-client
[WS] WebSocket router initialized
[WS] Client disconnected: p4a-client
[WS] WebSocket router initialized
[WS] Client disconnected: p4a-client
[WS] WebSocket router initialized
[WS] Client disconnected: p4a-client
[WS] WebSocket router initialized
[WS] Client disconnected: p4a-client
[WS] WebSocket router initialized
{"reproduction":"FRR","trigger":"ack-timeout","withPeer":false,"recoveryReady":true,"schedulerPresent":false,"activeLane":null,"postOutput":[{"data":"FRR first after snapshot","screenSeq":42,"chunkId":"2"},{"data":"FRR second after snapshot","screenSeq":43,"chunkId":"3"}],"peerCredit":null}
[WS] Client disconnected: p4a-client
[WS] WebSocket router initialized
{"reproduction":"FRR","trigger":"ack-timeout","withPeer":true,"recoveryReady":true,"schedulerPresent":true,"activeLane":null,"postOutput":[{"data":"FRR first after snapshot","screenSeq":42,"chunkId":"2"},{"data":"FRR second after snapshot","screenSeq":43,"chunkId":"3"}],"peerCredit":21}
[WS] Client disconnected: p4a-client
[WS] WebSocket router initialized
{"reproduction":"FRR","trigger":"queue-overflow","withPeer":false,"recoveryReady":true,"schedulerPresent":false,"activeLane":null,"postOutput":[{"data":"FRR first after snapshot","screenSeq":42,"chunkId":"3"},{"data":"FRR second after snapshot","screenSeq":43,"chunkId":"4"}],"peerCredit":null}
[WS] Client disconnected: p4a-client
[WS] WebSocket router initialized
{"reproduction":"FRR","trigger":"queue-overflow","withPeer":true,"recoveryReady":true,"schedulerPresent":true,"activeLane":null,"postOutput":[{"data":"FRR first after snapshot","screenSeq":42,"chunkId":"3"},{"data":"FRR second after snapshot","screenSeq":43,"chunkId":"4"}],"peerCredit":21}
[WS] Client disconnected: p4a-client
[WS] WebSocket router initialized
[WS] Client disconnected: p4a-client
[WS] WebSocket router initialized
[WS] Client disconnected: p4a-client
[WS] WebSocket router initialized
[WS] Client disconnected: p4a-client
[WS] WebSocket router initialized
[WS] Client disconnected: p4a-client
[WS] WebSocket router initialized
[WS] Client disconnected: p4a-client
[WS] WebSocket router initialized
{"reproduction":"FRR-hidden","withPeer":false,"gapEnqueueAttempts":0,"affectedTypes":["output","output"],"output":["hidden-after-one","hidden-after-two"]}
[WS] Client disconnected: p4a-client
[WS] WebSocket router initialized
{"reproduction":"FRR-hidden","withPeer":true,"gapEnqueueAttempts":0,"affectedTypes":["output","output"],"output":["hidden-after-one","hidden-after-two"]}
[WS] Client disconnected: p4a-client
[WS] WebSocket router initialized
[WS] Client disconnected: client-fair
[WS] WebSocket router initialized
[WS] Client disconnected: client-ac6-active-ledger
[WS] WebSocket router initialized
[WS] Client disconnected: client-hidden-fence
[WS] WebSocket router initialized
[WS] WebSocket send callback failed: Error: browser wire rejected
    at TestContext.<anonymous> (/mnt/c/work/git/_Snoworca/ProjectMaster-issue2-20260916/server/src/ws/WsRouterSendPriority.test.ts:878:33)
    at Test.runInAsyncScope (node:async_hooks:227:14)
    at Test.run (node:internal/test_runner/test:1402:25)
    at Test.processPendingSubtests (node:internal/test_runner/test:974:18)
    at Test.postRun (node:internal/test_runner/test:1542:19)
    at Test.run (node:internal/test_runner/test:1467:12)
    at async Test.processPendingSubtests (node:internal/test_runner/test:974:7)
[WS] Client disconnected: client-fair-send-error
[WS] WebSocket router initialized
[WS] Client disconnected: client-fair-rejected-ack
[WS] WebSocket router initialized
[WS] Client disconnected: client-fair-timeout
[WS] WebSocket router initialized
[WS] Client disconnected: client-fair-withdraw
[WS] WebSocket router initialized
[WS] Client disconnected: client-fair-hidden-downgrade
[WS] WebSocket router initialized
[WS] Client disconnected: client-fair-artifact-rejection
[WS] WebSocket router initialized
[WS] Client disconnected: client-fair-rotate
[WS] WebSocket router initialized
[WS] WebSocket send callback failed: Error: late old-epoch callback
    at TestContext.<anonymous> (/mnt/c/work/git/_Snoworca/ProjectMaster-issue2-20260916/server/src/ws/WsRouterSendPriority.test.ts:1239:33)
    at Test.runInAsyncScope (node:async_hooks:227:14)
    at Test.run (node:internal/test_runner/test:1402:25)
    at Test.processPendingSubtests (node:internal/test_runner/test:974:18)
    at Test.postRun (node:internal/test_runner/test:1542:19)
    at Test.run (node:internal/test_runner/test:1467:12)
    at async Test.processPendingSubtests (node:internal/test_runner/test:974:7)
[WS] Client disconnected: client-fair-callback-rotate
[WS] WebSocket router initialized
[WS] Client disconnected: client-fair-last-lane
[WS] WebSocket router initialized
[WS] Client disconnected: client-fair-exit
[WS] WebSocket router initialized
[WS] Client disconnected: client-fair-queued-exit
[WS] WebSocket router initialized
[WS] Client disconnected: client-fair-queued-unsubscribe
[WS] WebSocket router initialized
[WS] Client disconnected: client-1
[WS] WebSocket router initialized
[WS] Client disconnected: client-1
[WS] WebSocket router initialized
[WS] Client disconnected: client-1
[WS] WebSocket router initialized
[WS] Client disconnected: client-1
[WS] WebSocket router initialized
[WS] Client disconnected: client-1
[WS] WebSocket router initialized
[WS] WebSocket send failed: Error: synchronous candidate send failure
    at Object.a.ws.send (/mnt/c/work/git/_Snoworca/ProjectMaster-issue2-20260916/server/src/ws/WsRouterSendPriority.test.ts:1861:15)
    at WsRouter.sendRawTransportMessage (/mnt/c/work/git/_Snoworca/ProjectMaster-issue2-20260916/server/src/ws/WsRouter.ts:6525:12)
    at WsRouter.sendTransportMessage (/mnt/c/work/git/_Snoworca/ProjectMaster-issue2-20260916/server/src/ws/WsRouter.ts:6330:10)
    at WsRouter.sendTo (/mnt/c/work/git/_Snoworca/ProjectMaster-issue2-20260916/server/src/ws/WsRouter.ts:7001:25)
    at WsRouter.routeSessionOutput (/mnt/c/work/git/_Snoworca/ProjectMaster-issue2-20260916/server/src/ws/WsRouter.ts:5338:12)
    at TestContext.<anonymous> (/mnt/c/work/git/_Snoworca/ProjectMaster-issue2-20260916/server/src/ws/WsRouterSendPriority.test.ts:1866:12)
    at async Test.run (node:internal/test_runner/test:1409:7)
    at async Test.processPendingSubtests (node:internal/test_runner/test:974:7)
[WS] WebSocket send callback failed: Error: candidate callback failure
    at TestContext.<anonymous> (/mnt/c/work/git/_Snoworca/ProjectMaster-issue2-20260916/server/src/ws/WsRouterSendPriority.test.ts:1880:28)
    at async Test.run (node:internal/test_runner/test:1409:7)
    at async Test.processPendingSubtests (node:internal/test_runner/test:974:7)
[WS] Client disconnected: client-b
[WS] Client disconnected: client-a
[WS] Client disconnected: client-c
[WS] WebSocket router initialized
[WS] Client disconnected: client-fence
[WS] WebSocket router initialized
[WS] Client disconnected: client-all-generations
[WS] WebSocket router initialized
[WS] Client disconnected: client-production-grandfather
[WS] WebSocket router initialized
[WS] Client disconnected: client-direct
[WS] WebSocket router initialized
[WS] Client disconnected: client-safe-send-observe
[WS] WebSocket router initialized
[WS] WebSocket send failed: Error: candidate direct synchronous failure
    at Object.socket.ws.send (/mnt/c/work/git/_Snoworca/ProjectMaster-issue2-20260916/server/src/ws/WsRouterSendPriority.test.ts:2085:19)
    at WsRouter.sendRawTransportMessage (/mnt/c/work/git/_Snoworca/ProjectMaster-issue2-20260916/server/src/ws/WsRouter.ts:6525:12)
    at WsRouter.drainTerminalResourcePolicyAdmissionQueue (/mnt/c/work/git/_Snoworca/ProjectMaster-issue2-20260916/server/src/ws/WsRouter.ts:6829:10)
    at WsRouter.admitTerminalResourcePolicyCanaryMessage (/mnt/c/work/git/_Snoworca/ProjectMaster-issue2-20260916/server/src/ws/WsRouter.ts:1565:32)
    at TestContext.<anonymous> (/mnt/c/work/git/_Snoworca/ProjectMaster-issue2-20260916/server/src/ws/WsRouterSendPriority.test.ts:2090:31)
    at Test.runInAsyncScope (node:async_hooks:227:14)
    at Test.run (node:internal/test_runner/test:1402:25)
    at Test.processPendingSubtests (node:internal/test_runner/test:974:18)
    at Test.postRun (node:internal/test_runner/test:1542:19)
    at Test.run (node:internal/test_runner/test:1467:12)
[WS] Client disconnected: client-error-direct
[WS] WebSocket router initialized
[WS] WebSocket send callback failed: Error: candidate observe callback failure
    at TestContext.<anonymous> (/mnt/c/work/git/_Snoworca/ProjectMaster-issue2-20260916/server/src/ws/WsRouterSendPriority.test.ts:2108:37)
    at async Test.run (node:internal/test_runner/test:1409:7)
    at async Test.processPendingSubtests (node:internal/test_runner/test:974:7)
[WS] Client disconnected: client-error-safe-send-observe
[WS] WebSocket router initialized
[WS] WebSocket send failed: Error: candidate enforce synchronous failure
    at Object.socket.ws.send (/mnt/c/work/git/_Snoworca/ProjectMaster-issue2-20260916/server/src/ws/WsRouterSendPriority.test.ts:2162:15)
    at WsRouter.sendRawTransportMessage (/mnt/c/work/git/_Snoworca/ProjectMaster-issue2-20260916/server/src/ws/WsRouter.ts:6525:12)
    at WsRouter.flushTransportQueue (/mnt/c/work/git/_Snoworca/ProjectMaster-issue2-20260916/server/src/ws/WsRouter.ts:6417:10)
    at TestContext.<anonymous> (/mnt/c/work/git/_Snoworca/ProjectMaster-issue2-20260916/server/src/ws/WsRouterSendPriority.test.ts:2167:8)
    at Test.runInAsyncScope (node:async_hooks:227:14)
    at Test.run (node:internal/test_runner/test:1402:25)
    at Test.processPendingSubtests (node:internal/test_runner/test:974:18)
    at Test.postRun (node:internal/test_runner/test:1542:19)
    at Test.run (node:internal/test_runner/test:1467:12)
    at async Test.processPendingSubtests (node:internal/test_runner/test:974:7)
[WS] Client disconnected: client-error-safe-send-enforce
[WS] WebSocket router initialized
[WS] WebSocket send callback failed: Error: candidate callback failure direct
    at TestContext.<anonymous> (/mnt/c/work/git/_Snoworca/ProjectMaster-issue2-20260916/server/src/ws/WsRouterSendPriority.test.ts:2208:35)
    at Test.runInAsyncScope (node:async_hooks:227:14)
    at Test.run (node:internal/test_runner/test:1402:25)
    at Test.processPendingSubtests (node:internal/test_runner/test:974:18)
    at Test.postRun (node:internal/test_runner/test:1542:19)
    at Test.run (node:internal/test_runner/test:1467:12)
    at async Test.processPendingSubtests (node:internal/test_runner/test:974:7)
[WS] Client disconnected: client-auto-resume-direct
[WS] WebSocket router initialized
[WS] WebSocket send callback failed: Error: candidate callback failure safe-send-observe
    at TestContext.<anonymous> (/mnt/c/work/git/_Snoworca/ProjectMaster-issue2-20260916/server/src/ws/WsRouterSendPriority.test.ts:2208:35)
    at async Test.run (node:internal/test_runner/test:1409:7)
    at async Test.processPendingSubtests (node:internal/test_runner/test:974:7)
[WS] Client disconnected: client-auto-resume-safe-send-observe
[WS] WebSocket router initialized
[WS] WebSocket send callback failed: Error: candidate callback failure safe-send-enforce
    at TestContext.<anonymous> (/mnt/c/work/git/_Snoworca/ProjectMaster-issue2-20260916/server/src/ws/WsRouterSendPriority.test.ts:2208:35)
    at async Test.run (node:internal/test_runner/test:1409:7)
    at async Test.processPendingSubtests (node:internal/test_runner/test:974:7)
[WS] Client disconnected: client-auto-resume-safe-send-enforce
[WS] WebSocket router initialized
[WS] WebSocket send callback failed: Error: persistent callback failure direct
    at TestContext.<anonymous> (/mnt/c/work/git/_Snoworca/ProjectMaster-issue2-20260916/server/src/ws/WsRouterSendPriority.test.ts:2253:41)
    at Test.runInAsyncScope (node:async_hooks:227:14)
    at Test.run (node:internal/test_runner/test:1402:25)
    at Test.processPendingSubtests (node:internal/test_runner/test:974:18)
    at Test.postRun (node:internal/test_runner/test:1542:19)
    at Test.run (node:internal/test_runner/test:1467:12)
    at async Test.processPendingSubtests (node:internal/test_runner/test:974:7)
[WS] WebSocket send callback failed: Error: persistent callback failure direct
    at TestContext.<anonymous> (/mnt/c/work/git/_Snoworca/ProjectMaster-issue2-20260916/server/src/ws/WsRouterSendPriority.test.ts:2253:41)
    at Test.runInAsyncScope (node:async_hooks:227:14)
    at Test.run (node:internal/test_runner/test:1402:25)
    at Test.processPendingSubtests (node:internal/test_runner/test:974:18)
    at Test.postRun (node:internal/test_runner/test:1542:19)
    at Test.run (node:internal/test_runner/test:1467:12)
    at async Test.processPendingSubtests (node:internal/test_runner/test:974:7)
[WS] Client disconnected: client-persistent-direct
[WS] WebSocket router initialized
[WS] WebSocket send callback failed: Error: persistent callback failure safe-send-observe
    at TestContext.<anonymous> (/mnt/c/work/git/_Snoworca/ProjectMaster-issue2-20260916/server/src/ws/WsRouterSendPriority.test.ts:2253:41)
    at async Test.run (node:internal/test_runner/test:1409:7)
    at async Test.processPendingSubtests (node:internal/test_runner/test:974:7)
[WS] WebSocket send callback failed: Error: persistent callback failure safe-send-observe
    at TestContext.<anonymous> (/mnt/c/work/git/_Snoworca/ProjectMaster-issue2-20260916/server/src/ws/WsRouterSendPriority.test.ts:2253:41)
    at async Test.run (node:internal/test_runner/test:1409:7)
    at async Test.processPendingSubtests (node:internal/test_runner/test:974:7)
[WS] Client disconnected: client-persistent-safe-send-observe
[WS] WebSocket router initialized
[WS] WebSocket send callback failed: Error: persistent callback failure safe-send-enforce
    at TestContext.<anonymous> (/mnt/c/work/git/_Snoworca/ProjectMaster-issue2-20260916/server/src/ws/WsRouterSendPriority.test.ts:2253:41)
    at async Test.run (node:internal/test_runner/test:1409:7)
    at async Test.processPendingSubtests (node:internal/test_runner/test:974:7)
[WS] WebSocket send callback failed: Error: persistent callback failure safe-send-enforce
    at TestContext.<anonymous> (/mnt/c/work/git/_Snoworca/ProjectMaster-issue2-20260916/server/src/ws/WsRouterSendPriority.test.ts:2253:41)
    at async Test.run (node:internal/test_runner/test:1409:7)
    at async Test.processPendingSubtests (node:internal/test_runner/test:974:7)
[WS] Client disconnected: client-persistent-safe-send-enforce
[WS] WebSocket router initialized
[WS] WebSocket send failed: Error: persistent synchronous enforce failure
    at Object.socket.ws.send (/mnt/c/work/git/_Snoworca/ProjectMaster-issue2-20260916/server/src/ws/WsRouterSendPriority.test.ts:2319:26)
    at WsRouter.sendRawTransportMessage (/mnt/c/work/git/_Snoworca/ProjectMaster-issue2-20260916/server/src/ws/WsRouter.ts:6525:12)
    at WsRouter.flushTransportQueue (/mnt/c/work/git/_Snoworca/ProjectMaster-issue2-20260916/server/src/ws/WsRouter.ts:6417:10)
    at TestContext.<anonymous> (/mnt/c/work/git/_Snoworca/ProjectMaster-issue2-20260916/server/src/ws/WsRouterSendPriority.test.ts:2323:8)
    at Test.runInAsyncScope (node:async_hooks:227:14)
    at Test.run (node:internal/test_runner/test:1402:25)
    at Test.processPendingSubtests (node:internal/test_runner/test:974:18)
    at Test.postRun (node:internal/test_runner/test:1542:19)
    at Test.run (node:internal/test_runner/test:1467:12)
    at async Test.processPendingSubtests (node:internal/test_runner/test:974:7)
[WS] WebSocket send failed: Error: persistent synchronous enforce failure
    at Object.socket.ws.send (/mnt/c/work/git/_Snoworca/ProjectMaster-issue2-20260916/server/src/ws/WsRouterSendPriority.test.ts:2319:26)
    at WsRouter.sendRawTransportMessage (/mnt/c/work/git/_Snoworca/ProjectMaster-issue2-20260916/server/src/ws/WsRouter.ts:6525:12)
    at WsRouter.flushTransportQueue (/mnt/c/work/git/_Snoworca/ProjectMaster-issue2-20260916/server/src/ws/WsRouter.ts:6417:10)
    at <anonymous> (/mnt/c/work/git/_Snoworca/ProjectMaster-issue2-20260916/server/src/ws/WsRouter.ts:6636:14)
    at node:internal/process/task_queues:151:7
    at AsyncResource.runInAsyncScope (node:async_hooks:227:14)
    at AsyncResource.runMicrotask (node:internal/process/task_queues:148:8)
[WS] Client disconnected: client-persistent-sync-enforce
[WS] WebSocket router initialized
[WS] WebSocket send callback failed: Error: rollback boundary callback failure
    at TestContext.<anonymous> (/mnt/c/work/git/_Snoworca/ProjectMaster-issue2-20260916/server/src/ws/WsRouterSendPriority.test.ts:2387:37)
    at Test.runInAsyncScope (node:async_hooks:227:14)
    at Test.run (node:internal/test_runner/test:1402:25)
    at Test.processPendingSubtests (node:internal/test_runner/test:974:18)
    at Test.postRun (node:internal/test_runner/test:1542:19)
    at Test.run (node:internal/test_runner/test:1467:12)
    at async Test.processPendingSubtests (node:internal/test_runner/test:974:7)
[WS] Client disconnected: client-rollback-error-direct
[WS] WebSocket router initialized
[WS] WebSocket send failed: Error: rollback queued synchronous failure
    at Object.socket.ws.send (/mnt/c/work/git/_Snoworca/ProjectMaster-issue2-20260916/server/src/ws/WsRouterSendPriority.test.ts:2406:19)
    at WsRouter.sendRawTransportMessage (/mnt/c/work/git/_Snoworca/ProjectMaster-issue2-20260916/server/src/ws/WsRouter.ts:6525:12)
    at WsRouter.drainTerminalResourcePolicyAdmissionQueue (/mnt/c/work/git/_Snoworca/ProjectMaster-issue2-20260916/server/src/ws/WsRouter.ts:6829:10)
    at onSent (/mnt/c/work/git/_Snoworca/ProjectMaster-issue2-20260916/server/src/ws/WsRouter.ts:6515:16)
    at <anonymous> (/mnt/c/work/git/_Snoworca/ProjectMaster-issue2-20260916/server/src/ws/WsRouterSendPriority.test.ts:56:11)
    at Object.flushNextSendCallback (/mnt/c/work/git/_Snoworca/ProjectMaster-issue2-20260916/server/src/ws/WsRouterSendPriority.test.ts:92:7)
    at TestContext.<anonymous> (/mnt/c/work/git/_Snoworca/ProjectMaster-issue2-20260916/server/src/ws/WsRouterSendPriority.test.ts:2410:16)
    at async Test.run (node:internal/test_runner/test:1409:7)
    at async Test.processPendingSubtests (node:internal/test_runner/test:974:7)
[WS] Client disconnected: client-rollback-error-safe-send-observe
[WS] WebSocket router initialized
[WS] WebSocket send callback failed: Error: rollback boundary enforce callback failure
    at TestContext.<anonymous> (/mnt/c/work/git/_Snoworca/ProjectMaster-issue2-20260916/server/src/ws/WsRouterSendPriority.test.ts:2452:33)
    at Test.runInAsyncScope (node:async_hooks:227:14)
    at Test.run (node:internal/test_runner/test:1402:25)
    at Test.processPendingSubtests (node:internal/test_runner/test:974:18)
    at Test.postRun (node:internal/test_runner/test:1542:19)
    at Test.run (node:internal/test_runner/test:1467:12)
    at async Test.processPendingSubtests (node:internal/test_runner/test:974:7)
[WS] Client disconnected: client-rollback-error-safe-send-enforce
[WS] WebSocket router initialized
[WS] Client disconnected: client-overflow
[WS] WebSocket router initialized
[WS] Client disconnected: client-overflow-direct
[WS] WebSocket router initialized
[WS] Client disconnected: client-overflow-safe-send-observe
[WS] WebSocket router initialized
[WS] Client disconnected: cleanup-0
[WS] Client disconnected: cleanup-1
[WS] Client disconnected: cleanup-2
[WS] Client disconnected: cleanup-3
[WS] Client disconnected: cleanup-4
[WS] Client disconnected: cleanup-5
[WS] Client disconnected: cleanup-6
[WS] Client disconnected: cleanup-7
[WS] Client disconnected: cleanup-8
[WS] Client disconnected: cleanup-9
[WS] Client disconnected: cleanup-10
[WS] Client disconnected: cleanup-11
[WS] Client disconnected: cleanup-12
[WS] Client disconnected: cleanup-13
[WS] Client disconnected: cleanup-14
[WS] Client disconnected: cleanup-15
[WS] Client disconnected: cleanup-16
[WS] Client disconnected: cleanup-17
[WS] Client disconnected: cleanup-18
[WS] Client disconnected: cleanup-19
[WS] Client disconnected: cleanup-20
[WS] Client disconnected: cleanup-21
[WS] Client disconnected: cleanup-22
[WS] Client disconnected: cleanup-23
[WS] Client disconnected: cleanup-24
[WS] Client disconnected: cleanup-25
[WS] Client disconnected: cleanup-26
[WS] Client disconnected: cleanup-27
[WS] Client disconnected: cleanup-28
[WS] Client disconnected: cleanup-29
[WS] Client disconnected: cleanup-30
[WS] Client disconnected: cleanup-31
[WS] Client disconnected: cleanup-32
[WS] Client disconnected: cleanup-33
[WS] Client disconnected: cleanup-34
[WS] Client disconnected: cleanup-35
[WS] Client disconnected: cleanup-36
[WS] Client disconnected: cleanup-37
[WS] Client disconnected: cleanup-38
[WS] Client disconnected: cleanup-39
[WS] Client disconnected: cleanup-40
[WS] Client disconnected: cleanup-41
[WS] Client disconnected: cleanup-42
[WS] Client disconnected: cleanup-43
[WS] Client disconnected: cleanup-44
[WS] Client disconnected: cleanup-45
[WS] Client disconnected: cleanup-46
[WS] Client disconnected: cleanup-47
[WS] Client disconnected: cleanup-48
[WS] Client disconnected: cleanup-49
[WS] Client disconnected: cleanup-50
[WS] Client disconnected: cleanup-51
[WS] Client disconnected: cleanup-52
[WS] Client disconnected: cleanup-53
[WS] Client disconnected: cleanup-54
[WS] Client disconnected: cleanup-55
[WS] Client disconnected: cleanup-56
[WS] Client disconnected: cleanup-57
[WS] Client disconnected: cleanup-58
[WS] Client disconnected: cleanup-59
[WS] Client disconnected: cleanup-60
[WS] Client disconnected: cleanup-61
[WS] Client disconnected: cleanup-62
[WS] Client disconnected: cleanup-63
[WS] Client disconnected: cleanup-64
[WS] Client disconnected: cleanup-65
[WS] Client disconnected: cleanup-66
[WS] Client disconnected: cleanup-67
[WS] Client disconnected: cleanup-68
[WS] Client disconnected: cleanup-69
[WS] WebSocket router initialized
[WS] Client disconnected: client-1
✔ PERF-BGSTAB-011 carries reserved source identity through fair delivery to two clients and a recreated lane (5.976431ms)
✔ P4a PERF-BGSTAB-011 stale-output-pair preserves legacy rejection identity (6299.157939ms)
✔ P4a PERF-BGSTAB-011 stale-output-pair preserves explicit-legacy rejection identity (5275.295969ms)
✔ P4a PERF-BGSTAB-011 stale-output-pair preserves source rejection identity (1896.488576ms)
✔ P4a PERF-BGSTAB-011 inactive-capability preserves legacy rejection identity (0.515216ms)
✔ P4a PERF-BGSTAB-011 inactive-capability preserves explicit-legacy rejection identity (0.422862ms)
✔ P4a PERF-BGSTAB-011 inactive-capability preserves source rejection identity (0.485988ms)
✔ P4a PERF-BGSTAB-011 stale-connection-epoch preserves legacy rejection identity (3354.504806ms)
✔ P4a PERF-BGSTAB-011 stale-connection-epoch preserves explicit-legacy rejection identity (3719.122974ms)
✔ P4a PERF-BGSTAB-011 stale-connection-epoch preserves source rejection identity (3736.882703ms)
✔ P4a PERF-BGSTAB-011 ACK_OVER_ACK preserves legacy rejection identity (3962.931115ms)
✔ P4a PERF-BGSTAB-011 ACK_OVER_ACK preserves explicit-legacy rejection identity (3612.410555ms)
✔ P4a PERF-BGSTAB-011 ACK_OVER_ACK preserves source rejection identity (3541.903829ms)
✔ P4a PERF-BGSTAB-011 malformed ACK_DOMAIN_CONFLICT warns without dispatch or credit (3516.804733ms)
✔ P4a PERF-BGSTAB-011 malformed ACK_DOMAIN_MISSING warns without dispatch or credit (3473.020372ms)
✔ P4a PERF-BGSTAB-011 malformed ACK_DOMAIN_INVALID warns without dispatch or credit (3577.294156ms)
✔ P4a PERF-BGSTAB-011 actual source ACK handler settles exact body bytes and duplicate zero (3506.964408ms)
✔ FRR ack-timeout snapshot-ready preserves two normal outputs on the last lane (3482.754882ms)
✔ FRR ack-timeout snapshot-ready preserves two normal outputs with an active peer (3509.062419ms)
✔ FRR queue-overflow snapshot-ready preserves two normal outputs on the last lane (3498.997892ms)
✔ FRR queue-overflow snapshot-ready preserves two normal outputs with an active peer (3686.716754ms)
✔ FRR repeated actual maintenance fallback produces only one recovery transaction (3653.339579ms)
✔ FRR stale affected ACKs after recovery return zero credit and preserve the peer (3754.380996ms)
✔ FRR post-fallback unsubscribe prevents new output through real router lifecycle entrypoints (3617.848911ms)
✔ FRR post-fallback session-termination prevents new output through real router lifecycle entrypoints (3546.968889ms)
✔ FRR post-fallback disconnect prevents new output through real router lifecycle entrypoints (3527.257384ms)
✔ FRR hidden-view request after actual timeout recovery preserves compatibility on the last lane (3478.166498ms)
✔ FRR hidden-view request after actual timeout recovery preserves compatibility with a peer (3543.136759ms)
✔ PERF-BGSTAB-010 runtime candidate delivery uses a server ledger and control-only cumulative ACK (3499.025132ms)
✔ PERF-BGSTAB-010 AC-6 unknown-lane ACK keeps an active fair ledger credit unchanged (3535.187917ms)
✔ PERF-BGSTAB-010 refuses fair delivery when the browser cannot recover hidden dropped output (0.489358ms)
✔ PERF-BGSTAB-010 candidate transport callback failure releases its failed delivery ledger (3537.076771ms)
✔ PERF-BGSTAB-010 invalid or inactive delivery ACKs emit an observable protocol rejection (0.388547ms)
✔ PERF-BGSTAB-010 runtime maintenance replaces an expired delivery with an authoritative screen-repair snapshot (3476.390884ms)
✔ PERF-BGSTAB-010 capability withdrawal releases every fair ledger and its maintenance timer (3482.547471ms)
✔ PERF-BGSTAB-010 hidden-continuity capability downgrade releases the active fair ledger (3511.575429ms)
✔ PERF-BGSTAB-010 artifact rejection on capability re-admission releases the active fair ledger (3542.494594ms)
✔ PERF-BGSTAB-010 capability re-enable rotates the delivery epoch and rejects delayed old ACKs (7165.367773ms)
✔ PERF-BGSTAB-010 delayed old-epoch transport callback cannot settle a re-enabled scheduler (7656.238077ms)
✔ PERF-BGSTAB-010 last terminated fair lane releases the maintenance timer without disturbing another session (3511.199056ms)
✔ PERF-BGSTAB-010 session termination releases the fair delivery ledger exactly once (3732.543301ms)
✔ PERF-BGSTAB-010 session termination removes queued fair delivery wire frames before transport drain (4025.09534ms)
✔ PERF-BGSTAB-010 unsubscribe removes queued fair delivery and releases the final lane (3679.853569ms)
✔ safe-send drains independent control before queued output backlog (0.555804ms)
✔ safe-send queues output when projected buffered amount crosses high-water (0.449557ms)
✔ safe-send closes when projected buffered amount crosses hard limit (0.446892ms)
✔ safe-send preserves output queued while a previous output send is in flight (0.308861ms)
✔ REL-BGSTAB-010 AC-6 RED — policy rollback does not direct-flush queued output past an in-flight callback (0.559391ms)
✔ REL-BGSTAB-010 AC-6 RED — target rollback isolates client B and drains client A callback-by-callback (11.118751ms)
✔ REL-BGSTAB-010 WS rollback blocks fresh activation until the old callback fence closes (0.760098ms)
✔ REL-BGSTAB-010 WS rollback fences every pre-boundary generation before closing (0.538071ms)
✔ REL-BGSTAB-010 production route grandfathers preserved backlog above a smaller candidate cap (0.539471ms)
✔ REL-BGSTAB-010 explicit admission flushes in direct and observe modes without a permanent queue (0.702984ms)
✔ REL-BGSTAB-010 direct and observe candidate send failures settle to legacy without forced reconnect (1.480767ms)
✔ REL-BGSTAB-010 enforce candidate synchronous failure settles only the canary target (0.692089ms)
✔ REL-BGSTAB-010 candidate callback failure automatically resumes the preserved queue in every mode (1.8266ms)
✔ REL-BGSTAB-010 persistent candidate callback failure holds the complete boundary without a retry loop (2.668967ms)
✔ REL-BGSTAB-010 persistent candidate synchronous failure holds the complete boundary without a retry loop (1.165912ms)
✔ REL-BGSTAB-010 rollback-boundary send failures preserve queued transport in direct and observe modes (1.233757ms)
✔ REL-BGSTAB-010 enforce rollback callback failure preserves the remaining pre-boundary queue (0.785129ms)
✔ REL-BGSTAB-010 legacy overflow records rejection before bounded target close cleanup (0.442039ms)
✔ REL-BGSTAB-010 direct and observe admission overflow fences only the target without reconnect (0.676409ms)
✔ REL-BGSTAB-010 disconnect cleanup uses measured registries and bounds retained ledgers (4.459056ms)
✔ safe-send preserves same-session lifecycle ordering behind queued output (0.590983ms)
[WS] WebSocket router initialized
[WS] Client disconnected: hidden-visibility-client
[WS] WebSocket router initialized
[WS] Client disconnected: rel012-authoritative-hidden-client
[WS] Client disconnected: rel012-peer-interest-client
[WS] WebSocket router initialized
[WS] Client disconnected: rel012-revoked-interest-client
[WS] WebSocket router initialized
[WS] Client disconnected: rel012-issued-continuity-client
✔ PERF-BGSTAB-010 atomic authority promotion preserves current identity (2140.707403ms)
✔ REL-BGSTAB-012 rejects stale visibility and latches ordered dataGap (3695.776442ms)
✔ REL-BGSTAB-012 latches one ordered dataGap after authoritative hidden delivery (3527.164689ms)
✔ REL-BGSTAB-012 settles revoked delivery interest exactly once without pausing producer (3491.165202ms)
✔ REL-BGSTAB-012 binds dataGap to issued continuity and current hidden view (3617.810496ms)
[WS] WebSocket router initialized
[WS] WebSocket router initialized
[WS] WebSocket router initialized
✔ REL-BGSTAB-024 the production WsRouter construction withholds the configured transport mode (8.617268ms)
✔ REL-BGSTAB-024 the existing test-runner assertion that pins the omission is still present (17.326448ms)
✔ REL-BGSTAB-024 the configured transport mode still reaches production on two non-routing paths (13.471904ms)
✔ REL-BGSTAB-024 a router built the way production builds it resolves to unified (2.690429ms)
✔ REL-BGSTAB-024 split survives as a standalone capability when the router is constructed with it (0.420209ms)
✔ REL-BGSTAB-024 the browser and the server disagree on the transport query parameter name (16.539127ms)
✔ REL-BGSTAB-024 the canonical transport parser is absent from the production upgrade path (11.019249ms)
✔ REL-BGSTAB-024 the binary wire format is eligible only on the unified transport (0.311633ms)
ℹ tests 281
ℹ suites 0
ℹ pass 279
ℹ fail 0
ℹ cancelled 0
ℹ skipped 2
ℹ todo 0
ℹ duration_ms 162672.283074
