[Config] All passwords already encrypted
[Config] Configuration loaded successfully
✔ Observe-only TerminalResourcePolicy RED contract — OBS-BGSTAB-005 AC-1 (376.934027ms)
✔ Observe-only TerminalResourcePolicy RED contract — OBS-BGSTAB-005 AC-2 (5.328904ms)
✔ Observe-only TerminalResourcePolicy RED contract — OBS-BGSTAB-005 AC-3 (3.765728ms)
✔ Observe-only TerminalResourcePolicy RED contract — OBS-BGSTAB-005 AC-4 (1.81955ms)
✔ Observe-only TerminalResourcePolicy RED contract — OBS-BGSTAB-005 AC-5 (1.740497ms)
✔ Observe-only TerminalResourcePolicy RED contract — OBS-BGSTAB-005 AC-6 (3993.659575ms)
✔ Observe-only TerminalResourcePolicy RED contract — OBS-BGSTAB-005 AC-7 (4.690474ms)
[Config] All passwords already encrypted
[Config] Configuration loaded successfully
[Config] All passwords already encrypted
[Config] Configuration loaded successfully
[Config] All passwords already encrypted
[Config] Configuration loaded successfully
[Config] All passwords already encrypted
[Config] Configuration loaded successfully
[Config] All passwords already encrypted
[Config] Configuration loaded successfully
[Config] All passwords already encrypted
[Config] Configuration loaded successfully
✔ OBS-BGSTAB-005 review regression — raw provenance survives production loaders and replacements (94.953249ms)
[Config] All passwords already encrypted
[Config] Configuration loaded successfully
✔ OBS-BGSTAB-005 second review regression — explicit non-scrollback keys retain truthful loader provenance (15.14314ms)
✔ OBS-BGSTAB-005 review regression — ConfigFileRepository previous/next provenance survives settings reload and rollback (5.743322ms)
[Config] All passwords already encrypted
[Config] Passwords encryption skipped: ZodError: [
  {
    "expected": "number",
    "code": "invalid_type",
    "path": [
      "resourceLimits",
      "terminal",
      "scrollbackLines"
    ],
    "message": "Invalid input: expected number, received string"
  }
]
    at loadConfigFromPath (/mnt/c/work/git/_Snoworca/ProjectMaster-issue2-20260916/server/src/utils/config.ts:235:44)
    at <anonymous> (/mnt/c/work/git/_Snoworca/ProjectMaster-issue2-20260916/server/src/services/TerminalResourcePolicy.test.ts:776:13)
    at getActual (node:assert:611:5)
    at strict.throws (node:assert:759:24)
    at TestContext.<anonymous> (/mnt/c/work/git/_Snoworca/ProjectMaster-issue2-20260916/server/src/services/TerminalResourcePolicy.test.ts:775:12)
    at async Test.run (node:internal/test_runner/test:1409:7)
    at async Test.processPendingSubtests (node:internal/test_runner/test:974:7)
[Config] Configuration validation failed:
[
  {
    "expected": "number",
    "code": "invalid_type",
    "path": [
      "resourceLimits",
      "terminal",
      "scrollbackLines"
    ],
    "message": "Invalid input: expected number, received string"
  }
]
✔ OBS-BGSTAB-005 review regression — invalid raw provenance is sanitized and never silently falls through (20.606037ms)
✔ OBS-BGSTAB-005 review regression — compiler owns all 30 typed resources and records real legacy divergence (3.135862ms)
✔ OBS-BGSTAB-005 review regression — no candidate profile is available without a registered stable contract (2.049987ms)
✔ OBS-BGSTAB-005 review regression — telemetry is allowlisted, payload-free, bounded, and read-only on snapshot (2.361588ms)
✔ OBS-BGSTAB-005 review regression — exact repository tuples validate bidirectionally and detect new callsites (2357.053009ms)
✖ OBS-BGSTAB-005 third review regression — catalog evidence must be executable and remain in the intended symbol scope (3440.850227ms)
✔ OBS-BGSTAB-005 second review regression — production observe mode seeds bounded decisions on every config generation (4.648087ms)
✔ OBS-BGSTAB-005 second review regression — differential executes actual server and browser consumer helpers (1844.491987ms)
✔ OBS-BGSTAB-005 review regression — observer differential preserves actual serialized legacy paths (2.216717ms)
✔ PERF-BGSTAB-010 AC-4 fair delivery policy projection is derived from typed WS resource limits (1.986983ms)
ℹ tests 20
ℹ suites 0
ℹ pass 19
ℹ fail 1
ℹ cancelled 0
ℹ skipped 0
ℹ todo 0
ℹ duration_ms 13816.36111

✖ failing tests:

test at src/services/TerminalResourcePolicy.test.ts:15:1973
✖ OBS-BGSTAB-005 third review regression — catalog evidence must be executable and remain in the intended symbol scope (3440.850227ms)
  AssertionError [ERR_ASSERTION]: unchanged-guard-after-constant-return: expected the decoy to change the discovered tuple set, got only ["source-set-mismatch","source-hash-mismatch"]
      at TestContext.<anonymous> (/mnt/c/work/git/_Snoworca/ProjectMaster-issue2-20260916/server/src/services/TerminalResourcePolicy.test.ts:1507:16)
      at async Test.run (node:internal/test_runner/test:1409:7)
      at async Test.processPendingSubtests (node:internal/test_runner/test:974:7) {
    generatedMessage: false,
    code: 'ERR_ASSERTION',
    actual: false,
    expected: true,
    operator: '==',
    diff: 'simple'
  }
