[Config] All passwords already encrypted
[Config] Configuration loaded successfully
✔ Observe-only TerminalResourcePolicy RED contract — OBS-BGSTAB-005 AC-1 (380.017016ms)
✔ Observe-only TerminalResourcePolicy RED contract — OBS-BGSTAB-005 AC-2 (5.040132ms)
✔ Observe-only TerminalResourcePolicy RED contract — OBS-BGSTAB-005 AC-3 (3.614792ms)
✔ Observe-only TerminalResourcePolicy RED contract — OBS-BGSTAB-005 AC-4 (1.784436ms)
✔ Observe-only TerminalResourcePolicy RED contract — OBS-BGSTAB-005 AC-5 (1.885671ms)
✔ Observe-only TerminalResourcePolicy RED contract — OBS-BGSTAB-005 AC-6 (3976.65544ms)
✔ Observe-only TerminalResourcePolicy RED contract — OBS-BGSTAB-005 AC-7 (3.582839ms)
[Config] All passwords already encrypted
[Config] Configuration loaded successfully
[Config] All passwords already encrypted
[Config] Configuration loaded successfully
[Config] All passwords already encrypted
[Config] Configuration loaded successfully
[Config] All passwords already encrypted
[Config] Configuration loaded successfully
[Config] All passwords already encrypted
[Config] Configuration loaded successfully
[Config] All passwords already encrypted
[Config] Configuration loaded successfully
✔ OBS-BGSTAB-005 review regression — raw provenance survives production loaders and replacements (86.433613ms)
[Config] All passwords already encrypted
[Config] Configuration loaded successfully
✔ OBS-BGSTAB-005 second review regression — explicit non-scrollback keys retain truthful loader provenance (13.771972ms)
✔ OBS-BGSTAB-005 review regression — ConfigFileRepository previous/next provenance survives settings reload and rollback (4.284984ms)
[Config] All passwords already encrypted
[Config] Passwords encryption skipped: ZodError: [
  {
    "expected": "number",
    "code": "invalid_type",
    "path": [
      "resourceLimits",
      "terminal",
      "scrollbackLines"
    ],
    "message": "Invalid input: expected number, received string"
  }
]
    at loadConfigFromPath (/mnt/c/work/git/_Snoworca/ProjectMaster-issue2-20260916/server/src/utils/config.ts:235:44)
    at <anonymous> (/mnt/c/work/git/_Snoworca/ProjectMaster-issue2-20260916/server/src/services/TerminalResourcePolicy.test.ts:776:13)
    at getActual (node:assert:611:5)
    at strict.throws (node:assert:759:24)
    at TestContext.<anonymous> (/mnt/c/work/git/_Snoworca/ProjectMaster-issue2-20260916/server/src/services/TerminalResourcePolicy.test.ts:775:12)
    at async Test.run (node:internal/test_runner/test:1409:7)
    at async Test.processPendingSubtests (node:internal/test_runner/test:974:7)
[Config] Configuration validation failed:
[
  {
    "expected": "number",
    "code": "invalid_type",
    "path": [
      "resourceLimits",
      "terminal",
      "scrollbackLines"
    ],
    "message": "Invalid input: expected number, received string"
  }
]
✔ OBS-BGSTAB-005 review regression — invalid raw provenance is sanitized and never silently falls through (20.033146ms)
✔ OBS-BGSTAB-005 review regression — compiler owns all 30 typed resources and records real legacy divergence (2.59812ms)
✔ OBS-BGSTAB-005 review regression — no candidate profile is available without a registered stable contract (1.684446ms)
✔ OBS-BGSTAB-005 review regression — telemetry is allowlisted, payload-free, bounded, and read-only on snapshot (2.005086ms)
✔ OBS-BGSTAB-005 review regression — exact repository tuples validate bidirectionally and detect new callsites (2334.492091ms)
✔ OBS-BGSTAB-005 third review regression — catalog evidence must be executable and remain in the intended symbol scope (7643.420322ms)
✔ OBS-BGSTAB-005 second review regression — production observe mode seeds bounded decisions on every config generation (4.288994ms)
✔ OBS-BGSTAB-005 second review regression — differential executes actual server and browser consumer helpers (1826.826421ms)
✔ OBS-BGSTAB-005 review regression — observer differential preserves actual serialized legacy paths (2.286847ms)
✔ PERF-BGSTAB-010 AC-4 fair delivery policy projection is derived from typed WS resource limits (2.238028ms)
ℹ tests 20
ℹ suites 0
ℹ pass 20
ℹ fail 0
ℹ cancelled 0
ℹ skipped 0
ℹ todo 0
ℹ duration_ms 18003.865853
