[Config] All passwords already encrypted
[Config] Configuration loaded successfully
✔ OPS-BGSTAB-010 the published generation pins the sources on disk (47.784612ms)
✔ OPS-BGSTAB-010 the compiled canary accepts the bundled artifact policy (2504.29163ms)
✔ OPS-BGSTAB-010 altering one pinned byte breaks the digest equality (41.21331ms)
[Config] All passwords already encrypted
[Config] Configuration loaded successfully
✔ PERF-BGSTAB-010 compiled runtime resolves only its staged evidence bundle and rejects escaped references (6793.355444ms)
✔ PERF-BGSTAB-010 portable compiled Canary accepts fresh canonical authority (5656.379982ms)
✔ PERF-BGSTAB-010 one-field authority identity drift rejects default admission (4321.20929ms)
✔ PERF-BGSTAB-010 RuntimeConfigStore profile is non-secret and binds raw plus decision evidence (680.711079ms)
✔ PERF-BGSTAB-010 policy profile deeply freezes leaves and changes measured evidence for a non-default policy (767.784246ms)
✔ PERF-BGSTAB-010 one-field policy profile drift rejects fair-delivery evidence (408.646368ms)
✔ PERF-BGSTAB-010 official writer retains an earlier generation when a policy profile changes (1697.89406ms)
✔ PERF-BGSTAB-010 official writer reissues an already moved identical generation after a pointer-swap interruption (2345.619629ms)
✔ PERF-BGSTAB-010 official writer preserves an earlier pointer when the moved retry generation differs (2368.239184ms)
✔ PERF-BGSTAB-010 official writer fails closed on a stale output lock without changing LKG (1840.569945ms)
✔ PERF-BGSTAB-010 concurrent docs publication fails closed while its output lock is held (1760.675276ms)
✔ PERF-BGSTAB-010 docs publication path aliases share one output lock (1021.430192ms)
﹣ PERF-BGSTAB-010 docs publication shares its lock across an NTFS 8.3 output alias (13.914076ms) # NTFS 8.3 short path is unavailable for this test directory
[Config] All passwords already encrypted
[Config] Configuration loaded successfully
✔ PERF-BGSTAB-010 compiled runtime validates the published artifact through build provenance (3970.357115ms)
✔ PERF-BGSTAB-010 runtime policy profile default admission uses current authority identity (4456.238952ms)
✔ PERF-BGSTAB-010 source provenance parser fails closed for malformed manifests (2.273638ms)
✔ PERF-BGSTAB-010 source-dist canonical authority parity fails closed (5942.285831ms)
[Config] All passwords already encrypted
[Config] Configuration loaded successfully
✔ PERF-BGSTAB-010 artifact source digest covers runtime delivery and admission gates (6.909689ms)
✔ PERF-BGSTAB-010 source provenance digest binds shared authority locator (82.512464ms)
✔ PERF-BGSTAB-010 benchmark artifact records the same projected policy used by runtime admission (482.849542ms)
✔ PERF-BGSTAB-010 published source digest is available to the runtime admission gate (414.500945ms)
✔ PERF-BGSTAB-010 source policy profile default admission uses current authority identity (21.064518ms)
✔ PERF-BGSTAB-010 AC-2/AC-3 deterministic WAN fair-scheduler artifact contract (739.336801ms)
✔ PERF-BGSTAB-010 AC-2 applies the same WAN and ACK-fault workload to FIFO, Orca hold/bypass, and DRR (650.411136ms)
✔ PERF-BGSTAB-010 AC-3 measured artifact validator fails closed for tampering and accepts complete evidence (504.088764ms)
✔ PERF-BGSTAB-010 AC-3 validates every published trial sidecar against combined raw evidence (370.387177ms)
✔ PERF-BGSTAB-010 AC-2/AC-3 registers every measured delivery bound and rejects a changed threshold contract (357.987995ms)
✔ PERF-BGSTAB-010 AC-3 staged fair-scheduler artifact publish contract (840.786035ms)
﹣ PERF-BGSTAB-010 decision writer shares its publish lock across an NTFS 8.3 output-root alias (6.511289ms) # NTFS 8.3 short path is unavailable for this test directory
✔ PERF-BGSTAB-010 canonical authority publisher creates current immutable generation (4474.484298ms)
✔ PERF-BGSTAB-010 source canonical bundle validates pointer provenance raw SHA and 1-2-8 decision (1938.499755ms)
[Config] All passwords already encrypted
[Config] Configuration loaded successfully
✔ OPS-BGSTAB-011 the inventory covers the configuration schema exactly once per leaf (7.782346ms)
✔ OPS-BGSTAB-011 every entry carries one classification from the closed set and a reason (5.441928ms)
✔ OPS-BGSTAB-011 non-inert entries name a real consumer and inert entries name none (11.727982ms)
✔ OPS-BGSTAB-011 the inventory agrees with the existing RuntimeConfigStore classification tables (5.376872ms)
✔ OPS-BGSTAB-011 safety-only entries record the bound they protect (10.216345ms)
✔ OPS-BGSTAB-011 the schema walk refuses shapes it would silently mis-count (9.694739ms)
✔ OPS-BGSTAB-011 the configuration schema still has exactly 81 leaves (0.531079ms)
✔ REL-BGSTAB-023 AC-1 the checkpoint byte budget is its own canonical schema key (2.455787ms)
✔ REL-BGSTAB-023 AC-5 the shipped default leaves the effective budget unchanged (0.184484ms)
✔ REL-BGSTAB-023 AC-1 the checkpoint byte budget shares the range it was split from (1.064045ms)
✔ REL-BGSTAB-023 AC-1 the terminal block stays strict about unknown keys (0.348162ms)
✔ REL-BGSTAB-023 AC-4 the checkpoint byte budget is registered as a terminal resource key (0.161159ms)
[Config] All passwords already encrypted
[Config] Configuration loaded successfully
✔ FR-BGSTAB-025 strict legacy loading preserves the file and unrelated Settings persistence does not restore retired defaults (20.602012ms)
✔ ConfigFileRepository inserts Wave6 resource sections into legacy config text (10.708861ms)
[Config] All passwords already encrypted
[Config] Configuration loaded successfully
[SessionManager] All CWD watchers stopped
✔ ACK-01 REL-BGSTAB-011 reserves ordinary source tuples before headless commit (211.200608ms)
[SessionManager] All CWD watchers stopped
✔ ACK-01 PERF-BGSTAB-011 routes each ordinary reservation tuple unchanged after commit (127.738019ms)
[SessionManager] All CWD watchers stopped
✔ ACK-01 REL-BGSTAB-011 reserves rollover source tuples before headless commit (173.167295ms)
[SessionManager] All CWD watchers stopped
✔ ACK-01 PERF-BGSTAB-011 routes each rollover reservation tuple unchanged after commit (168.268959ms)
[SessionManager] All CWD watchers stopped
✔ ACK-01 REL-BGSTAB-011 keeps reservation commit and router identity equal after 1 snapshot-only resize(s) (155.273131ms)
[SessionManager] All CWD watchers stopped
✔ ACK-01 REL-BGSTAB-011 keeps reservation commit and router identity equal after 2 snapshot-only resize(s) (175.690591ms)
[SessionManager] All CWD watchers stopped
✔ ACK-01 REL-BGSTAB-011 preserves pending reservations across an interleaved snapshot rollover (156.267549ms)
[SessionManager] All CWD watchers stopped
✔ ACK-15 resize preserves queued source identities at snapshot 40 (150.256201ms)
[SessionManager] All CWD watchers stopped
[SessionManager] Headless terminal degraded (write) for session retained-authority-41011: ACK-16 injected first headless write failure
[SessionManager] All CWD watchers stopped
✔ ACK-15 resize preserves queued source identities at snapshot 18446744073709551613 (141.925476ms)
✔ ACK-16 failed writes and headless recreation discard projected snapshot reservations (94.807787ms)
[SessionManager] All CWD watchers stopped
✔ ACK-16 enabling shadow after disabled output preserves committed source identity (140.09791ms)
[SessionManager] All CWD watchers stopped
[SessionManager] All CWD watchers stopped
[SessionManager] All CWD watchers stopped
✔ Retained server model shadow and driver lease RED contract — REL-BGSTAB-011 AC-1 (441.321885ms)
[SessionManager] All CWD watchers stopped
✔ RED reviewer — populated Ordinal64 rollover keeps oldest retained marker epoch-qualified (133.908369ms)
[SessionManager] All CWD watchers stopped
✔ Retained server model shadow and driver lease RED contract — REL-BGSTAB-011 AC-2 (134.271209ms)
[SessionManager] All CWD watchers stopped
✔ Retained server model shadow and driver lease RED contract — REL-BGSTAB-011 AC-3 (138.17584ms)
[SessionManager] All CWD watchers stopped
[Session retained-authority-41020] Idle detection upgraded to osc133 mode
✔ Retained server model shadow and driver lease RED contract — REL-BGSTAB-011 AC-4 (139.575932ms)
[SessionManager] All CWD watchers stopped
✔ Retained server model shadow and driver lease RED contract — REL-BGSTAB-011 AC-5 (123.858671ms)
[SessionManager] All CWD watchers stopped
[SessionManager] All CWD watchers stopped
✔ Retained server model shadow and driver lease RED contract — REL-BGSTAB-011 AC-6 (124.93706ms)
✔ RED reviewer — failed competing mutation lease rolls back only its newly registered view (119.655509ms)
[SessionManager] All CWD watchers stopped
[SessionManager] All CWD watchers stopped
✔ Retained server model shadow and driver lease RED contract — REL-BGSTAB-011 AC-7 (240.526313ms)
[SessionManager] All CWD watchers stopped
✔ Retained server model shadow and driver lease RED contract — REL-BGSTAB-011 AC-8 (131.082795ms)
[SessionManager] All CWD watchers stopped
[SessionManager] All CWD watchers stopped
[SessionManager] All CWD watchers stopped
[SessionManager] All CWD watchers stopped
✔ Retained server model shadow and driver lease RED contract — REL-BGSTAB-011 AC-9 (466.973175ms)
[SessionManager] All CWD watchers stopped
[SessionManager] All CWD watchers stopped
✔ Retained server model shadow and driver lease RED contract — REL-BGSTAB-007 AC-1 (242.938555ms)
[SessionManager] All CWD watchers stopped
✔ Retained server model shadow and driver lease RED contract — REL-BGSTAB-007 AC-2 (127.754231ms)
[SessionManager] All CWD watchers stopped
✔ Retained server model shadow and driver lease RED contract — REL-BGSTAB-007 AC-3 (128.180085ms)
[SessionManager] All CWD watchers stopped
✔ Retained server model shadow and driver lease RED contract — REL-BGSTAB-007 AC-6 (127.04024ms)
[SessionManager] All CWD watchers stopped
✔ Retained server model shadow and driver lease RED contract — REL-BGSTAB-007 AC-7 (133.81481ms)
[SessionManager] All CWD watchers stopped
✔ Retained server model shadow and driver lease RED contract — REL-BGSTAB-007 AC-9 (122.022351ms)
[SessionManager] All CWD watchers stopped
[SessionManager] All CWD watchers stopped
[SessionManager] All CWD watchers stopped
✔ Retained server model shadow and driver lease RED contract — REL-BGSTAB-007 AC-10 (125.540363ms)
✔ REL_BGSTAB_007_AC10_server_restart_is_authority_unavailable (231.414509ms)
[SessionManager] All CWD watchers stopped
✔ REL_BGSTAB_007_AC10_pty_exit_is_session_terminated (126.445073ms)
[SessionManager] All CWD watchers stopped
✔ RED reviewer — production comparer requires an independent roundtrip baseline before principal-axis match (146.02674ms)
[SessionManager] All CWD watchers stopped
[Session pure-osc133-retained-record] Idle detection upgraded to osc133 mode
[SessionManager] All CWD watchers stopped
✔ RED reviewer — split semantic facts preserve record-local OSC BEL/ST, DSR, and repeated BEL occurrences (154.208628ms)
✔ RED reviewer — pure OSC 133 status is retained as a semantic-only source record (123.22502ms)
[SessionManager] All CWD watchers stopped
✔ RED reviewer — sampled shadow comparer never blocks legacy delivery or mutates a replacement generation (174.513564ms)
[SessionManager] All CWD watchers stopped
✔ RED reviewer — shadow comparer samples only at global headless idle and enforces a low-duty interval (434.869394ms)
[SessionManager] All CWD watchers stopped
✔ MIG-BGSTAB-002 promotion evidence comparison is not starved by an unrelated busy session (112.892482ms)
[SessionManager] All CWD watchers stopped
✔ RED reviewer — retained operation and fact evidence ledgers stay policy-bounded (335.05599ms)
[SessionManager] All CWD watchers stopped
✔ RED reviewer — retained ledger byte accounting never rescans the full evidence arrays on commit (283.460397ms)
[SessionManager] All CWD watchers stopped
✔ RED reviewer — parser-tail and eviction comparer axes fail closed without an independent baseline (143.636454ms)
[SessionManager] All CWD watchers stopped
[SessionManager] All CWD watchers stopped
[SessionManager] All CWD watchers stopped
[SessionManager] All CWD watchers stopped
[SessionManager] All CWD watchers stopped
[SessionManager] All CWD watchers stopped
✔ RED reviewer — newline-free soft-wrap and reflow eviction advance exact oldest retained source (118.378853ms)
✔ RED reviewer — actual input, resize, and query paths reject stale lease identity for two clients (116.08019ms)
✔ RED reviewer — actual input path rejects every stale lease identity with eight clients (117.846026ms)
✔ RED reviewer — missing actual mutation identity stays legacy-compatible but blocks shadow canary (111.452074ms)
✔ RED reviewer — old authority identity cannot mutate replacement PTY through actual paths (117.382192ms)
✔ lazy test-created SessionData keeps legacy resize compatibility without retained state (109.82857ms)
[SessionManager] All CWD watchers stopped
✔ RED reviewer — resize advances snapshot identity without consuming PTY source sequence (116.224264ms)
[SessionManager] Headless terminal degraded (write) for session actual-headless-write-degradation: forced actual retained write degradation
[SessionManager] All CWD watchers stopped
[Session semantic-only-already-degraded] Idle detection upgraded to osc133 mode
[SessionManager] All CWD watchers stopped
[Session semantic-only-queue-overflow] Idle detection upgraded to osc133 mode
[SessionManager] Headless terminal degraded (queue-overflow) for session semantic-only-queue-overflow: Headless output queue overflow (observe): chunk-limit
[SessionManager] All CWD watchers stopped
[Session semantic-only-commit-failure] Idle detection upgraded to osc133 mode
[SessionManager] Headless terminal degraded (write) for session semantic-only-commit-failure: forced semantic-only commit failure
[SessionManager] All CWD watchers stopped
[Session pending-semantic-overflow-settlement] Idle detection upgraded to osc133 mode
✔ RED reviewer — actual headless write degradation is typed and blocks authority canary (114.394444ms)
✔ RED reviewer — degraded, overflow, and commit-failure OSC status records reject facts without empty delivery (332.536156ms)
[SessionManager] Headless terminal degraded (queue-overflow) for session pending-semantic-overflow-settlement: Headless output queue overflow (observe): chunk-limit
[SessionManager] All CWD watchers stopped
[Session throwing-policy-settler-isolated] Idle detection upgraded to osc133 mode
✔ RED reviewer — queue overflow settles every previously accepted semantic record in ingest order (108.476602ms)
[SessionManager] Headless policy failure settler threw for session throwing-policy-settler-isolated, output 0: Error: forced first settler failure
    at settleFailure (/mnt/c/work/git/_Snoworca/ProjectMaster-issue2-20260916/server/src/services/RetainedTerminalAuthority.test.ts:2856:34)
    at SessionManager.settleRetainedTerminalPendingOutputsBeforeDegrade (/mnt/c/work/git/_Snoworca/ProjectMaster-issue2-20260916/server/src/services/SessionManager.ts:8697:69)
    at SessionManager.markHeadlessDegraded (/mnt/c/work/git/_Snoworca/ProjectMaster-issue2-20260916/server/src/services/SessionManager.ts:8647:10)
    at SessionManager.queueHeadlessOutput (/mnt/c/work/git/_Snoworca/ProjectMaster-issue2-20260916/server/src/services/SessionManager.ts:7859:12)
    at <anonymous> (/mnt/c/work/git/_Snoworca/ProjectMaster-issue2-20260916/server/src/services/SessionManager.ts:1729:14)
    at FakePty.emitData (/mnt/c/work/git/_Snoworca/ProjectMaster-issue2-20260916/server/src/services/RetainedTerminalAuthority.test.ts:306:48)
    at <anonymous> (/mnt/c/work/git/_Snoworca/ProjectMaster-issue2-20260916/server/src/services/RetainedTerminalAuthority.test.ts:2873:25)
    at getActual (node:assert:611:5)
    at strict.doesNotThrow (node:assert:779:32)
    at TestContext.<anonymous> (/mnt/c/work/git/_Snoworca/ProjectMaster-issue2-20260916/server/src/services/RetainedTerminalAuthority.test.ts:2872:12)
[SessionManager] Headless terminal degraded (queue-overflow) for session throwing-policy-settler-isolated: Headless output queue overflow (observe): chunk-limit
[SessionManager] All CWD watchers stopped
[Session pending-semantic-write-settlement] Idle detection upgraded to osc133 mode
✔ RED reviewer — throwing policy settler cannot abort degradation settlement or current legacy delivery (119.039411ms)
[SessionManager] Headless terminal degraded (write) for session pending-semantic-write-settlement: forced queued semantic settlement failure
[SessionManager] All CWD watchers stopped
✔ RED reviewer — headless write failure settles failed and later queued semantic records exactly once (129.396382ms)
[Config] All passwords already encrypted
[Config] Configuration loaded successfully
✔ with no canonical key the browser is given the legacy decision, not the schema default (3.389887ms)
✔ a canonical key is published as written (1.016113ms)
✔ the published value equals the policy decision on both configurations (2.540046ms)
✔ the server model honours a legacy-only configuration instead of the schema default (104.228093ms)
✔ the server model and the published value agree on a legacy-only configuration (138.804453ms)
[Config] All passwords already encrypted
[Config] Configuration loaded successfully
✔ RuntimeConfigStore builds a redacted editable snapshot (3.571199ms)
✔ FR-BGSTAB-025 runtime snapshot and capabilities contain no retired leaves (1.104476ms)
✔ RuntimeConfigStore marks platform-specific capabilities and merges editable patches (0.956831ms)
✔ RuntimeConfigStore exposes Wave6 resource capabilities without leaking server-only runtime config (0.962991ms)
✔ FR-BGSTAB-015 recentEventLimit capability is available with truthful constraints (0.670641ms)
✔ FR-BGSTAB-015 replaceValues applies recentEventLimit to the existing observer immediately (4.439854ms)
✔ FR-BGSTAB-015 replaceFromConfig applies recentEventLimit to the existing observer immediately (4.606484ms)
✔ FR-BGSTAB-015 recentEventLimit rejects invalid values without clamping or changing observer state (5.789474ms)
✔ RuntimeConfigStore validates Wave 0 resource limit patches after merging (1.905695ms)
✔ IR-BGSTAB-001 AC-8 publishes terminalWireFormat and nothing else beyond the existing allowlist (2.365479ms)
✔ IR-BGSTAB-001 AC-8 republishes terminalWireFormat after a runtime config reload (1.203882ms)
[Config] All passwords already encrypted
[Config] Configuration loaded successfully
[Auth] No password configured - authentication will fail
[Auth] AuthService initialized
[Auth] No password configured - authentication will fail
✔ SettingsService persists selected Wave6 resource settings and reports truthful scopes (172.794121ms)
[Auth] No password configured - authentication will fail
[Auth] AuthService initialized
✔ SettingsService rejects invalid Wave6 resource relationships before persistence (161.830725ms)
[Auth] No password configured - authentication will fail
[Auth] AuthService initialized
✔ SettingsService rejects reserved Wave6 resource keys and ignores no-op selected patches (159.67521ms)
[Auth] No password configured - authentication will fail
[Auth] AuthService initialized
[Auth] No password configured - authentication will fail
[Auth] No password configured - authentication will fail
✔ SettingsService rolls back Wave6 resource runtime state when apply fails (153.382796ms)
[Config] All passwords already encrypted
[Config] Configuration loaded successfully
✔ Observe-only TerminalResourcePolicy RED contract — OBS-BGSTAB-005 AC-1 (785.543831ms)
✔ Observe-only TerminalResourcePolicy RED contract — OBS-BGSTAB-005 AC-2 (7.111686ms)
✔ Observe-only TerminalResourcePolicy RED contract — OBS-BGSTAB-005 AC-3 (4.766833ms)
✔ Observe-only TerminalResourcePolicy RED contract — OBS-BGSTAB-005 AC-4 (1.354236ms)
✔ Observe-only TerminalResourcePolicy RED contract — OBS-BGSTAB-005 AC-5 (2.84147ms)
✔ Observe-only TerminalResourcePolicy RED contract — OBS-BGSTAB-005 AC-6 (5618.424399ms)
✔ Observe-only TerminalResourcePolicy RED contract — OBS-BGSTAB-005 AC-7 (6.737445ms)
[Config] All passwords already encrypted
[Config] Configuration loaded successfully
[Config] All passwords already encrypted
[Config] Configuration loaded successfully
[Config] All passwords already encrypted
[Config] Configuration loaded successfully
[Config] All passwords already encrypted
[Config] Configuration loaded successfully
[Config] All passwords already encrypted
[Config] Configuration loaded successfully
[Config] All passwords already encrypted
[Config] Configuration loaded successfully
✔ OBS-BGSTAB-005 review regression — raw provenance survives production loaders and replacements (113.198155ms)
[Config] All passwords already encrypted
[Config] Configuration loaded successfully
✔ OBS-BGSTAB-005 second review regression — explicit non-scrollback keys retain truthful loader provenance (14.37422ms)
✔ OBS-BGSTAB-005 review regression — ConfigFileRepository previous/next provenance survives settings reload and rollback (5.058413ms)
[Config] All passwords already encrypted
[Config] Passwords encryption skipped: ZodError: [
  {
    "expected": "number",
    "code": "invalid_type",
    "path": [
      "resourceLimits",
      "terminal",
      "scrollbackLines"
    ],
    "message": "Invalid input: expected number, received string"
  }
]
    at loadConfigFromPath (/mnt/c/work/git/_Snoworca/ProjectMaster-issue2-20260916/server/src/utils/config.ts:235:44)
    at <anonymous> (/mnt/c/work/git/_Snoworca/ProjectMaster-issue2-20260916/server/src/services/TerminalResourcePolicy.test.ts:780:13)
    at getActual (node:assert:611:5)
    at strict.throws (node:assert:759:24)
    at TestContext.<anonymous> (/mnt/c/work/git/_Snoworca/ProjectMaster-issue2-20260916/server/src/services/TerminalResourcePolicy.test.ts:779:12)
    at async Test.run (node:internal/test_runner/test:1409:7)
    at async Test.processPendingSubtests (node:internal/test_runner/test:974:7)
[Config] Configuration validation failed:
[
  {
    "expected": "number",
    "code": "invalid_type",
    "path": [
      "resourceLimits",
      "terminal",
      "scrollbackLines"
    ],
    "message": "Invalid input: expected number, received string"
  }
]
✔ OBS-BGSTAB-005 review regression — invalid raw provenance is sanitized and never silently falls through (21.757965ms)
✔ OBS-BGSTAB-005 review regression — compiler owns all 30 typed resources and records real legacy divergence (3.340752ms)
✔ OBS-BGSTAB-005 review regression — no candidate profile is available without a registered stable contract (2.693059ms)
✔ OBS-BGSTAB-005 review regression — telemetry is allowlisted, payload-free, bounded, and read-only on snapshot (3.437598ms)
✔ OBS-BGSTAB-005 review regression — exact repository tuples validate bidirectionally and detect new callsites (3069.381361ms)
driftMechanism seal-only unchanged-guard-after-constant-return ["source-set-mismatch","source-hash-mismatch"]
driftMechanism seal-only unchanged-guard-after-try-finally-return ["source-set-mismatch","source-hash-mismatch"]
driftMechanism tuple object-option-noop-callee-decoy ["source-set-mismatch","source-hash-mismatch","orphan-tuple","orphan-tuple","orphan-tuple","missing-tuple","missing-tuple","missing-tuple"]
driftMechanism tuple call-input-noop-callee-decoy ["source-set-mismatch","source-hash-mismatch","orphan-tuple","missing-tuple"]
driftMechanism tuple control-guard-wrong-return-decoy ["source-set-mismatch","source-hash-mismatch","orphan-tuple","missing-tuple"]
✔ OBS-BGSTAB-005 third review regression — catalog evidence must be executable and remain in the intended symbol scope (9475.84904ms)
✔ OBS-BGSTAB-005 second review regression — production observe mode seeds bounded decisions on every config generation (4.64876ms)
✔ OBS-BGSTAB-005 second review regression — differential executes actual server and browser consumer helpers (2195.00946ms)
✔ OBS-BGSTAB-005 review regression — observer differential preserves actual serialized legacy paths (2.316197ms)
✔ PERF-BGSTAB-010 AC-4 fair delivery policy projection is derived from typed WS resource limits (2.07903ms)
[Config] All passwords already encrypted
[Config] Configuration loaded successfully
[WS] WebSocket router initialized
[WS] WebSocket router initialized
✔ PERF-BGSTAB-010 fixture contract — real SessionManager initialization retains authority and cleanup state (179.870938ms)
✔ PERF-BGSTAB-010 gated headless fixture preserves full state while disposal releases held write callbacks (0.456539ms)
[WS] WebSocket router initialized
✔ PERF-BGSTAB-010 gated real-session fixture drains a held write before public cleanup (2435.793153ms)
[WS] WebSocket router initialized
✔ PERF-BGSTAB-010 gated real-session fixture releases resources after an assertion failure (2377.391005ms)
[SessionManager] All CWD watchers stopped
[WS] WebSocket router initialized
✔ PERF-BGSTAB-010 emergency cleanup preserves a public finalizer error while releasing held callbacks (2400.357515ms)
[SessionManager] Headless terminal degraded (queue-overflow) for session gated-headless-overflow-cleanup-red: Headless output queue overflow (observe): byte-limit
[WS] WebSocket router initialized
[WS] WebSocket router initialized
[WS] Client disconnected: client-a
✔ PERF-BGSTAB-010 gated real-session PTY chain settles within the fixture bound after overflow cleanup (2362.434695ms)
✔ Non-loss policy canary infrastructure RED contract — REL-BGSTAB-010 AC-1 (220.122804ms)
[WS] WebSocket router initialized
[WS] Client disconnected: client-a
[WS] WebSocket router initialized
[WS] Client disconnected: client-a
[WS] Client disconnected: client-b
[WS] WebSocket router initialized
[WS] Client disconnected: client-a
[WS] Client disconnected: client-b
[WS] WebSocket router initialized
[WS] Client disconnected: client-a
[WS] Client disconnected: client-b
[WS] WebSocket router initialized
[WS] Client disconnected: client-a
[WS] Client disconnected: client-b
[WS] WebSocket router initialized
✔ REL-BGSTAB-010 production assembly shares one registry-derived lease authority (112.46046ms)
✔ Non-loss policy canary infrastructure RED contract — REL-BGSTAB-010 AC-2 (223.660596ms)
✔ Non-loss policy canary infrastructure RED contract — REL-BGSTAB-010 AC-3 (117.108704ms)
✔ Non-loss policy canary infrastructure RED contract — REL-BGSTAB-010 AC-4 (112.124339ms)
[WS] Client disconnected: client-a
[WS] Client disconnected: client-b
[WS] WebSocket router initialized
[WS] WebSocket router initialized
✔ Non-loss policy canary infrastructure RED contract — REL-BGSTAB-010 AC-5 (116.799429ms)
✔ REL-BGSTAB-010 headless finalizer revokes the old epoch and isolates same-ID recreation (102.060559ms)
[WS] WebSocket router initialized
[SessionManager] Headless terminal degraded (write) for session session-a1: simulated headless write failure
✔ REL-BGSTAB-010 headless maxChunks admits exact N and rejects N+1 without bypass (134.248687ms)
[WS] WebSocket router initialized
[WS] Client disconnected: client-a
[WS] WebSocket router initialized
✔ REL-BGSTAB-010 headless write failure settles the candidate to target-scoped legacy recovery (117.165163ms)
✔ REL-BGSTAB-010 valid but inactive leases cannot preview admit or rollback active WS and headless targets (116.232625ms)
[SessionManager] Headless terminal degraded (queue-overflow) for session session-nonselected: Headless output queue overflow (observe): byte-limit
[SessionManager] Headless terminal degraded (queue-overflow) for session session-a1: Headless output queue overflow (observe): byte-limit
[WS] WebSocket router initialized
✔ REL-BGSTAB-010 production PTY path uses target-scoped non-destructive headless policy and restores legacy limit (181.823414ms)
[WS] WebSocket router initialized
✔ REL-BGSTAB-010 headless rollback closes only after the actual write chain drains (112.165189ms)
✔ REL-BGSTAB-010 headless rollback fences every pre-boundary policy generation (118.513321ms)
✔ Non-loss policy canary infrastructure RED contract — REL-BGSTAB-010 AC-6 (0.424206ms)
✔ REL-BGSTAB-010 coalescing preserves every admission identity and lifetime fence (0.213607ms)
✔ PERF-BGSTAB-010 AC-3/AC-4 fair artifact admission 계약 부재 때문에 실패 (2.762471ms)
✔ PERF-BGSTAB-010 published fair artifact admission validates the benchmark policy contract (2.834435ms)
✔ PERF-BGSTAB-010 source default Canary admission fails closed (10.511105ms)
✔ PERF-BGSTAB-010 source canonical resolver rejects noncanonical authority (209.361028ms)
✔ PERF-BGSTAB-010 fresh default Canary accepts canonical authority (1359.212792ms)
[Config] All passwords already encrypted
[Config] Configuration loaded successfully
[SessionManager] CWD does not exist: C:\work\git\_Snoworca\ProjectMaster-issue2-20260916\server, falling back to /home/beom
✔ public recovery fixture observes one public session and releases it (147.977951ms)
✔ ACK-04 source ACK returns first and second deltas without using the lane ceiling (2.622862ms)
✔ ACK-05 source and legacy ACKs settle output and source-less dataGap once in either order (0.688766ms)
✔ ACK-04 adjacent source ordinals above Number precision return distinct deltas (0.429751ms)
✔ ACK-04 adjacent stream epochs above Number precision keep identical source ordinals distinct (0.367448ms)
✔ ACK-05 a legacy cumulative ACK settles source output before a repeated source ACK (0.295059ms)
✔ ACK-06 source distinguishes issued-but-unsent, holes and over-ACK without releasing credit (0.228453ms)
✔ ACK-06 rollover preserves an outstanding old-epoch entry and accepts source zero in the next epoch (0.28634ms)
✔ ACK-06 a source-less lane cannot acknowledge an invented source identity (0.250844ms)
✔ ACK-02 recreated delivery lane retains the new session source floor and two delta credits (0.457114ms)
✔ ACK-07 both and missing domains are rejected before unknown-lane validation (0.254109ms)
✔ ACK-07 malformed source values and unknown kind take precedence over an unknown lane (0.173501ms)
✔ ACK-07 invalid source domain values are observable and do not mutate the ledger (0.199458ms)
✔ ACK-07 the first source tuple at the absolute zero boundary is acknowledged (0.166235ms)
✔ ACK-10 source error diagnostics preserve the provided tuple (0.246975ms)
✔ legacy ACK guard precedence and issued-but-unsent distinction remain unchanged (0.199335ms)
✔ FRR fallback accessor does not create absent lanes or invoke snapshot (109.701508ms)
✔ FRR fallback accessor distinguishes ordinary and plain terminated or downgraded lanes (5.662378ms)
✔ FRR fallback accessor returns the recorded timeout reason without repeating recovery (5.503797ms)
✔ FRR fallback accessor returns overflow but not an unrelated lane reason (4.654117ms)
✔ Fair delivery scheduler and ACK credit RED contract — PERF-BGSTAB-010 AC-1 (5.045057ms)
✔ Fair delivery scheduler and ACK credit RED contract — PERF-BGSTAB-010 AC-2 (3.545356ms)
✔ Fair delivery scheduler and ACK credit RED contract — PERF-BGSTAB-010 AC-3 (13.941702ms)
✔ Fair delivery scheduler and ACK credit RED contract — PERF-BGSTAB-010 AC-4 (8.771803ms)
✔ PERF-BGSTAB-010 scheduler applies the projected slice, class weights, socket gate, and small-output bypass (5.780475ms)
✔ Fair delivery scheduler and ACK credit RED contract — PERF-BGSTAB-010 AC-5 (6.270225ms)
✔ PERF-BGSTAB-010 ledger measures the exact delivery identity envelope placed on the wire (4.833654ms)
✔ PERF-BGSTAB-010 ledger retains recovery ordering metadata in the fair wire envelope (4.16027ms)
✔ PERF-BGSTAB-010 transport failure releases the unacknowledgeable ledger entry before authoritative recovery (5.544745ms)
✔ PERF-BGSTAB-010 per-session delivery identities stay monotonic when a control frame is queued (6.114114ms)
✔ PERF-BGSTAB-010 fallback delegates recovery without synthetic terminal output (5.177827ms)
✔ Fair delivery scheduler and ACK credit RED contract — PERF-BGSTAB-010 AC-6 (5.658991ms)
✔ Fair delivery scheduler and ACK credit RED contract — PERF-BGSTAB-010 AC-7 (3.72281ms)
✔ Fair delivery scheduler and ACK credit RED contract — PERF-BGSTAB-010 AC-8 (13.38379ms)
✔ Fair delivery scheduler and ACK credit RED contract — PERF-BGSTAB-010 AC-9 (4.970915ms)
✔ PERF-BGSTAB-011 credit ledger floors an empty body at one budget byte (5.106844ms)
✔ PERF-BGSTAB-011 body domain keeps small-output bypass open past the socket soft gate (19.45869ms)
✔ PERF-BGSTAB-011 body domain charges the deficit only above the bypass threshold (8.898699ms)
[Config] All passwords already encrypted
[Config] Configuration loaded successfully
[WS] WebSocket router initialized
[WS] Client disconnected: source-first
[WS] Client disconnected: source-second
[WS] WebSocket router initialized
[WS] Client disconnected: p4a-client
[WS] Client disconnected: p4a-client
[WS] WebSocket router initialized
[WS] Client disconnected: p4a-client
[WS] Client disconnected: p4a-client
[WS] WebSocket router initialized
[WS] Client disconnected: p4a-client
[WS] Client disconnected: p4a-client
[WS] WebSocket router initialized
[WS] Client disconnected: p4a-client
[WS] WebSocket router initialized
[WS] Client disconnected: p4a-client
[WS] WebSocket router initialized
[WS] Client disconnected: p4a-client
[WS] WebSocket router initialized
[WS] Client disconnected: p4a-client
[WS] WebSocket router initialized
[WS] Client disconnected: p4a-client
[WS] WebSocket router initialized
[WS] Client disconnected: p4a-client
[WS] WebSocket router initialized
[WS] Client disconnected: p4a-client
[WS] WebSocket router initialized
[WS] Client disconnected: p4a-client
[WS] WebSocket router initialized
[WS] Client disconnected: p4a-client
[WS] WebSocket router initialized
[WS] Client disconnected: p4a-client
[WS] WebSocket router initialized
[WS] Client disconnected: p4a-client
[WS] WebSocket router initialized
[WS] Client disconnected: p4a-client
[WS] WebSocket router initialized
[WS] Client disconnected: p4a-client
[WS] WebSocket router initialized
{"reproduction":"FRR","trigger":"ack-timeout","withPeer":false,"recoveryReady":true,"schedulerPresent":false,"activeLane":null,"postOutput":[{"data":"FRR first after snapshot","screenSeq":42,"chunkId":"2"},{"data":"FRR second after snapshot","screenSeq":43,"chunkId":"3"}],"peerCredit":null}
[WS] Client disconnected: p4a-client
[WS] WebSocket router initialized
{"reproduction":"FRR","trigger":"ack-timeout","withPeer":true,"recoveryReady":true,"schedulerPresent":true,"activeLane":null,"postOutput":[{"data":"FRR first after snapshot","screenSeq":42,"chunkId":"2"},{"data":"FRR second after snapshot","screenSeq":43,"chunkId":"3"}],"peerCredit":21}
[WS] Client disconnected: p4a-client
[WS] WebSocket router initialized
{"reproduction":"FRR","trigger":"queue-overflow","withPeer":false,"recoveryReady":true,"schedulerPresent":false,"activeLane":null,"postOutput":[{"data":"FRR first after snapshot","screenSeq":42,"chunkId":"3"},{"data":"FRR second after snapshot","screenSeq":43,"chunkId":"4"}],"peerCredit":null}
[WS] Client disconnected: p4a-client
[WS] WebSocket router initialized
{"reproduction":"FRR","trigger":"queue-overflow","withPeer":true,"recoveryReady":true,"schedulerPresent":true,"activeLane":null,"postOutput":[{"data":"FRR first after snapshot","screenSeq":42,"chunkId":"3"},{"data":"FRR second after snapshot","screenSeq":43,"chunkId":"4"}],"peerCredit":21}
[WS] Client disconnected: p4a-client
[WS] WebSocket router initialized
[WS] Client disconnected: p4a-client
[WS] WebSocket router initialized
[WS] Client disconnected: p4a-client
[WS] WebSocket router initialized
[WS] Client disconnected: p4a-client
[WS] WebSocket router initialized
[WS] Client disconnected: p4a-client
[WS] WebSocket router initialized
[WS] Client disconnected: p4a-client
[WS] WebSocket router initialized
{"reproduction":"FRR-hidden","withPeer":false,"gapEnqueueAttempts":0,"affectedTypes":["output","output"],"output":["hidden-after-one","hidden-after-two"]}
[WS] Client disconnected: p4a-client
[WS] WebSocket router initialized
{"reproduction":"FRR-hidden","withPeer":true,"gapEnqueueAttempts":0,"affectedTypes":["output","output"],"output":["hidden-after-one","hidden-after-two"]}
[WS] Client disconnected: p4a-client
[WS] WebSocket router initialized
[WS] Client disconnected: client-fair
[WS] WebSocket router initialized
[WS] Client disconnected: client-ac6-active-ledger
[WS] WebSocket router initialized
[WS] Client disconnected: client-hidden-fence
[WS] WebSocket router initialized
[WS] WebSocket send callback failed: Error: browser wire rejected
    at TestContext.<anonymous> (/mnt/c/work/git/_Snoworca/ProjectMaster-issue2-20260916/server/src/ws/WsRouterSendPriority.test.ts:878:33)
    at Test.runInAsyncScope (node:async_hooks:227:14)
    at Test.run (node:internal/test_runner/test:1402:25)
    at Test.processPendingSubtests (node:internal/test_runner/test:974:18)
    at Test.postRun (node:internal/test_runner/test:1542:19)
    at Test.run (node:internal/test_runner/test:1467:12)
    at async Test.processPendingSubtests (node:internal/test_runner/test:974:7)
[WS] Client disconnected: client-fair-send-error
[WS] WebSocket router initialized
[WS] Client disconnected: client-fair-rejected-ack
[WS] WebSocket router initialized
[WS] Client disconnected: client-fair-timeout
[WS] WebSocket router initialized
[WS] Client disconnected: client-fair-withdraw
[WS] WebSocket router initialized
[WS] Client disconnected: client-fair-hidden-downgrade
[WS] WebSocket router initialized
[WS] Client disconnected: client-fair-artifact-rejection
[WS] WebSocket router initialized
[WS] Client disconnected: client-fair-rotate
[WS] WebSocket router initialized
[WS] WebSocket send callback failed: Error: late old-epoch callback
    at TestContext.<anonymous> (/mnt/c/work/git/_Snoworca/ProjectMaster-issue2-20260916/server/src/ws/WsRouterSendPriority.test.ts:1239:33)
    at Test.runInAsyncScope (node:async_hooks:227:14)
    at Test.run (node:internal/test_runner/test:1402:25)
    at Test.processPendingSubtests (node:internal/test_runner/test:974:18)
    at Test.postRun (node:internal/test_runner/test:1542:19)
    at Test.run (node:internal/test_runner/test:1467:12)
    at async Test.processPendingSubtests (node:internal/test_runner/test:974:7)
[WS] Client disconnected: client-fair-callback-rotate
[WS] WebSocket router initialized
[WS] Client disconnected: client-fair-last-lane
[WS] WebSocket router initialized
[WS] Client disconnected: client-fair-exit
[WS] WebSocket router initialized
[WS] Client disconnected: client-fair-queued-exit
[WS] WebSocket router initialized
[WS] Client disconnected: client-fair-queued-unsubscribe
[WS] WebSocket router initialized
[WS] Client disconnected: client-1
[WS] WebSocket router initialized
[WS] Client disconnected: client-1
[WS] WebSocket router initialized
[WS] Client disconnected: client-1
[WS] WebSocket router initialized
[WS] Client disconnected: client-1
[WS] WebSocket router initialized
[WS] Client disconnected: client-1
[WS] WebSocket router initialized
[WS] WebSocket send failed: Error: synchronous candidate send failure
    at Object.a.ws.send (/mnt/c/work/git/_Snoworca/ProjectMaster-issue2-20260916/server/src/ws/WsRouterSendPriority.test.ts:1861:15)
    at WsRouter.sendRawTransportMessage (/mnt/c/work/git/_Snoworca/ProjectMaster-issue2-20260916/server/src/ws/WsRouter.ts:6525:12)
    at WsRouter.sendTransportMessage (/mnt/c/work/git/_Snoworca/ProjectMaster-issue2-20260916/server/src/ws/WsRouter.ts:6330:10)
    at WsRouter.sendTo (/mnt/c/work/git/_Snoworca/ProjectMaster-issue2-20260916/server/src/ws/WsRouter.ts:7001:25)
    at WsRouter.routeSessionOutput (/mnt/c/work/git/_Snoworca/ProjectMaster-issue2-20260916/server/src/ws/WsRouter.ts:5338:12)
    at TestContext.<anonymous> (/mnt/c/work/git/_Snoworca/ProjectMaster-issue2-20260916/server/src/ws/WsRouterSendPriority.test.ts:1866:12)
    at async Test.run (node:internal/test_runner/test:1409:7)
    at async Test.processPendingSubtests (node:internal/test_runner/test:974:7)
[WS] WebSocket send callback failed: Error: candidate callback failure
    at TestContext.<anonymous> (/mnt/c/work/git/_Snoworca/ProjectMaster-issue2-20260916/server/src/ws/WsRouterSendPriority.test.ts:1880:28)
    at async Test.run (node:internal/test_runner/test:1409:7)
    at async Test.processPendingSubtests (node:internal/test_runner/test:974:7)
[WS] Client disconnected: client-b
[WS] Client disconnected: client-a
[WS] Client disconnected: client-c
[WS] WebSocket router initialized
[WS] Client disconnected: client-fence
[WS] WebSocket router initialized
[WS] Client disconnected: client-all-generations
[WS] WebSocket router initialized
[WS] Client disconnected: client-production-grandfather
[WS] WebSocket router initialized
[WS] Client disconnected: client-direct
[WS] WebSocket router initialized
[WS] Client disconnected: client-safe-send-observe
[WS] WebSocket router initialized
[WS] WebSocket send failed: Error: candidate direct synchronous failure
    at Object.socket.ws.send (/mnt/c/work/git/_Snoworca/ProjectMaster-issue2-20260916/server/src/ws/WsRouterSendPriority.test.ts:2085:19)
    at WsRouter.sendRawTransportMessage (/mnt/c/work/git/_Snoworca/ProjectMaster-issue2-20260916/server/src/ws/WsRouter.ts:6525:12)
    at WsRouter.drainTerminalResourcePolicyAdmissionQueue (/mnt/c/work/git/_Snoworca/ProjectMaster-issue2-20260916/server/src/ws/WsRouter.ts:6829:10)
    at WsRouter.admitTerminalResourcePolicyCanaryMessage (/mnt/c/work/git/_Snoworca/ProjectMaster-issue2-20260916/server/src/ws/WsRouter.ts:1565:32)
    at TestContext.<anonymous> (/mnt/c/work/git/_Snoworca/ProjectMaster-issue2-20260916/server/src/ws/WsRouterSendPriority.test.ts:2090:31)
    at Test.runInAsyncScope (node:async_hooks:227:14)
    at Test.run (node:internal/test_runner/test:1402:25)
    at Test.processPendingSubtests (node:internal/test_runner/test:974:18)
    at Test.postRun (node:internal/test_runner/test:1542:19)
    at Test.run (node:internal/test_runner/test:1467:12)
[WS] Client disconnected: client-error-direct
[WS] WebSocket router initialized
[WS] WebSocket send callback failed: Error: candidate observe callback failure
    at TestContext.<anonymous> (/mnt/c/work/git/_Snoworca/ProjectMaster-issue2-20260916/server/src/ws/WsRouterSendPriority.test.ts:2108:37)
    at async Test.run (node:internal/test_runner/test:1409:7)
    at async Test.processPendingSubtests (node:internal/test_runner/test:974:7)
[WS] Client disconnected: client-error-safe-send-observe
[WS] WebSocket router initialized
[WS] WebSocket send failed: Error: candidate enforce synchronous failure
    at Object.socket.ws.send (/mnt/c/work/git/_Snoworca/ProjectMaster-issue2-20260916/server/src/ws/WsRouterSendPriority.test.ts:2162:15)
    at WsRouter.sendRawTransportMessage (/mnt/c/work/git/_Snoworca/ProjectMaster-issue2-20260916/server/src/ws/WsRouter.ts:6525:12)
    at WsRouter.flushTransportQueue (/mnt/c/work/git/_Snoworca/ProjectMaster-issue2-20260916/server/src/ws/WsRouter.ts:6417:10)
    at TestContext.<anonymous> (/mnt/c/work/git/_Snoworca/ProjectMaster-issue2-20260916/server/src/ws/WsRouterSendPriority.test.ts:2167:8)
    at Test.runInAsyncScope (node:async_hooks:227:14)
    at Test.run (node:internal/test_runner/test:1402:25)
    at Test.processPendingSubtests (node:internal/test_runner/test:974:18)
    at Test.postRun (node:internal/test_runner/test:1542:19)
    at Test.run (node:internal/test_runner/test:1467:12)
    at async Test.processPendingSubtests (node:internal/test_runner/test:974:7)
[WS] Client disconnected: client-error-safe-send-enforce
[WS] WebSocket router initialized
[WS] WebSocket send callback failed: Error: candidate callback failure direct
    at TestContext.<anonymous> (/mnt/c/work/git/_Snoworca/ProjectMaster-issue2-20260916/server/src/ws/WsRouterSendPriority.test.ts:2208:35)
    at Test.runInAsyncScope (node:async_hooks:227:14)
    at Test.run (node:internal/test_runner/test:1402:25)
    at Test.processPendingSubtests (node:internal/test_runner/test:974:18)
    at Test.postRun (node:internal/test_runner/test:1542:19)
    at Test.run (node:internal/test_runner/test:1467:12)
    at async Test.processPendingSubtests (node:internal/test_runner/test:974:7)
[WS] Client disconnected: client-auto-resume-direct
[WS] WebSocket router initialized
[WS] WebSocket send callback failed: Error: candidate callback failure safe-send-observe
    at TestContext.<anonymous> (/mnt/c/work/git/_Snoworca/ProjectMaster-issue2-20260916/server/src/ws/WsRouterSendPriority.test.ts:2208:35)
    at async Test.run (node:internal/test_runner/test:1409:7)
    at async Test.processPendingSubtests (node:internal/test_runner/test:974:7)
[WS] Client disconnected: client-auto-resume-safe-send-observe
[WS] WebSocket router initialized
[WS] WebSocket send callback failed: Error: candidate callback failure safe-send-enforce
    at TestContext.<anonymous> (/mnt/c/work/git/_Snoworca/ProjectMaster-issue2-20260916/server/src/ws/WsRouterSendPriority.test.ts:2208:35)
    at async Test.run (node:internal/test_runner/test:1409:7)
    at async Test.processPendingSubtests (node:internal/test_runner/test:974:7)
[WS] Client disconnected: client-auto-resume-safe-send-enforce
[WS] WebSocket router initialized
[WS] WebSocket send callback failed: Error: persistent callback failure direct
    at TestContext.<anonymous> (/mnt/c/work/git/_Snoworca/ProjectMaster-issue2-20260916/server/src/ws/WsRouterSendPriority.test.ts:2253:41)
    at Test.runInAsyncScope (node:async_hooks:227:14)
    at Test.run (node:internal/test_runner/test:1402:25)
    at Test.processPendingSubtests (node:internal/test_runner/test:974:18)
    at Test.postRun (node:internal/test_runner/test:1542:19)
    at Test.run (node:internal/test_runner/test:1467:12)
    at async Test.processPendingSubtests (node:internal/test_runner/test:974:7)
[WS] WebSocket send callback failed: Error: persistent callback failure direct
    at TestContext.<anonymous> (/mnt/c/work/git/_Snoworca/ProjectMaster-issue2-20260916/server/src/ws/WsRouterSendPriority.test.ts:2253:41)
    at Test.runInAsyncScope (node:async_hooks:227:14)
    at Test.run (node:internal/test_runner/test:1402:25)
    at Test.processPendingSubtests (node:internal/test_runner/test:974:18)
    at Test.postRun (node:internal/test_runner/test:1542:19)
    at Test.run (node:internal/test_runner/test:1467:12)
    at async Test.processPendingSubtests (node:internal/test_runner/test:974:7)
[WS] Client disconnected: client-persistent-direct
[WS] WebSocket router initialized
[WS] WebSocket send callback failed: Error: persistent callback failure safe-send-observe
    at TestContext.<anonymous> (/mnt/c/work/git/_Snoworca/ProjectMaster-issue2-20260916/server/src/ws/WsRouterSendPriority.test.ts:2253:41)
    at async Test.run (node:internal/test_runner/test:1409:7)
    at async Test.processPendingSubtests (node:internal/test_runner/test:974:7)
[WS] WebSocket send callback failed: Error: persistent callback failure safe-send-observe
    at TestContext.<anonymous> (/mnt/c/work/git/_Snoworca/ProjectMaster-issue2-20260916/server/src/ws/WsRouterSendPriority.test.ts:2253:41)
    at async Test.run (node:internal/test_runner/test:1409:7)
    at async Test.processPendingSubtests (node:internal/test_runner/test:974:7)
[WS] Client disconnected: client-persistent-safe-send-observe
[WS] WebSocket router initialized
[WS] WebSocket send callback failed: Error: persistent callback failure safe-send-enforce
    at TestContext.<anonymous> (/mnt/c/work/git/_Snoworca/ProjectMaster-issue2-20260916/server/src/ws/WsRouterSendPriority.test.ts:2253:41)
    at async Test.run (node:internal/test_runner/test:1409:7)
    at async Test.processPendingSubtests (node:internal/test_runner/test:974:7)
[WS] WebSocket send callback failed: Error: persistent callback failure safe-send-enforce
    at TestContext.<anonymous> (/mnt/c/work/git/_Snoworca/ProjectMaster-issue2-20260916/server/src/ws/WsRouterSendPriority.test.ts:2253:41)
    at async Test.run (node:internal/test_runner/test:1409:7)
    at async Test.processPendingSubtests (node:internal/test_runner/test:974:7)
[WS] Client disconnected: client-persistent-safe-send-enforce
[WS] WebSocket router initialized
[WS] WebSocket send failed: Error: persistent synchronous enforce failure
    at Object.socket.ws.send (/mnt/c/work/git/_Snoworca/ProjectMaster-issue2-20260916/server/src/ws/WsRouterSendPriority.test.ts:2319:26)
    at WsRouter.sendRawTransportMessage (/mnt/c/work/git/_Snoworca/ProjectMaster-issue2-20260916/server/src/ws/WsRouter.ts:6525:12)
    at WsRouter.flushTransportQueue (/mnt/c/work/git/_Snoworca/ProjectMaster-issue2-20260916/server/src/ws/WsRouter.ts:6417:10)
    at TestContext.<anonymous> (/mnt/c/work/git/_Snoworca/ProjectMaster-issue2-20260916/server/src/ws/WsRouterSendPriority.test.ts:2323:8)
    at Test.runInAsyncScope (node:async_hooks:227:14)
    at Test.run (node:internal/test_runner/test:1402:25)
    at Test.processPendingSubtests (node:internal/test_runner/test:974:18)
    at Test.postRun (node:internal/test_runner/test:1542:19)
    at Test.run (node:internal/test_runner/test:1467:12)
    at async Test.processPendingSubtests (node:internal/test_runner/test:974:7)
[WS] WebSocket send failed: Error: persistent synchronous enforce failure
    at Object.socket.ws.send (/mnt/c/work/git/_Snoworca/ProjectMaster-issue2-20260916/server/src/ws/WsRouterSendPriority.test.ts:2319:26)
    at WsRouter.sendRawTransportMessage (/mnt/c/work/git/_Snoworca/ProjectMaster-issue2-20260916/server/src/ws/WsRouter.ts:6525:12)
    at WsRouter.flushTransportQueue (/mnt/c/work/git/_Snoworca/ProjectMaster-issue2-20260916/server/src/ws/WsRouter.ts:6417:10)
    at <anonymous> (/mnt/c/work/git/_Snoworca/ProjectMaster-issue2-20260916/server/src/ws/WsRouter.ts:6636:14)
    at node:internal/process/task_queues:151:7
    at AsyncResource.runInAsyncScope (node:async_hooks:227:14)
    at AsyncResource.runMicrotask (node:internal/process/task_queues:148:8)
[WS] Client disconnected: client-persistent-sync-enforce
[WS] WebSocket router initialized
[WS] WebSocket send callback failed: Error: rollback boundary callback failure
    at TestContext.<anonymous> (/mnt/c/work/git/_Snoworca/ProjectMaster-issue2-20260916/server/src/ws/WsRouterSendPriority.test.ts:2387:37)
    at Test.runInAsyncScope (node:async_hooks:227:14)
    at Test.run (node:internal/test_runner/test:1402:25)
    at Test.processPendingSubtests (node:internal/test_runner/test:974:18)
    at Test.postRun (node:internal/test_runner/test:1542:19)
    at Test.run (node:internal/test_runner/test:1467:12)
    at async Test.processPendingSubtests (node:internal/test_runner/test:974:7)
[WS] Client disconnected: client-rollback-error-direct
[WS] WebSocket router initialized
[WS] WebSocket send failed: Error: rollback queued synchronous failure
    at Object.socket.ws.send (/mnt/c/work/git/_Snoworca/ProjectMaster-issue2-20260916/server/src/ws/WsRouterSendPriority.test.ts:2406:19)
    at WsRouter.sendRawTransportMessage (/mnt/c/work/git/_Snoworca/ProjectMaster-issue2-20260916/server/src/ws/WsRouter.ts:6525:12)
    at WsRouter.drainTerminalResourcePolicyAdmissionQueue (/mnt/c/work/git/_Snoworca/ProjectMaster-issue2-20260916/server/src/ws/WsRouter.ts:6829:10)
    at onSent (/mnt/c/work/git/_Snoworca/ProjectMaster-issue2-20260916/server/src/ws/WsRouter.ts:6515:16)
    at <anonymous> (/mnt/c/work/git/_Snoworca/ProjectMaster-issue2-20260916/server/src/ws/WsRouterSendPriority.test.ts:56:11)
    at Object.flushNextSendCallback (/mnt/c/work/git/_Snoworca/ProjectMaster-issue2-20260916/server/src/ws/WsRouterSendPriority.test.ts:92:7)
    at TestContext.<anonymous> (/mnt/c/work/git/_Snoworca/ProjectMaster-issue2-20260916/server/src/ws/WsRouterSendPriority.test.ts:2410:16)
    at async Test.run (node:internal/test_runner/test:1409:7)
    at async Test.processPendingSubtests (node:internal/test_runner/test:974:7)
[WS] Client disconnected: client-rollback-error-safe-send-observe
[WS] WebSocket router initialized
[WS] WebSocket send callback failed: Error: rollback boundary enforce callback failure
    at TestContext.<anonymous> (/mnt/c/work/git/_Snoworca/ProjectMaster-issue2-20260916/server/src/ws/WsRouterSendPriority.test.ts:2452:33)
    at Test.runInAsyncScope (node:async_hooks:227:14)
    at Test.run (node:internal/test_runner/test:1402:25)
    at Test.processPendingSubtests (node:internal/test_runner/test:974:18)
    at Test.postRun (node:internal/test_runner/test:1542:19)
    at Test.run (node:internal/test_runner/test:1467:12)
    at async Test.processPendingSubtests (node:internal/test_runner/test:974:7)
[WS] Client disconnected: client-rollback-error-safe-send-enforce
[WS] WebSocket router initialized
[WS] Client disconnected: client-overflow
[WS] WebSocket router initialized
[WS] Client disconnected: client-overflow-direct
[WS] WebSocket router initialized
[WS] Client disconnected: client-overflow-safe-send-observe
[WS] WebSocket router initialized
[WS] Client disconnected: cleanup-0
[WS] Client disconnected: cleanup-1
[WS] Client disconnected: cleanup-2
[WS] Client disconnected: cleanup-3
[WS] Client disconnected: cleanup-4
[WS] Client disconnected: cleanup-5
[WS] Client disconnected: cleanup-6
[WS] Client disconnected: cleanup-7
[WS] Client disconnected: cleanup-8
[WS] Client disconnected: cleanup-9
[WS] Client disconnected: cleanup-10
[WS] Client disconnected: cleanup-11
[WS] Client disconnected: cleanup-12
[WS] Client disconnected: cleanup-13
[WS] Client disconnected: cleanup-14
[WS] Client disconnected: cleanup-15
[WS] Client disconnected: cleanup-16
[WS] Client disconnected: cleanup-17
[WS] Client disconnected: cleanup-18
[WS] Client disconnected: cleanup-19
[WS] Client disconnected: cleanup-20
[WS] Client disconnected: cleanup-21
[WS] Client disconnected: cleanup-22
[WS] Client disconnected: cleanup-23
[WS] Client disconnected: cleanup-24
[WS] Client disconnected: cleanup-25
[WS] Client disconnected: cleanup-26
[WS] Client disconnected: cleanup-27
[WS] Client disconnected: cleanup-28
[WS] Client disconnected: cleanup-29
[WS] Client disconnected: cleanup-30
[WS] Client disconnected: cleanup-31
[WS] Client disconnected: cleanup-32
[WS] Client disconnected: cleanup-33
[WS] Client disconnected: cleanup-34
[WS] Client disconnected: cleanup-35
[WS] Client disconnected: cleanup-36
[WS] Client disconnected: cleanup-37
[WS] Client disconnected: cleanup-38
[WS] Client disconnected: cleanup-39
[WS] Client disconnected: cleanup-40
[WS] Client disconnected: cleanup-41
[WS] Client disconnected: cleanup-42
[WS] Client disconnected: cleanup-43
[WS] Client disconnected: cleanup-44
[WS] Client disconnected: cleanup-45
[WS] Client disconnected: cleanup-46
[WS] Client disconnected: cleanup-47
[WS] Client disconnected: cleanup-48
[WS] Client disconnected: cleanup-49
[WS] Client disconnected: cleanup-50
[WS] Client disconnected: cleanup-51
[WS] Client disconnected: cleanup-52
[WS] Client disconnected: cleanup-53
[WS] Client disconnected: cleanup-54
[WS] Client disconnected: cleanup-55
[WS] Client disconnected: cleanup-56
[WS] Client disconnected: cleanup-57
[WS] Client disconnected: cleanup-58
[WS] Client disconnected: cleanup-59
[WS] Client disconnected: cleanup-60
[WS] Client disconnected: cleanup-61
[WS] Client disconnected: cleanup-62
[WS] Client disconnected: cleanup-63
[WS] Client disconnected: cleanup-64
[WS] Client disconnected: cleanup-65
[WS] Client disconnected: cleanup-66
[WS] Client disconnected: cleanup-67
[WS] Client disconnected: cleanup-68
[WS] Client disconnected: cleanup-69
[WS] WebSocket router initialized
[WS] Client disconnected: client-1
✔ PERF-BGSTAB-011 carries reserved source identity through fair delivery to two clients and a recreated lane (5.662106ms)
✔ P4a PERF-BGSTAB-011 stale-output-pair preserves legacy rejection identity (6200.812836ms)
✔ P4a PERF-BGSTAB-011 stale-output-pair preserves explicit-legacy rejection identity (5097.622399ms)
✔ P4a PERF-BGSTAB-011 stale-output-pair preserves source rejection identity (2343.350713ms)
✔ P4a PERF-BGSTAB-011 inactive-capability preserves legacy rejection identity (0.457788ms)
✔ P4a PERF-BGSTAB-011 inactive-capability preserves explicit-legacy rejection identity (0.353134ms)
✔ P4a PERF-BGSTAB-011 inactive-capability preserves source rejection identity (0.389102ms)
✔ P4a PERF-BGSTAB-011 stale-connection-epoch preserves legacy rejection identity (3246.75166ms)
✔ P4a PERF-BGSTAB-011 stale-connection-epoch preserves explicit-legacy rejection identity (3876.096467ms)
✔ P4a PERF-BGSTAB-011 stale-connection-epoch preserves source rejection identity (3539.106097ms)
✔ P4a PERF-BGSTAB-011 ACK_OVER_ACK preserves legacy rejection identity (3583.241524ms)
✔ P4a PERF-BGSTAB-011 ACK_OVER_ACK preserves explicit-legacy rejection identity (3555.786288ms)
✔ P4a PERF-BGSTAB-011 ACK_OVER_ACK preserves source rejection identity (3657.538154ms)
✔ P4a PERF-BGSTAB-011 malformed ACK_DOMAIN_CONFLICT warns without dispatch or credit (3645.900335ms)
✔ P4a PERF-BGSTAB-011 malformed ACK_DOMAIN_MISSING warns without dispatch or credit (3563.387947ms)
✔ P4a PERF-BGSTAB-011 malformed ACK_DOMAIN_INVALID warns without dispatch or credit (3547.138024ms)
✔ P4a PERF-BGSTAB-011 actual source ACK handler settles exact body bytes and duplicate zero (3597.104873ms)
✔ FRR ack-timeout snapshot-ready preserves two normal outputs on the last lane (3577.242111ms)
✔ FRR ack-timeout snapshot-ready preserves two normal outputs with an active peer (3559.126113ms)
✔ FRR queue-overflow snapshot-ready preserves two normal outputs on the last lane (3665.907743ms)
✔ FRR queue-overflow snapshot-ready preserves two normal outputs with an active peer (3607.633399ms)
✔ FRR repeated actual maintenance fallback produces only one recovery transaction (3628.953499ms)
✔ FRR stale affected ACKs after recovery return zero credit and preserve the peer (3829.68608ms)
✔ FRR post-fallback unsubscribe prevents new output through real router lifecycle entrypoints (3892.089512ms)
✔ FRR post-fallback session-termination prevents new output through real router lifecycle entrypoints (3867.237722ms)
✔ FRR post-fallback disconnect prevents new output through real router lifecycle entrypoints (3633.176475ms)
✔ FRR hidden-view request after actual timeout recovery preserves compatibility on the last lane (3562.859024ms)
✔ FRR hidden-view request after actual timeout recovery preserves compatibility with a peer (3639.363538ms)
✔ PERF-BGSTAB-010 runtime candidate delivery uses a server ledger and control-only cumulative ACK (3623.304827ms)
✔ PERF-BGSTAB-010 AC-6 unknown-lane ACK keeps an active fair ledger credit unchanged (3559.219499ms)
✔ PERF-BGSTAB-010 refuses fair delivery when the browser cannot recover hidden dropped output (0.487481ms)
✔ PERF-BGSTAB-010 candidate transport callback failure releases its failed delivery ledger (3604.740764ms)
✔ PERF-BGSTAB-010 invalid or inactive delivery ACKs emit an observable protocol rejection (0.355806ms)
✔ PERF-BGSTAB-010 runtime maintenance replaces an expired delivery with an authoritative screen-repair snapshot (3557.686923ms)
✔ PERF-BGSTAB-010 capability withdrawal releases every fair ledger and its maintenance timer (3688.003154ms)
✔ PERF-BGSTAB-010 hidden-continuity capability downgrade releases the active fair ledger (3573.296156ms)
✔ PERF-BGSTAB-010 artifact rejection on capability re-admission releases the active fair ledger (3638.239395ms)
✔ PERF-BGSTAB-010 capability re-enable rotates the delivery epoch and rejects delayed old ACKs (7176.919732ms)
✔ PERF-BGSTAB-010 delayed old-epoch transport callback cannot settle a re-enabled scheduler (7376.03743ms)
✔ PERF-BGSTAB-010 last terminated fair lane releases the maintenance timer without disturbing another session (3754.09225ms)
✔ PERF-BGSTAB-010 session termination releases the fair delivery ledger exactly once (3865.486647ms)
✔ PERF-BGSTAB-010 session termination removes queued fair delivery wire frames before transport drain (3885.242137ms)
✔ PERF-BGSTAB-010 unsubscribe removes queued fair delivery and releases the final lane (3804.656768ms)
✔ safe-send drains independent control before queued output backlog (0.551012ms)
✔ safe-send queues output when projected buffered amount crosses high-water (0.443777ms)
✔ safe-send closes when projected buffered amount crosses hard limit (0.400448ms)
✔ safe-send preserves output queued while a previous output send is in flight (0.302481ms)
✔ REL-BGSTAB-010 AC-6 RED — policy rollback does not direct-flush queued output past an in-flight callback (0.527477ms)
✔ REL-BGSTAB-010 AC-6 RED — target rollback isolates client B and drains client A callback-by-callback (10.537296ms)
✔ REL-BGSTAB-010 WS rollback blocks fresh activation until the old callback fence closes (0.779118ms)
✔ REL-BGSTAB-010 WS rollback fences every pre-boundary generation before closing (0.558608ms)
✔ REL-BGSTAB-010 production route grandfathers preserved backlog above a smaller candidate cap (0.486333ms)
✔ REL-BGSTAB-010 explicit admission flushes in direct and observe modes without a permanent queue (0.696526ms)
✔ REL-BGSTAB-010 direct and observe candidate send failures settle to legacy without forced reconnect (1.346592ms)
✔ REL-BGSTAB-010 enforce candidate synchronous failure settles only the canary target (0.682239ms)
✔ REL-BGSTAB-010 candidate callback failure automatically resumes the preserved queue in every mode (1.751097ms)
✔ REL-BGSTAB-010 persistent candidate callback failure holds the complete boundary without a retry loop (2.238175ms)
✔ REL-BGSTAB-010 persistent candidate synchronous failure holds the complete boundary without a retry loop (1.161109ms)
✔ REL-BGSTAB-010 rollback-boundary send failures preserve queued transport in direct and observe modes (1.173248ms)
✔ REL-BGSTAB-010 enforce rollback callback failure preserves the remaining pre-boundary queue (0.769345ms)
✔ REL-BGSTAB-010 legacy overflow records rejection before bounded target close cleanup (0.377037ms)
✔ REL-BGSTAB-010 direct and observe admission overflow fences only the target without reconnect (0.608227ms)
✔ REL-BGSTAB-010 disconnect cleanup uses measured registries and bounds retained ledgers (3.895953ms)
✔ safe-send preserves same-session lifecycle ordering behind queued output (0.328288ms)
[WS] WebSocket router initialized
[WS] Client disconnected: hidden-visibility-client
[WS] WebSocket router initialized
[WS] Client disconnected: rel012-authoritative-hidden-client
[WS] Client disconnected: rel012-peer-interest-client
[WS] WebSocket router initialized
[WS] Client disconnected: rel012-revoked-interest-client
[WS] WebSocket router initialized
[WS] Client disconnected: rel012-issued-continuity-client
✔ PERF-BGSTAB-010 atomic authority promotion preserves current identity (2095.011339ms)
✔ REL-BGSTAB-012 rejects stale visibility and latches ordered dataGap (3603.526152ms)
✔ REL-BGSTAB-012 latches one ordered dataGap after authoritative hidden delivery (3579.443127ms)
✔ REL-BGSTAB-012 settles revoked delivery interest exactly once without pausing producer (3573.573298ms)
✔ REL-BGSTAB-012 binds dataGap to issued continuity and current hidden view (3682.095172ms)
[WS] WebSocket router initialized
[WS] WebSocket router initialized
[WS] WebSocket router initialized
✔ REL-BGSTAB-024 the production WsRouter construction withholds the configured transport mode (6.005728ms)
✔ REL-BGSTAB-024 the existing test-runner assertion that pins the omission is still present (13.069697ms)
✔ REL-BGSTAB-024 the configured transport mode still reaches production on two non-routing paths (11.362415ms)
✔ REL-BGSTAB-024 a router built the way production builds it resolves to unified (2.781096ms)
✔ REL-BGSTAB-024 split survives as a standalone capability when the router is constructed with it (0.419344ms)
✔ REL-BGSTAB-024 the browser and the server disagree on the transport query parameter name (15.466095ms)
✔ REL-BGSTAB-024 the canonical transport parser is absent from the production upgrade path (7.721263ms)
✔ REL-BGSTAB-024 the binary wire format is eligible only on the unified transport (0.462454ms)
ℹ tests 281
ℹ suites 0
ℹ pass 279
ℹ fail 0
ℹ cancelled 0
ℹ skipped 2
ℹ todo 0
ℹ duration_ms 164103.610562
