{
  "requirementId": "OBS-BGSTAB-005",
  "schemaVersion": "terminal-resource-policy/v1",
  "profileVersion": "legacy-effective/v1",
  "exactConsumerTuples": 81,
  "classifiedPaths": 27,
  "resourceKeys": 30,
  "focusedTests": 31,
  "focusedPass": 31,
  "claims": {
    "actualConsumerByteParity": true,
    "actualConsumerCoverage": true,
    "runtimeProjectionParity": true,
    "legacyOnlyApplied": true,
    "unregisteredCandidateUnavailable": true,
    "evidenceDoesNotClaimRuntimeApplication": true,
    "getterReadOnly": true,
    "observerSeparation": true,
    "payloadFree": true
  },
  "activationEligible": false,
  "manifestSha256": "6d03a73a78b0a17d06d81c1ba5f51c5640d784a13f88134aa21595cb02cd1666"
}
