[Config] All passwords already encrypted
[Config] Configuration loaded successfully
✔ Observe-only TerminalResourcePolicy RED contract — OBS-BGSTAB-005 AC-1 (396.002835ms)
✔ Observe-only TerminalResourcePolicy RED contract — OBS-BGSTAB-005 AC-2 (5.890082ms)
✔ Observe-only TerminalResourcePolicy RED contract — OBS-BGSTAB-005 AC-3 (4.777286ms)
✔ Observe-only TerminalResourcePolicy RED contract — OBS-BGSTAB-005 AC-4 (2.224565ms)
✔ Observe-only TerminalResourcePolicy RED contract — OBS-BGSTAB-005 AC-5 (2.289703ms)
✔ Observe-only TerminalResourcePolicy RED contract — OBS-BGSTAB-005 AC-6 (4004.656935ms)
✔ Observe-only TerminalResourcePolicy RED contract — OBS-BGSTAB-005 AC-7 (3.631883ms)
[Config] All passwords already encrypted
[Config] Configuration loaded successfully
[Config] All passwords already encrypted
[Config] Configuration loaded successfully
[Config] All passwords already encrypted
[Config] Configuration loaded successfully
[Config] All passwords already encrypted
[Config] Configuration loaded successfully
[Config] All passwords already encrypted
[Config] Configuration loaded successfully
[Config] All passwords already encrypted
[Config] Configuration loaded successfully
✔ OBS-BGSTAB-005 review regression — raw provenance survives production loaders and replacements (83.18966ms)
[Config] All passwords already encrypted
[Config] Configuration loaded successfully
✔ OBS-BGSTAB-005 second review regression — explicit non-scrollback keys retain truthful loader provenance (13.425523ms)
✔ OBS-BGSTAB-005 review regression — ConfigFileRepository previous/next provenance survives settings reload and rollback (4.100626ms)
[Config] All passwords already encrypted
[Config] Passwords encryption skipped: ZodError: [
  {
    "expected": "number",
    "code": "invalid_type",
    "path": [
      "resourceLimits",
      "terminal",
      "scrollbackLines"
    ],
    "message": "Invalid input: expected number, received string"
  }
]
    at loadConfigFromPath (/mnt/c/work/git/_Snoworca/ProjectMaster-issue2-20260916/server/src/utils/config.ts:235:44)
    at <anonymous> (/mnt/c/work/git/_Snoworca/ProjectMaster-issue2-20260916/server/src/services/TerminalResourcePolicy.test.ts:780:13)
    at getActual (node:assert:611:5)
    at strict.throws (node:assert:759:24)
    at TestContext.<anonymous> (/mnt/c/work/git/_Snoworca/ProjectMaster-issue2-20260916/server/src/services/TerminalResourcePolicy.test.ts:779:12)
    at async Test.run (node:internal/test_runner/test:1409:7)
    at async Test.processPendingSubtests (node:internal/test_runner/test:974:7)
[Config] Configuration validation failed:
[
  {
    "expected": "number",
    "code": "invalid_type",
    "path": [
      "resourceLimits",
      "terminal",
      "scrollbackLines"
    ],
    "message": "Invalid input: expected number, received string"
  }
]
✔ OBS-BGSTAB-005 review regression — invalid raw provenance is sanitized and never silently falls through (18.752217ms)
✔ OBS-BGSTAB-005 review regression — compiler owns all 30 typed resources and records real legacy divergence (2.620681ms)
✔ OBS-BGSTAB-005 review regression — no candidate profile is available without a registered stable contract (1.706468ms)
✔ OBS-BGSTAB-005 review regression — telemetry is allowlisted, payload-free, bounded, and read-only on snapshot (2.021945ms)
✔ OBS-BGSTAB-005 review regression — exact repository tuples validate bidirectionally and detect new callsites (2393.486161ms)
driftMechanism seal-only unchanged-guard-after-constant-return ["source-set-mismatch","source-hash-mismatch"]
driftMechanism seal-only unchanged-guard-after-try-finally-return ["source-set-mismatch","source-hash-mismatch"]
driftMechanism tuple object-option-noop-callee-decoy ["source-set-mismatch","source-hash-mismatch","orphan-tuple","orphan-tuple","orphan-tuple","missing-tuple","missing-tuple","missing-tuple"]
driftMechanism tuple call-input-noop-callee-decoy ["source-set-mismatch","source-hash-mismatch","orphan-tuple","missing-tuple"]
driftMechanism tuple control-guard-wrong-return-decoy ["source-set-mismatch","source-hash-mismatch","orphan-tuple","missing-tuple"]
✔ OBS-BGSTAB-005 third review regression — catalog evidence must be executable and remain in the intended symbol scope (8291.759233ms)
✔ OBS-BGSTAB-005 second review regression — production observe mode seeds bounded decisions on every config generation (4.222904ms)
✔ OBS-BGSTAB-005 second review regression — differential executes actual server and browser consumer helpers (1797.246809ms)
✔ OBS-BGSTAB-005 review regression — observer differential preserves actual serialized legacy paths (2.31578ms)
✔ PERF-BGSTAB-010 AC-4 fair delivery policy projection is derived from typed WS resource limits (1.968866ms)
ℹ tests 20
ℹ suites 0
ℹ pass 20
ℹ fail 0
ℹ cancelled 0
ℹ skipped 0
ℹ todo 0
ℹ duration_ms 18698.307217
