[WS] WebSocket router initialized
[WS] Client connected: 3c57dbea-5f6b-490e-9614-120f83d92ca8
[WS] Client disconnected: 3c57dbea-5f6b-490e-9614-120f83d92ca8
[WS] WebSocket router initialized
[WS] Client connected: a104ec09-80fb-4ac3-ad07-84c6c987b4a8
[WS] Client disconnected: a104ec09-80fb-4ac3-ad07-84c6c987b4a8
[WS] Client disconnected: a104ec09-80fb-4ac3-ad07-84c6c987b4a8
[WS] WebSocket router initialized
[WS] Client connected: 86341464-1b60-4801-948a-b789bf991412
[WS] Client disconnected: 86341464-1b60-4801-948a-b789bf991412
[WS] Client disconnected: 86341464-1b60-4801-948a-b789bf991412
[WS] WebSocket router initialized
[WS] Client connected: 82aee944-df00-4636-b800-c8980c217d59
[WS] Client disconnected: 82aee944-df00-4636-b800-c8980c217d59
[WS] Client disconnected: 82aee944-df00-4636-b800-c8980c217d59
[WS] Client disconnected: 82aee944-df00-4636-b800-c8980c217d59
[WS] WebSocket router initialized
[WS] Client connected: cb6e3696-d124-4fe6-bad6-84b8ac167305
[WS] Client disconnected: cb6e3696-d124-4fe6-bad6-84b8ac167305
[WS] Client disconnected: cb6e3696-d124-4fe6-bad6-84b8ac167305
[WS] Client disconnected: cb6e3696-d124-4fe6-bad6-84b8ac167305
[WS] WebSocket router initialized
[WS] Client connected: 116fae47-2d73-479a-bd40-1700bfb10958
[WS] Client disconnected: 116fae47-2d73-479a-bd40-1700bfb10958
[WS] WebSocket router initialized
[WS] Client connected: 05396cb6-6fa0-4495-aceb-f1a807603134
[WS] Client disconnected: 05396cb6-6fa0-4495-aceb-f1a807603134
[WS] Client disconnected: 05396cb6-6fa0-4495-aceb-f1a807603134
[WS] WebSocket router initialized
[WS] Client connected: 1b41796f-d17f-41d3-a14d-9690eea0c3c5
[WS] Client disconnected: 1b41796f-d17f-41d3-a14d-9690eea0c3c5
[WS] WebSocket router initialized
[WS] Client connected: d00e50a5-0e7e-46be-a530-b2ba88c0a25f
[WS] Client disconnected: d00e50a5-0e7e-46be-a530-b2ba88c0a25f
[WS] Client disconnected: d00e50a5-0e7e-46be-a530-b2ba88c0a25f
[WS] WebSocket router initialized
[WS] Client connected: fbccc14b-340d-4f56-9884-03df4263cb9c
[WS] Client disconnected: fbccc14b-340d-4f56-9884-03df4263cb9c
[WS] Client disconnected: fbccc14b-340d-4f56-9884-03df4263cb9c
[WS] WebSocket router initialized
[WS] Client connected: 8bca9924-a852-42fa-a503-2fe2cc447e70
[WS] Client disconnected: 8bca9924-a852-42fa-a503-2fe2cc447e70
[WS] WebSocket router initialized
[WS] Client connected: 60e0797f-cf92-4caa-ab48-9b3ec6050086
[WS] Client disconnected: 60e0797f-cf92-4caa-ab48-9b3ec6050086
[WS] Client disconnected: 60e0797f-cf92-4caa-ab48-9b3ec6050086
[WS] WebSocket router initialized
[WS] Client connected: 9ee78fa0-8410-4804-bb65-1998b95d6b65
[WS] Client disconnected: 9ee78fa0-8410-4804-bb65-1998b95d6b65
[WS] Client disconnected: 9ee78fa0-8410-4804-bb65-1998b95d6b65
[WS] WebSocket router initialized
[WS] Client connected: dbdff19e-08c2-43c7-b13a-234c5129b299
[WS] Client disconnected: dbdff19e-08c2-43c7-b13a-234c5129b299
[WS] Client disconnected: dbdff19e-08c2-43c7-b13a-234c5129b299
[WS] WebSocket router initialized
[WS] Client connected: 2e3ed4ba-478a-4aee-bab3-071affcac82c
[WS] Client disconnected: 2e3ed4ba-478a-4aee-bab3-071affcac82c
[WS] WebSocket router initialized
[WS] Client connected: c55bdef0-eba6-4b15-b276-af5cd45b24b8
[WS] Client disconnected: c55bdef0-eba6-4b15-b276-af5cd45b24b8
[WS] Client disconnected: c55bdef0-eba6-4b15-b276-af5cd45b24b8
[WS] WebSocket router initialized
[WS] WebSocket router initialized
[WS] Client connected: 19592b95-d22e-4b9c-b088-d520be15e7d7
[WS] Client disconnected: 19592b95-d22e-4b9c-b088-d520be15e7d7
[WS] WebSocket router initialized
[WS] WebSocket router initialized
[WS] Client connected: 3e8a298f-54ff-4326-883d-d73d04df538f
[WS] Client disconnected: 3e8a298f-54ff-4326-883d-d73d04df538f
[WS] WebSocket router initialized
[WS] Client connected: cf95210b-895e-44e4-883b-9a3ed71e25bb
[WS] Client disconnected: cf95210b-895e-44e4-883b-9a3ed71e25bb
[WS] WebSocket router initialized
[WS] Client connected: 078c64f0-7344-488e-88bb-43c29424d977
[WS] Client disconnected: 078c64f0-7344-488e-88bb-43c29424d977
[WS] Client disconnected: 078c64f0-7344-488e-88bb-43c29424d977
[WS] WebSocket router initialized
[WS] Client connected: 87d64fc0-b2f5-4025-97fa-585eb0c2c756
[WS] Client disconnected: 87d64fc0-b2f5-4025-97fa-585eb0c2c756
[WS] WebSocket router initialized
[WS] Client connected: 774826e1-92fc-4ded-8c37-941890cbc202
[WS] Client disconnected: 774826e1-92fc-4ded-8c37-941890cbc202
[WS] WebSocket router initialized
[WS] Client connected: 1bfc05ec-7640-4fda-86c8-60907f9b1118
[WS] Client disconnected: 1bfc05ec-7640-4fda-86c8-60907f9b1118
[WS] Client connected: 8180d4a7-f387-49a9-94d3-2457601735a6
[WS] Client disconnected: 8180d4a7-f387-49a9-94d3-2457601735a6
[WS] WebSocket router initialized
[WS] Client connected: 545f8f36-3b2d-4115-88fd-551d115b9d9e
[WS] Client disconnected: 545f8f36-3b2d-4115-88fd-551d115b9d9e
[WS] WebSocket router initialized
[WS] Client connected: 5ce59f7b-e682-43cb-b240-a4689d63472f
[WS] WebSocket router initialized
[WS] Client connected: cb691338-75ac-491d-a8d0-7a2ef4bbe96d
[WS] WebSocket router initialized
[WS] Client connected: 85598904-bbee-4a9d-874e-1891d9e0c547
[WS] WebSocket router initialized
[WS] Client connected: e596ef07-3241-4e5a-b5f9-8b9095319ec0
[WS] WebSocket router initialized
[WS] Client connected: 9b4ae2f4-0db8-4d93-ba5d-633b5bee172b
[WS] Client disconnected: 5ce59f7b-e682-43cb-b240-a4689d63472f
[WS] Client disconnected: cb691338-75ac-491d-a8d0-7a2ef4bbe96d
[WS] Client disconnected: e596ef07-3241-4e5a-b5f9-8b9095319ec0
[WS] Client disconnected: 9b4ae2f4-0db8-4d93-ba5d-633b5bee172b
[WS] Client disconnected: 85598904-bbee-4a9d-874e-1891d9e0c547
✔ WsRouter standalone wss.emit with injected split context returns control metadata and pair token (4.602891ms)
⚠ WsRouter split output connection does not handle subscribe traffic (7.156527ms) # Wave-1 production unified limitation characterization
✔ PERF-BGSTAB-010 AC-6 old output pair ACK rejection 계약 부재 때문에 실패 (2.184965ms)
⚠ WsRouter split duplicate output connection closes and removes the previous output socket (1.127537ms) # Wave-1 production unified limitation characterization
⚠ WsRouter split duplicate output connection reroutes queued output before replacement (2.331733ms) # Wave-1 production unified limitation characterization
⚠ WsRouter split output pairing rejects wrong token, wrong identity, and expired pair token (0.50533ms) # Wave-1 production unified limitation characterization
⚠ WsRouter split routes terminal output through paired output socket (0.967956ms) # Wave-1 production unified limitation characterization
✔ WsRouter split falls back to control socket when output socket is absent (0.942159ms)
⚠ WsRouter split sends replay snapshot on output and accepts ACK on control (0.832541ms) # Wave-1 production unified limitation characterization
⚠ WsRouter split recovers replay snapshot on control when output closes before ACK (0.837339ms) # Wave-1 production unified limitation characterization
✔ WsRouter split-shadow output close does not force control replay recovery (0.491579ms)
⚠ WsRouter split sends screen repair payload on output and accepts repair ACK on control (0.996143ms) # Wave-1 production unified limitation characterization
⚠ WsRouter split preserves screen repair queued output behind fallback recovery snapshot (0.632647ms) # Wave-1 production unified limitation characterization
⚠ WsRouter split reroutes queued output to control when output socket queue overflows (0.97498ms) # Wave-1 production unified limitation characterization
⚠ WsRouter split reroutes current output to control when output socket hits hard limit (0.497278ms) # Wave-1 production unified limitation characterization
⚠ WsRouter split reroutes queued output to control when output socket closes (0.599502ms) # Wave-3 split client-group routing; Wave 2 preserves the standalone split limitation (REL-BGSTAB-008 AC-10)
⚠ WsRouter split preserves rerouted output behind fallback recovery snapshot (0.558836ms) # Wave-1 production unified limitation characterization
✔ MIG-BGSTAB-002 authority control reply selects the open socket when a stale duplicate connection remains (0.540284ms)
✔ MIG-BGSTAB-002 responder topology requires an open paired output lane only in split mode (0.471156ms)
✔ MIG-BGSTAB-002 responder topology selects only the newest open hard-reload control socket (0.917345ms)
✔ MIG-BGSTAB-002 authoritative replay ACK is backfilled when checkpoint negotiation follows replay (1.997168ms)
✔ MIG-BGSTAB-002 queued replay tail requires a fresh zero-tail authoritative ACK (0.682718ms)
✔ MIG-BGSTAB-002 replaced retained model reacquires server recovery ACK before promotion (1.216171ms)
✔ Repair queue·protocol RED 계약 — AC-2 (0.967352ms)
✔ Repair queue·protocol RED 계약 — AC-4 (1.257748ms)
✔ Repair queue·protocol RED 계약 — AC-6 (0.900871ms)
✔ Repair queue·protocol RED 계약 — AC-9 (0.513787ms)
✔ Repair queue·protocol RED 계약 — AC-11 (2.125788ms)
ℹ tests 28
ℹ suites 0
ℹ pass 15
ℹ fail 0
ℹ cancelled 0
ℹ skipped 0
ℹ todo 13
ℹ duration_ms 5525.475802

✖ failing tests:

test at src/ws/WsRouterSplitHandshake.test.ts:1:3755
⚠ WsRouter split output connection does not handle subscribe traffic (7.156527ms) # Wave-1 production unified limitation characterization
  AssertionError [ERR_ASSERTION]: Expected values to be strictly equal:
  
  3 !== 1
  
      at TestContext.<anonymous> (/mnt/c/work/git/_Snoworca/ProjectMaster-issue2-20260916/server/src/ws/WsRouterSplitHandshake.test.ts:178:12)
      at Test.runInAsyncScope (node:async_hooks:227:14)
      at Test.run (node:internal/test_runner/test:1402:25)
      at Test.processPendingSubtests (node:internal/test_runner/test:974:18)
      at Test.postRun (node:internal/test_runner/test:1542:19)
      at Test.run (node:internal/test_runner/test:1467:12)
      at async startSubtestAfterBootstrap (node:internal/test_runner/harness:387:3) {
    generatedMessage: true,
    code: 'ERR_ASSERTION',
    actual: 3,
    expected: 1,
    operator: 'strictEqual',
    diff: 'simple'
  }

test at src/ws/WsRouterSplitHandshake.test.ts:1:5649
⚠ WsRouter split duplicate output connection closes and removes the previous output socket (1.127537ms) # Wave-1 production unified limitation characterization
  AssertionError [ERR_ASSERTION]: Expected values to be strictly equal:
  
  true !== false
  
      at TestContext.<anonymous> (/mnt/c/work/git/_Snoworca/ProjectMaster-issue2-20260916/server/src/ws/WsRouterSplitHandshake.test.ts:261:12)
      at Test.runInAsyncScope (node:async_hooks:227:14)
      at Test.run (node:internal/test_runner/test:1402:25)
      at Test.processPendingSubtests (node:internal/test_runner/test:974:18)
      at Test.postRun (node:internal/test_runner/test:1542:19)
      at Test.run (node:internal/test_runner/test:1467:12)
      at async Test.processPendingSubtests (node:internal/test_runner/test:974:7) {
    generatedMessage: true,
    code: 'ERR_ASSERTION',
    actual: true,
    expected: false,
    operator: 'strictEqual',
    diff: 'simple'
  }

test at src/ws/WsRouterSplitHandshake.test.ts:1:6667
⚠ WsRouter split duplicate output connection reroutes queued output before replacement (2.331733ms) # Wave-1 production unified limitation characterization
  AssertionError [ERR_ASSERTION]: Expected values to be strictly equal:
  
  0 !== 1
  
      at TestContext.<anonymous> (/mnt/c/work/git/_Snoworca/ProjectMaster-issue2-20260916/server/src/ws/WsRouterSplitHandshake.test.ts:324:12)
      at Test.runInAsyncScope (node:async_hooks:227:14)
      at Test.run (node:internal/test_runner/test:1402:25)
      at Test.processPendingSubtests (node:internal/test_runner/test:974:18)
      at Test.postRun (node:internal/test_runner/test:1542:19)
      at Test.run (node:internal/test_runner/test:1467:12)
      at async Test.processPendingSubtests (node:internal/test_runner/test:974:7) {
    generatedMessage: true,
    code: 'ERR_ASSERTION',
    actual: 0,
    expected: 1,
    operator: 'strictEqual',
    diff: 'simple'
  }

test at src/ws/WsRouterSplitHandshake.test.ts:1:9284
⚠ WsRouter split output pairing rejects wrong token, wrong identity, and expired pair token (0.50533ms) # Wave-1 production unified limitation characterization
  TypeError: router.isValidSplitOutputPair is not a function
      at TestContext.<anonymous> (/mnt/c/work/git/_Snoworca/ProjectMaster-issue2-20260916/server/src/ws/WsRouterSplitHandshake.test.ts:361:34)
      at Test.runInAsyncScope (node:async_hooks:227:14)
      at Test.run (node:internal/test_runner/test:1402:25)
      at Test.processPendingSubtests (node:internal/test_runner/test:974:18)
      at Test.postRun (node:internal/test_runner/test:1542:19)
      at Test.run (node:internal/test_runner/test:1467:12)
      at async Test.processPendingSubtests (node:internal/test_runner/test:974:7)

test at src/ws/WsRouterSplitHandshake.test.ts:1:10443
⚠ WsRouter split routes terminal output through paired output socket (0.967956ms) # Wave-1 production unified limitation characterization
  AssertionError [ERR_ASSERTION]: Expected values to be strictly equal:
  
  1 !== 2
  
      at TestContext.<anonymous> (/mnt/c/work/git/_Snoworca/ProjectMaster-issue2-20260916/server/src/ws/WsRouterSplitHandshake.test.ts:426:12)
      at Test.runInAsyncScope (node:async_hooks:227:14)
      at Test.run (node:internal/test_runner/test:1402:25)
      at Test.processPendingSubtests (node:internal/test_runner/test:974:18)
      at Test.postRun (node:internal/test_runner/test:1542:19)
      at Test.run (node:internal/test_runner/test:1467:12)
      at async Test.processPendingSubtests (node:internal/test_runner/test:974:7) {
    generatedMessage: true,
    code: 'ERR_ASSERTION',
    actual: 1,
    expected: 2,
    operator: 'strictEqual',
    diff: 'simple'
  }

test at src/ws/WsRouterSplitHandshake.test.ts:1:12429
⚠ WsRouter split sends replay snapshot on output and accepts ACK on control (0.832541ms) # Wave-1 production unified limitation characterization
  AssertionError [ERR_ASSERTION]: Expected values to be strictly equal:
  + actual - expected
  
  + undefined
  - 'screen-snapshot'
  
      at TestContext.<anonymous> (/mnt/c/work/git/_Snoworca/ProjectMaster-issue2-20260916/server/src/ws/WsRouterSplitHandshake.test.ts:500:12)
      at Test.runInAsyncScope (node:async_hooks:227:14)
      at Test.run (node:internal/test_runner/test:1402:25)
      at Test.processPendingSubtests (node:internal/test_runner/test:974:18)
      at Test.postRun (node:internal/test_runner/test:1542:19)
      at Test.run (node:internal/test_runner/test:1467:12)
      at async Test.processPendingSubtests (node:internal/test_runner/test:974:7) {
    generatedMessage: true,
    code: 'ERR_ASSERTION',
    actual: undefined,
    expected: 'screen-snapshot',
    operator: 'strictEqual',
    diff: 'simple'
  }

test at src/ws/WsRouterSplitHandshake.test.ts:1:13925
⚠ WsRouter split recovers replay snapshot on control when output closes before ACK (0.837339ms) # Wave-1 production unified limitation characterization
  AssertionError [ERR_ASSERTION]: Expected values to be strictly equal:
  
  false !== true
  
      at TestContext.<anonymous> (/mnt/c/work/git/_Snoworca/ProjectMaster-issue2-20260916/server/src/ws/WsRouterSplitHandshake.test.ts:547:12)
      at Test.runInAsyncScope (node:async_hooks:227:14)
      at Test.run (node:internal/test_runner/test:1402:25)
      at Test.processPendingSubtests (node:internal/test_runner/test:974:18)
      at Test.postRun (node:internal/test_runner/test:1542:19)
      at Test.run (node:internal/test_runner/test:1467:12)
      at async Test.processPendingSubtests (node:internal/test_runner/test:974:7) {
    generatedMessage: true,
    code: 'ERR_ASSERTION',
    actual: false,
    expected: true,
    operator: 'strictEqual',
    diff: 'simple'
  }

test at src/ws/WsRouterSplitHandshake.test.ts:1:16289
⚠ WsRouter split sends screen repair payload on output and accepts repair ACK on control (0.996143ms) # Wave-1 production unified limitation characterization
  AssertionError [ERR_ASSERTION]: Expected values to be strictly equal:
  + actual - expected
  
  + undefined
  - 'screen-repair'
  
      at TestContext.<anonymous> (/mnt/c/work/git/_Snoworca/ProjectMaster-issue2-20260916/server/src/ws/WsRouterSplitHandshake.test.ts:639:12)
      at async Test.run (node:internal/test_runner/test:1409:7)
      at async Test.processPendingSubtests (node:internal/test_runner/test:974:7) {
    generatedMessage: true,
    code: 'ERR_ASSERTION',
    actual: undefined,
    expected: 'screen-repair',
    operator: 'strictEqual',
    diff: 'simple'
  }

test at src/ws/WsRouterSplitHandshake.test.ts:1:17891
⚠ WsRouter split preserves screen repair queued output behind fallback recovery snapshot (0.632647ms) # Wave-1 production unified limitation characterization
  AssertionError [ERR_ASSERTION]: Expected values to be strictly equal:
  + actual - expected
  
  + undefined
  - 'fallback'
  
      at TestContext.<anonymous> (/mnt/c/work/git/_Snoworca/ProjectMaster-issue2-20260916/server/src/ws/WsRouterSplitHandshake.test.ts:692:12)
      at Test.runInAsyncScope (node:async_hooks:227:14)
      at Test.run (node:internal/test_runner/test:1402:25)
      at Test.processPendingSubtests (node:internal/test_runner/test:974:18)
      at Test.postRun (node:internal/test_runner/test:1542:19)
      at Test.run (node:internal/test_runner/test:1467:12)
      at async Test.processPendingSubtests (node:internal/test_runner/test:974:7) {
    generatedMessage: true,
    code: 'ERR_ASSERTION',
    actual: undefined,
    expected: 'fallback',
    operator: 'strictEqual',
    diff: 'simple'
  }

test at src/ws/WsRouterSplitHandshake.test.ts:1:20085
⚠ WsRouter split reroutes queued output to control when output socket queue overflows (0.97498ms) # Wave-1 production unified limitation characterization
  AssertionError [ERR_ASSERTION]: Expected values to be strictly equal:
  
  0 !== 2
  
      at TestContext.<anonymous> (/mnt/c/work/git/_Snoworca/ProjectMaster-issue2-20260916/server/src/ws/WsRouterSplitHandshake.test.ts:785:12)
      at Test.runInAsyncScope (node:async_hooks:227:14)
      at Test.run (node:internal/test_runner/test:1402:25)
      at Test.processPendingSubtests (node:internal/test_runner/test:974:18)
      at Test.postRun (node:internal/test_runner/test:1542:19)
      at Test.run (node:internal/test_runner/test:1467:12)
      at async Test.processPendingSubtests (node:internal/test_runner/test:974:7) {
    generatedMessage: true,
    code: 'ERR_ASSERTION',
    actual: 0,
    expected: 2,
    operator: 'strictEqual',
    diff: 'simple'
  }

test at src/ws/WsRouterSplitHandshake.test.ts:1:21639
⚠ WsRouter split reroutes current output to control when output socket hits hard limit (0.497278ms) # Wave-1 production unified limitation characterization
  ZodError: [
    {
      "code": "custom",
      "path": [
        "serverBufferedHardLimitBytes"
      ],
      "message": "serverBufferedHardLimitBytes must be greater than serverBufferedHighWaterBytes"
    }
  ]
      at new WsRouter (/mnt/c/work/git/_Snoworca/ProjectMaster-issue2-20260916/server/src/ws/WsRouter.ts:655:66)
      at createRouter (/mnt/c/work/git/_Snoworca/ProjectMaster-issue2-20260916/server/src/ws/WsRouterSplitHandshake.test.ts:118:10)
      at TestContext.<anonymous> (/mnt/c/work/git/_Snoworca/ProjectMaster-issue2-20260916/server/src/ws/WsRouterSplitHandshake.test.ts:796:18)
      at Test.runInAsyncScope (node:async_hooks:227:14)
      at Test.run (node:internal/test_runner/test:1402:25)
      at Test.processPendingSubtests (node:internal/test_runner/test:974:18)
      at Test.postRun (node:internal/test_runner/test:1542:19)
      at Test.run (node:internal/test_runner/test:1467:12)
      at async Test.processPendingSubtests (node:internal/test_runner/test:974:7)

test at src/ws/WsRouterSplitHandshake.test.ts:1:22877
⚠ WsRouter split reroutes queued output to control when output socket closes (0.599502ms) # Wave-3 split client-group routing; Wave 2 preserves the standalone split limitation (REL-BGSTAB-008 AC-10)
  AssertionError [ERR_ASSERTION]: Expected values to be strictly equal:
  
  0 !== 1
  
      at TestContext.<anonymous> (/mnt/c/work/git/_Snoworca/ProjectMaster-issue2-20260916/server/src/ws/WsRouterSplitHandshake.test.ts:887:12)
      at Test.runInAsyncScope (node:async_hooks:227:14)
      at Test.run (node:internal/test_runner/test:1402:25)
      at Test.processPendingSubtests (node:internal/test_runner/test:974:18)
      at Test.postRun (node:internal/test_runner/test:1542:19)
      at Test.run (node:internal/test_runner/test:1467:12)
      at async Test.processPendingSubtests (node:internal/test_runner/test:974:7) {
    generatedMessage: true,
    code: 'ERR_ASSERTION',
    actual: 0,
    expected: 1,
    operator: 'strictEqual',
    diff: 'simple'
  }

test at src/ws/WsRouterSplitHandshake.test.ts:1:24246
⚠ WsRouter split preserves rerouted output behind fallback recovery snapshot (0.558836ms) # Wave-1 production unified limitation characterization
  AssertionError [ERR_ASSERTION]: Expected values to be strictly equal:
  + actual - expected
  
  + undefined
  - 'fallback'
  
      at TestContext.<anonymous> (/mnt/c/work/git/_Snoworca/ProjectMaster-issue2-20260916/server/src/ws/WsRouterSplitHandshake.test.ts:934:12)
      at Test.runInAsyncScope (node:async_hooks:227:14)
      at Test.run (node:internal/test_runner/test:1402:25)
      at Test.processPendingSubtests (node:internal/test_runner/test:974:18)
      at Test.postRun (node:internal/test_runner/test:1542:19)
      at Test.run (node:internal/test_runner/test:1467:12)
      at async Test.processPendingSubtests (node:internal/test_runner/test:974:7) {
    generatedMessage: true,
    code: 'ERR_ASSERTION',
    actual: undefined,
    expected: 'fallback',
    operator: 'strictEqual',
    diff: 'simple'
  }
exit=0
