# cwd: /mnt/c/work/git/_Snoworca/ProjectMaster-issue2-20260916/frontend
# command: for i in 1..4; npx playwright test tests/e2e/wave2-screen-repair-resync.spec.ts --config playwright.external-server.config.ts --project "Desktop Chrome"
# purpose: characterise first-attempt stability of the two tests across four consecutive runs with no teardown between them
# target: https://localhost:2222 (externally owned listener, server PID 451255)
## iteration 1  06:48:35Z
  ✓  1 [Desktop Chrome] › tests/e2e/wave2-screen-repair-resync.spec.ts:538:3 › REL-BGSTAB-008 frontend stale/resync RED › Frontend stale/resync barrier RED 계약 — AC-4 (5.8s)
  ✓  2 [Desktop Chrome] › tests/e2e/wave2-screen-repair-resync.spec.ts:685:3 › REL-BGSTAB-008 frontend stale/resync RED › Frontend stale/resync barrier RED 계약 — AC-8 (18.1s)
[e2e] workspaces: deleted=0, absent=0, failed=0
  2 passed (34.7s)
## iteration 1 exit=0
## iteration 2  06:49:18Z
  ✓  1 [Desktop Chrome] › tests/e2e/wave2-screen-repair-resync.spec.ts:538:3 › REL-BGSTAB-008 frontend stale/resync RED › Frontend stale/resync barrier RED 계약 — AC-4 (5.7s)
  ✓  2 [Desktop Chrome] › tests/e2e/wave2-screen-repair-resync.spec.ts:685:3 › REL-BGSTAB-008 frontend stale/resync RED › Frontend stale/resync barrier RED 계약 — AC-8 (17.9s)
[e2e] workspaces: deleted=0, absent=0, failed=0
  2 passed (34.3s)
## iteration 2 exit=0
## iteration 3  06:50:02Z
  ✓  1 [Desktop Chrome] › tests/e2e/wave2-screen-repair-resync.spec.ts:538:3 › REL-BGSTAB-008 frontend stale/resync RED › Frontend stale/resync barrier RED 계약 — AC-4 (5.4s)
  ✓  2 [Desktop Chrome] › tests/e2e/wave2-screen-repair-resync.spec.ts:685:3 › REL-BGSTAB-008 frontend stale/resync RED › Frontend stale/resync barrier RED 계약 — AC-8 (18.9s)
[e2e] workspaces: deleted=0, absent=0, failed=0
  2 passed (33.5s)
## iteration 3 exit=0
## iteration 4  06:50:44Z
  ✓  1 [Desktop Chrome] › tests/e2e/wave2-screen-repair-resync.spec.ts:538:3 › REL-BGSTAB-008 frontend stale/resync RED › Frontend stale/resync barrier RED 계약 — AC-4 (5.3s)
  ✓  2 [Desktop Chrome] › tests/e2e/wave2-screen-repair-resync.spec.ts:685:3 › REL-BGSTAB-008 frontend stale/resync RED › Frontend stale/resync barrier RED 계약 — AC-8 (16.8s)
[e2e] workspaces: deleted=0, absent=0, failed=0
  2 passed (31.3s)
## iteration 4 exit=0
# exit=0
