# cwd: /mnt/c/work/git/_Snoworca/ProjectMaster-issue2-20260916/frontend
# command: for i in 1..4; npx playwright test tests/e2e/wave2-screen-repair-resync.spec.ts --config playwright.external-server.config.ts --project "Desktop Chrome"
# state: committed spec (authority-proof fix only; the spec does not create terminals). Workspace seeded beforehand — see seed-before-final.log
# target: https://localhost:2222 (externally owned listener, server PID 471222)
## iteration 1  07:31:47Z
  ✓  1 [Desktop Chrome] › tests/e2e/wave2-screen-repair-resync.spec.ts:447:3 › REL-BGSTAB-008 frontend stale/resync RED › Frontend stale/resync barrier RED 계약 — AC-4 (1.1s)
  ✘  2 [Desktop Chrome] › tests/e2e/wave2-screen-repair-resync.spec.ts:594:3 › REL-BGSTAB-008 frontend stale/resync RED › Frontend stale/resync barrier RED 계약 — AC-8 (20.1s)
  ✓  3 [Desktop Chrome] › tests/e2e/wave2-screen-repair-resync.spec.ts:594:3 › REL-BGSTAB-008 frontend stale/resync RED › Frontend stale/resync barrier RED 계약 — AC-8 (retry #1) (17.6s)
[e2e] workspaces: deleted=0, absent=0, failed=0
    Error: Frontend stale/resync barrier RED 계약 RED AC-8: restore-needed did not engage the stale barrier, or provisional local restore cleared hidden dirty/skipped/stale or promoted retained equivalence
    test-results/wave2-screen-repair-resync-1dcfc-esync-barrier-RED-계약-—-AC-8-Desktop-Chrome/test-failed-1.png
  1 passed (58.9s)
## iteration 1 playwright exit=0
## iteration 2  07:32:55Z
  ✓  1 [Desktop Chrome] › tests/e2e/wave2-screen-repair-resync.spec.ts:447:3 › REL-BGSTAB-008 frontend stale/resync RED › Frontend stale/resync barrier RED 계약 — AC-4 (5.8s)
  ✘  2 [Desktop Chrome] › tests/e2e/wave2-screen-repair-resync.spec.ts:594:3 › REL-BGSTAB-008 frontend stale/resync RED › Frontend stale/resync barrier RED 계약 — AC-8 (17.3s)
  ✓  3 [Desktop Chrome] › tests/e2e/wave2-screen-repair-resync.spec.ts:594:3 › REL-BGSTAB-008 frontend stale/resync RED › Frontend stale/resync barrier RED 계약 — AC-8 (retry #1) (19.8s)
[e2e] workspaces: deleted=0, absent=0, failed=0
    Error: Frontend stale/resync barrier RED 계약 RED AC-8: restore-needed did not engage the stale barrier, or provisional local restore cleared hidden dirty/skipped/stale or promoted retained equivalence
    test-results/wave2-screen-repair-resync-1dcfc-esync-barrier-RED-계약-—-AC-8-Desktop-Chrome/test-failed-1.png
  1 passed (1.1m)
## iteration 2 playwright exit=0
## iteration 3  07:34:08Z
      source: [32m'compatibility-post-ack-failed:convergence-timeout'[39m,
      reason: [32m'compatibility-post-ack-failed'[39m,
      reason: [32m'compatibility-post-ack-failed:convergence-timeout'[39m,
      reason: [32m'compatibility-post-ack-failed:convergence-timeout'[39m,
  ✘  1 [Desktop Chrome] › tests/e2e/wave2-screen-repair-resync.spec.ts:447:3 › REL-BGSTAB-008 frontend stale/resync RED › Frontend stale/resync barrier RED 계약 — AC-4 (11.7s)
  ✓  2 [Desktop Chrome] › tests/e2e/wave2-screen-repair-resync.spec.ts:447:3 › REL-BGSTAB-008 frontend stale/resync RED › Frontend stale/resync barrier RED 계약 — AC-4 (retry #1) (6.5s)
  ✘  3 [Desktop Chrome] › tests/e2e/wave2-screen-repair-resync.spec.ts:594:3 › REL-BGSTAB-008 frontend stale/resync RED › Frontend stale/resync barrier RED 계약 — AC-8 (24.2s)
  ✓  4 [Desktop Chrome] › tests/e2e/wave2-screen-repair-resync.spec.ts:594:3 › REL-BGSTAB-008 frontend stale/resync RED › Frontend stale/resync barrier RED 계약 — AC-8 (retry #1) (18.5s)
[e2e] workspaces: deleted=0, absent=0, failed=0
    Error: Frontend stale/resync barrier RED 계약 RED AC-4: restore-needed did not engage the stale barrier, or snapshot-covered prefix/tail was lost, duplicated, or reordered
    test-results/wave2-screen-repair-resync-8f4f9-esync-barrier-RED-계약-—-AC-4-Desktop-Chrome/test-failed-1.png
    Error: E2E precondition failed: target did not become actually hidden/dirty/skipped
    test-results/wave2-screen-repair-resync-1dcfc-esync-barrier-RED-계약-—-AC-8-Desktop-Chrome/test-failed-1.png
## iteration 3 playwright exit=0
## iteration 4  07:35:53Z
  ✓  1 [Desktop Chrome] › tests/e2e/wave2-screen-repair-resync.spec.ts:447:3 › REL-BGSTAB-008 frontend stale/resync RED › Frontend stale/resync barrier RED 계약 — AC-4 (1.4s)
  ✘  2 [Desktop Chrome] › tests/e2e/wave2-screen-repair-resync.spec.ts:594:3 › REL-BGSTAB-008 frontend stale/resync RED › Frontend stale/resync barrier RED 계약 — AC-8 (31.0s)
  ✓  3 [Desktop Chrome] › tests/e2e/wave2-screen-repair-resync.spec.ts:594:3 › REL-BGSTAB-008 frontend stale/resync RED › Frontend stale/resync barrier RED 계약 — AC-8 (retry #1) (17.4s)
[e2e] workspaces: deleted=0, absent=0, failed=0
    Error: E2E precondition failed: target did not become actually hidden/dirty/skipped
    test-results/wave2-screen-repair-resync-1dcfc-esync-barrier-RED-계약-—-AC-8-Desktop-Chrome/test-failed-1.png
  1 passed (1.3m)
## iteration 4 playwright exit=0
# exit=0
