(node:442596) Warning: Setting the NODE_TLS_REJECT_UNAUTHORIZED environment variable to '0' makes TLS connections and HTTPS requests insecure by disabling certificate verification.
(Use `node --trace-warnings ...` to show where the warning was created)

Running 1 test using 1 worker

  ✘  1 [Desktop Chrome] › tests/e2e/wave2-screen-repair-resync.spec.ts:447:3 › REL-BGSTAB-008 frontend stale/resync RED › Frontend stale/resync barrier RED 계약 — AC-4 (14.9s)
  ✘  2 [Desktop Chrome] › tests/e2e/wave2-screen-repair-resync.spec.ts:447:3 › REL-BGSTAB-008 frontend stale/resync RED › Frontend stale/resync barrier RED 계약 — AC-4 (retry #1) (19.2s)
[e2e] workspaces: deleted=0, absent=0, failed=0


  1) [Desktop Chrome] › tests/e2e/wave2-screen-repair-resync.spec.ts:447:3 › REL-BGSTAB-008 frontend stale/resync RED › Frontend stale/resync barrier RED 계약 — AC-4 

    Error: Frontend stale/resync barrier RED 계약 RED AC-4: restore-needed did not engage the stale barrier, or snapshot-covered prefix/tail was lost, duplicated, or reordered

    [2mexpect([22m[31mreceived[39m[2m).[22mtoBe[2m([22m[32mexpected[39m[2m) // Object.is equality[22m

    Expected: [32mtrue[39m
    Received: [31mfalse[39m

    Call Log:
    - Timeout 15000ms exceeded while waiting on the predicate

      570 |     });
      571 |
    > 572 |     await expect.poll(async () => {
          |     ^
      573 |       const events = await readDebugEvents(page, sessionId);
      574 |       return events.some((event) => (
      575 |         event.kind === 'visible_output_resync_state'
        at /mnt/c/work/git/_Snoworca/ProjectMaster-issue2-20260916/frontend/tests/e2e/wave2-screen-repair-resync.spec.ts:572:5

    attachment #1: screenshot (image/png) ──────────────────────────────────────────────────────────
    test-results/wave2-screen-repair-resync-8f4f9-esync-barrier-RED-계약-—-AC-4-Desktop-Chrome/test-failed-1.png
    ────────────────────────────────────────────────────────────────────────────────────────────────

    Error Context: test-results/wave2-screen-repair-resync-8f4f9-esync-barrier-RED-계약-—-AC-4-Desktop-Chrome/error-context.md

    Retry #1 ───────────────────────────────────────────────────────────────────────────────────────

    Error: Frontend stale/resync barrier RED 계약 RED AC-4: restore-needed did not engage the stale barrier, or snapshot-covered prefix/tail was lost, duplicated, or reordered

    [2mexpect([22m[31mreceived[39m[2m).[22mtoBe[2m([22m[32mexpected[39m[2m) // Object.is equality[22m

    Expected: [32mtrue[39m
    Received: [31mfalse[39m

    Call Log:
    - Timeout 15000ms exceeded while waiting on the predicate

      570 |     });
      571 |
    > 572 |     await expect.poll(async () => {
          |     ^
      573 |       const events = await readDebugEvents(page, sessionId);
      574 |       return events.some((event) => (
      575 |         event.kind === 'visible_output_resync_state'
        at /mnt/c/work/git/_Snoworca/ProjectMaster-issue2-20260916/frontend/tests/e2e/wave2-screen-repair-resync.spec.ts:572:5

    attachment #1: screenshot (image/png) ──────────────────────────────────────────────────────────
    test-results/wave2-screen-repair-resync-8f4f9-esync-barrier-RED-계약-—-AC-4-Desktop-Chrome-retry1/test-failed-1.png
    ────────────────────────────────────────────────────────────────────────────────────────────────

    Error Context: test-results/wave2-screen-repair-resync-8f4f9-esync-barrier-RED-계약-—-AC-4-Desktop-Chrome-retry1/error-context.md

    attachment #3: trace (application/zip) ─────────────────────────────────────────────────────────
    test-results/wave2-screen-repair-resync-8f4f9-esync-barrier-RED-계약-—-AC-4-Desktop-Chrome-retry1/trace.zip
    Usage:

        npx playwright show-trace test-results/wave2-screen-repair-resync-8f4f9-esync-barrier-RED-계약-—-AC-4-Desktop-Chrome-retry1/trace.zip

    ────────────────────────────────────────────────────────────────────────────────────────────────

  1 failed
    [Desktop Chrome] › tests/e2e/wave2-screen-repair-resync.spec.ts:447:3 › REL-BGSTAB-008 frontend stale/resync RED › Frontend stale/resync barrier RED 계약 — AC-4 
