✔ the checkpoint-authority guard anchor resolves to exactly one site (1.38567ms)
✔ PERF-BGSTAB-010 browser ACK is emitted only after an accepted visible terminal write (0.588017ms)
✔ PERF-BGSTAB-010 AC-6 browser records ACK rejection without delivery or status mutation (0.7367ms)
✔ MIG-BGSTAB-002 TerminalView queues checkpoint-authority input until its exact mutation lease arrives (0.226657ms)
✔ TerminalContainer bounds authority recovery retries and resets them only after matching ready plus ACK (0.231853ms)
✔ WebSocket grace recovery state is discarded before a replacement socket resubscribes (0.167944ms)
✔ replacement-socket authoritative ACK plus matching ready resets the recovery budget (0.21804ms)
✔ replacement authoritative convergence is staged before the snapshot ACK can synchronously return ready (0.137836ms)
✔ replacement authoritative snapshots bypass checkpoint suppression for retained-state recovery (0.187438ms)
✔ MIG-BGSTAB-002 snapshot Windows PTY metadata applies only after snapshot authority succeeds (0.211426ms)
✔ session ready cannot open input until it matches the latest received snapshot lineage (0.18088ms)
✔ replacement authoritative identity is reapplied even when seq and content are unchanged (0.177121ms)
✔ replacement authoritative convergence is serialized behind in-flight speculative writes (0.165174ms)
✔ no-active reconnect-required invalidates legacy speculative repair before installing its barrier (0.150437ms)
✔ restore-needed and reconnect-required terminate the legacy repair in-flight suppression (0.148832ms)
✔ REL-BGSTAB-007 keeps generic screen repair independent of checkpoint ACK evidence (1.746749ms)
✔ REL-BGSTAB-007 removes checkpoint lifecycle seams from generic screen repair (0.51589ms)
✔ REL-BGSTAB-007 removes dead Container bridge APIs from the checkpoint runtime (0.129581ms)
✔ TerminalContainer maps visible output recovery into the input transport barrier (0.091508ms)
✔ TerminalContainer routes compatibility authority recovery to a same-socket full snapshot before reconnect (0.181785ms)
✔ TerminalContainer keeps compatibility input fenced through matching post-ACK tail drain and ready (2.938677ms)
✔ TerminalContainer bounds and clears compatibility post-ACK convergence timeout (1.778135ms)
✔ TerminalContainer keeps queued input deferred while visible output recovery is blocking (0.101777ms)
✔ TerminalContainer retries queued input after visible output recovery finishes (0.085539ms)
✔ TerminalContainer does not finish visible recovery after fallback snapshot placeholder (0.145531ms)
✔ TerminalContainer does not suppress authoritative repair while visible recovery is pending (0.092721ms)
✔ TerminalContainer uses runtime-configured transport outbox limits (0.095043ms)
✔ TerminalContainer does not clear hidden output recovery after fallback placeholder (0.12918ms)
✔ TerminalContainer only finishes visible recovery after authoritative snapshot or local restore success (0.210288ms)
✔ TerminalContainer does not suppress recent repair while visible recovery is pending (0.117801ms)
✔ TerminalContainer uses runtime terminal limits for transport outbox budget and TTL (0.131073ms)
✔ TerminalContainer preserves absent normal-wire screen sequence as unknown (0.213506ms)
✔ TerminalContainer applies visible resync output admission in the production handler (0.193192ms)
✔ TerminalContainer fences stale snapshot tokens before terminal replacement (0.100425ms)
✔ TerminalContainer keeps active resync isolated from late legacy repair callbacks (0.153403ms)
✔ TerminalContainer production recovery requests a token-fenced fresh snapshot and real reconnect (0.176589ms)
✔ TerminalContainer makes duplicate restore-needed idempotent and fences snapshot sequence (0.114518ms)
✔ TerminalContainer leaves provisional fallback unacked for bounded server reconnect (0.114686ms)
✔ WebSocket grace installs restore barrier before subscribed-ready and preserves duplicate chunks (0.698226ms)
✔ WebSocket grace fences replay generations and makes reconnect terminal (0.266522ms)
✔ TerminalContainer forces current replay snapshot past legacy content dedup (0.227292ms)
✔ TerminalContainer serializes legacy and hidden mutations before server authority (0.233186ms)
✔ TerminalContainer binds Container and TerminalView adapters to one recovery identity (0.487342ms)
✔ TerminalContainer settles the live-lane idle fence before resetting visible output (0.139795ms)
✔ TerminalContainer keeps legacy repair recovery blocked when ready ACK send fails (0.214505ms)
✔ TerminalContainer keeps snapshot recovery blocked when ready ACK send fails (0.202762ms)
✔ TerminalContainer keeps restore-buffer failure non-ACKable while acknowledging only a checkpoint takeover (0.783269ms)
✔ TerminalContainer defers a rollback-era authoritative snapshot until legacy authority releases it (0.240527ms)
✔ TerminalContainer drains an authority-ready deferred snapshot after an in-flight apply settles (0.232301ms)
✔ TerminalContainer retries an authority-ready deferred snapshot after its terminal ref reattaches (0.129134ms)
✔ TerminalContainer completion probe writes an empty frame to the same xterm FIFO (0.213516ms)
✔ TerminalContainer rejects late authoritative snapshots after the active recovery is terminally failed (0.495407ms)
✔ Remount adapter RED — live/restore non-overlap (0.671699ms)
✔ Remount adapter RED — fault input barrier (1.288817ms)
✔ Remount adapter RED — parser and Unicode corpus (1.140367ms)
✔ Frontend stale/resync barrier RED 계약 — AC-3 (0.293179ms)
✔ Frontend stale/resync barrier RED 계약 — AC-6 (0.371162ms)
✔ Frontend stale/resync barrier RED 계약 — AC-11 (0.822136ms)
✔ REL-BGSTAB-012 preserves client isolation AI idle and renderer residency (0.145185ms)
✔ REL-BGSTAB-012 isolates affected hidden recovery to its browser view (0.115628ms)
✔ TerminalView allows screen repair readiness while visible output recovery barrier is active (1.233628ms)
✔ TerminalView uses runtime terminal limits for input queue budget and TTL (0.490987ms)
✔ TerminalView uses runtime-configured input queue limits (0.233038ms)
✔ TerminalView visible output scheduler uses cached runtime output limits (0.170173ms)
✔ TerminalView plain Space and Backspace delegation does not rebuild input debug payload (0.201343ms)
✔ TerminalView compatibility recovery delegates to the full recovery owner without manual repair (0.159651ms)
✔ TerminalView runtime recreation also requests bounded fresh snapshot recovery (0.522457ms)
✔ TerminalView hands legacy recovery across bounded reconnect runtime replacement (0.238288ms)
✔ TerminalView emits legacy authority readiness once after compatibility recovery fully converges (0.272771ms)
✔ TerminalView compatibility tail write reports coordinator rejection as physical failure (0.278917ms)
✔ TerminalView bounds restore-pending output and drains segmented chunks without join (0.243679ms)
✔ TerminalView propagates restore-buffer failure as FAILED_HELD without allowing live-output overtake (0.79188ms)
✔ TerminalView refuses FAILED_HELD convergence when coverage identity is unproven (0.172337ms)
✔ TerminalView leaves FAILED_HELD ownership untouched on reset throw or sole-writer rejection (0.222488ms)
✔ MIG-BGSTAB-002 authoritative snapshot replacement reports the exact rejected fence (0.149578ms)
✔ MIG-BGSTAB-002 reports an in-flight checkpoint takeover without treating every replacement rejection as ready (1.190809ms)
✔ TerminalView restore replay is fenced by exact attempt epoch and xterm identity (0.30562ms)
✔ TerminalView resets scheduler and ingress retry ownership on terminal identity change and cleanup (0.27305ms)
✔ MIG-BGSTAB-002 snapshot replacement body shares the checkpoint sole-writer deque (0.245601ms)
✔ TerminalView non-authoritative replay writes use a bounded same-xterm FIFO probe before releasing the lease (6.09337ms)
✔ TerminalView live output idle uses a bounded FIFO fallback and retires the proven scheduler write (0.299847ms)
✔ TerminalView suppresses parser replies during replay without silently dropping user onData (0.21998ms)
✔ Remount adapter RED — grace authority barrier (2.661402ms)
✔ Remount adapter RED — null-ref dispose ownership (0.377532ms)
✔ Remount adapter RED — normal path compatibility (0.315237ms)
✔ MIG-BGSTAB-002 late legacy snapshots cannot overwrite active checkpoint authority (0.93395ms)
✔ compatibility post-ACK convergence waits for matching ready and physical tail drain in either order (0.420679ms)
✔ compatibility post-ACK convergence rejects stale identity and covered output without opening ready (0.182745ms)
✔ compatibility post-ACK convergence permanently rejects drained duplicate IDs and decrements bytes exactly (0.916098ms)
✔ compatibility post-ACK convergence rejects duplicate and descending screen sequence before write admission (0.354569ms)
✔ compatibility progress timeout permits long draining tails but fails bounded inactivity (0.847851ms)
✔ restore-needed and snapshot authority proof is exact and fail-closed (0.244846ms)
✔ coalesced UTF-8 output expands to exact recovery chunks without losing identity (0.354308ms)
✔ coalesced recovery output rejects the whole batch before a later stale segment can partially apply (0.315507ms)
✔ visible recovery retry budget is bounded across transactions and resets only after convergence (0.523165ms)
✔ replacement authoritative identity bypasses duplicate content optimization while recovery is blocking (0.250507ms)
✔ checkpoint authority converges an initial authoritative restore without a prior snapshot (0.126391ms)
✔ visible output recovery retries failed replay sends before abandoning (0.237104ms)
✔ visible output recovery ignores duplicate overflow while pending and clears on finish (0.162627ms)
✔ visible output recovery keeps input blocked when abandoning a stale terminal view (0.168242ms)
✔ visible output recovery exposes a transport barrier while pending or stale (0.103923ms)
✔ Frontend stale/resync barrier RED 계약 — AC-2 (2.043117ms)
✔ Frontend stale/resync barrier RED 계약 — AC-5 (0.693152ms)
✔ Frontend stale/resync barrier RED 계약 — AC-10 (0.420941ms)
✔ visible output recovery seals terminal faults and releases held payloads (0.357423ms)
✔ visible output recovery drops a snapshot-covered late chunk before cap accounting (0.254312ms)
✔ visible resync output admission separates tagged recovery from normal live output (0.169623ms)
✔ visible output mutation fence keeps authoritative replacement last (0.430837ms)
✔ a text chunk is admitted and metered through the restore seam (2.009606ms)
✔ a Uint8Array chunk is dropped by the restore seam rather than admitted or re-encoded (0.457969ms)
✔ a ArrayBuffer chunk is dropped by the restore seam rather than admitted or re-encoded (0.206837ms)
✔ a DataView chunk is dropped by the restore seam rather than admitted or re-encoded (0.187922ms)
✔ a Int8Array chunk is dropped by the restore seam rather than admitted or re-encoded (1.238879ms)
✔ a number chunk is dropped by the restore seam rather than admitted or re-encoded (0.126018ms)
✔ a plain object chunk is dropped by the restore seam rather than admitted or re-encoded (0.14886ms)
✔ a boxed String chunk is dropped by the restore seam rather than admitted or re-encoded (0.124591ms)
✔ a dropped byte chunk does not burn its chunkId for a later text retry (0.365482ms)
✔ the seam overrides a caller-supplied transactionId with its own bound identity (0.28706ms)
✔ the seam rejects an empty text chunk on the same branch as bytes (0.174258ms)
✔ assertContiguousSegments matches its literal expectation on every case (1.278604ms)
✔ splitVisibleOutputSourceSegments matches the same literal expectation (0.413871ms)
✔ the case table exercises both outcomes (0.198872ms)
✔ extraction preserves the decoded output of a valid split (1.359657ms)
✔ boundary control — an invalid UTF-8 split is still rejected by the decoder, not the validator (0.239016ms)
ℹ tests 124
ℹ suites 0
ℹ pass 124
ℹ fail 0
ℹ cancelled 0
ℹ skipped 0
ℹ todo 0
ℹ duration_ms 242.903574
