[WS] WebSocket router initialized
[WS] Client connected: f3c65f76-c830-4b42-9ad1-c04890c3383e
[WS] Client disconnected: f3c65f76-c830-4b42-9ad1-c04890c3383e
[WS] WebSocket router initialized
[WS] Client connected: 3ff7920a-451e-49e2-8c90-82960899e0ef
[WS] Client disconnected: 3ff7920a-451e-49e2-8c90-82960899e0ef
[WS] Client disconnected: 3ff7920a-451e-49e2-8c90-82960899e0ef
[WS] WebSocket router initialized
[WS] Client connected: 32a6606c-03ba-454f-8220-77fa27394562
[WS] Client disconnected: 32a6606c-03ba-454f-8220-77fa27394562
[WS] Client disconnected: 32a6606c-03ba-454f-8220-77fa27394562
[WS] WebSocket router initialized
[WS] Client connected: fd996aa5-1238-4a38-93fa-bb66c8d04ca4
[WS] Client disconnected: fd996aa5-1238-4a38-93fa-bb66c8d04ca4
[WS] Client disconnected: fd996aa5-1238-4a38-93fa-bb66c8d04ca4
[WS] Client disconnected: fd996aa5-1238-4a38-93fa-bb66c8d04ca4
[WS] WebSocket router initialized
[WS] Client connected: 045980a1-7660-4429-91e6-53e876060c93
[WS] Client disconnected: 045980a1-7660-4429-91e6-53e876060c93
[WS] Client disconnected: 045980a1-7660-4429-91e6-53e876060c93
[WS] Client disconnected: 045980a1-7660-4429-91e6-53e876060c93
[WS] WebSocket router initialized
[WS] Client connected: 12b5f1fe-0f40-46c9-94a4-4c25718ba226
[WS] Client disconnected: 12b5f1fe-0f40-46c9-94a4-4c25718ba226
[WS] WebSocket router initialized
[WS] Client connected: d126cdb7-ef59-4203-85e5-37400077e622
[WS] Client disconnected: d126cdb7-ef59-4203-85e5-37400077e622
[WS] Client disconnected: d126cdb7-ef59-4203-85e5-37400077e622
[WS] WebSocket router initialized
[WS] Client connected: 6dfcbef0-3d0a-4e38-b7fe-1fbe71e3127c
[WS] Client disconnected: 6dfcbef0-3d0a-4e38-b7fe-1fbe71e3127c
[WS] WebSocket router initialized
[WS] Client connected: 9aff2ba4-adbe-46e3-a3bc-11ccac7a8667
[WS] Client disconnected: 9aff2ba4-adbe-46e3-a3bc-11ccac7a8667
[WS] Client disconnected: 9aff2ba4-adbe-46e3-a3bc-11ccac7a8667
[WS] WebSocket router initialized
[WS] Client connected: 8b37dc11-8342-48cb-8d23-ad212790d816
[WS] Client disconnected: 8b37dc11-8342-48cb-8d23-ad212790d816
[WS] Client disconnected: 8b37dc11-8342-48cb-8d23-ad212790d816
[WS] WebSocket router initialized
[WS] Client connected: b20f6134-189c-4133-ab65-abb9155e4a82
[WS] Client disconnected: b20f6134-189c-4133-ab65-abb9155e4a82
[WS] WebSocket router initialized
[WS] Client connected: cee0926c-7550-45ad-86cd-fd8bf15c67cc
[WS] Client disconnected: cee0926c-7550-45ad-86cd-fd8bf15c67cc
[WS] Client disconnected: cee0926c-7550-45ad-86cd-fd8bf15c67cc
[WS] WebSocket router initialized
[WS] Client connected: 5f402b46-aa5a-4cf4-9af1-91fe8d069107
[WS] Client disconnected: 5f402b46-aa5a-4cf4-9af1-91fe8d069107
[WS] Client disconnected: 5f402b46-aa5a-4cf4-9af1-91fe8d069107
[WS] WebSocket router initialized
[WS] Client connected: d24bf053-fa8e-483b-b34d-f1214031d5bd
[WS] Client disconnected: d24bf053-fa8e-483b-b34d-f1214031d5bd
[WS] Client disconnected: d24bf053-fa8e-483b-b34d-f1214031d5bd
[WS] WebSocket router initialized
[WS] Client connected: 45392e37-cb02-4698-afc2-5807087c8ff6
[WS] Client disconnected: 45392e37-cb02-4698-afc2-5807087c8ff6
[WS] WebSocket router initialized
[WS] Client connected: 9129518d-4cc3-40eb-b0e6-009ad1f2ec03
[WS] Client disconnected: 9129518d-4cc3-40eb-b0e6-009ad1f2ec03
[WS] Client disconnected: 9129518d-4cc3-40eb-b0e6-009ad1f2ec03
[WS] WebSocket router initialized
[WS] WebSocket router initialized
[WS] Client connected: 0797ea7a-2a25-4535-873e-1b59117f5ba1
[WS] Client disconnected: 0797ea7a-2a25-4535-873e-1b59117f5ba1
[WS] WebSocket router initialized
[WS] WebSocket router initialized
[WS] Client connected: b4b28ee8-b43f-4afb-8bd2-fcaad7a28cf4
[WS] Client disconnected: b4b28ee8-b43f-4afb-8bd2-fcaad7a28cf4
[WS] WebSocket router initialized
[WS] Client connected: b6ee21f6-3c16-40f2-a615-8a2722ad2e89
[WS] Client disconnected: b6ee21f6-3c16-40f2-a615-8a2722ad2e89
[WS] WebSocket router initialized
[WS] Client connected: 1190c624-e3ea-4649-a9b4-2a13ed5a185d
[WS] Client disconnected: 1190c624-e3ea-4649-a9b4-2a13ed5a185d
[WS] Client disconnected: 1190c624-e3ea-4649-a9b4-2a13ed5a185d
[WS] WebSocket router initialized
[WS] Client connected: ac7f6441-6bff-4619-9e75-fc26f141f9a1
[WS] Client disconnected: ac7f6441-6bff-4619-9e75-fc26f141f9a1
[WS] WebSocket router initialized
[WS] Client connected: 960738f0-7f4d-4794-ac8e-f3774ba905f3
[WS] Client disconnected: 960738f0-7f4d-4794-ac8e-f3774ba905f3
[WS] WebSocket router initialized
[WS] Client connected: 32afed3b-0c3e-4bff-9841-3d14709e7a08
[WS] Client disconnected: 32afed3b-0c3e-4bff-9841-3d14709e7a08
[WS] Client connected: c78a8b62-af30-4221-8e63-fc528e7d6dc5
[WS] Client disconnected: c78a8b62-af30-4221-8e63-fc528e7d6dc5
[WS] WebSocket router initialized
[WS] Client connected: 9ef8f841-1510-4412-b95c-18aa0eef09e4
[WS] Client disconnected: 9ef8f841-1510-4412-b95c-18aa0eef09e4
[WS] WebSocket router initialized
[WS] Client connected: cfba11f7-f257-414f-a7a2-495a5e5a75e3
[WS] WebSocket router initialized
[WS] Client connected: 90a0db82-b0c6-434c-8163-b9e38fd1629b
[WS] WebSocket router initialized
[WS] Client connected: 354588fc-bdf0-4250-a818-878cb6422716
[WS] WebSocket router initialized
[WS] Client connected: 4135b44c-3097-49b5-b5ff-7ffb26e82f43
[WS] WebSocket router initialized
[WS] Client connected: c03a8664-5dca-4310-a7c6-d72728635524
[WS] Client disconnected: cfba11f7-f257-414f-a7a2-495a5e5a75e3
[WS] Client disconnected: 90a0db82-b0c6-434c-8163-b9e38fd1629b
[WS] Client disconnected: 4135b44c-3097-49b5-b5ff-7ffb26e82f43
[WS] Client disconnected: c03a8664-5dca-4310-a7c6-d72728635524
[WS] Client disconnected: 354588fc-bdf0-4250-a818-878cb6422716
✔ WsRouter standalone wss.emit with injected split context returns control metadata and pair token (4.260854ms)
⚠ WsRouter split output connection does not handle subscribe traffic (6.754964ms) # Wave-1 production unified limitation characterization
✔ PERF-BGSTAB-010 AC-6 old output pair ACK rejection 계약 부재 때문에 실패 (1.277457ms)
⚠ WsRouter split duplicate output connection closes and removes the previous output socket (0.786804ms) # Wave-1 production unified limitation characterization
⚠ WsRouter split duplicate output connection reroutes queued output before replacement (1.591463ms) # Wave-1 production unified limitation characterization
⚠ WsRouter split output pairing rejects wrong token, wrong identity, and expired pair token (0.340898ms) # Wave-1 production unified limitation characterization
⚠ WsRouter split routes terminal output through paired output socket (0.777177ms) # Wave-1 production unified limitation characterization
✔ WsRouter split falls back to control socket when output socket is absent (0.806323ms)
⚠ WsRouter split sends replay snapshot on output and accepts ACK on control (0.810665ms) # Wave-1 production unified limitation characterization
⚠ WsRouter split recovers replay snapshot on control when output closes before ACK (0.788023ms) # Wave-1 production unified limitation characterization
✔ WsRouter split-shadow output close does not force control replay recovery (0.483753ms)
⚠ WsRouter split sends screen repair payload on output and accepts repair ACK on control (0.984892ms) # Wave-1 production unified limitation characterization
⚠ WsRouter split preserves screen repair queued output behind fallback recovery snapshot (0.677288ms) # Wave-1 production unified limitation characterization
⚠ WsRouter split reroutes queued output to control when output socket queue overflows (0.910426ms) # Wave-1 production unified limitation characterization
⚠ WsRouter split reroutes current output to control when output socket hits hard limit (0.507661ms) # Wave-1 production unified limitation characterization
⚠ WsRouter split reroutes queued output to control when output socket closes (0.560391ms) # Wave-3 split client-group routing; Wave 2 preserves the standalone split limitation (REL-BGSTAB-008 AC-10)
⚠ WsRouter split preserves rerouted output behind fallback recovery snapshot (0.542811ms) # Wave-1 production unified limitation characterization
✔ MIG-BGSTAB-002 authority control reply selects the open socket when a stale duplicate connection remains (0.442959ms)
✔ MIG-BGSTAB-002 responder topology requires an open paired output lane only in split mode (0.495633ms)
✔ MIG-BGSTAB-002 responder topology selects only the newest open hard-reload control socket (0.851062ms)
✔ MIG-BGSTAB-002 authoritative replay ACK is backfilled when checkpoint negotiation follows replay (1.198769ms)
✔ MIG-BGSTAB-002 queued replay tail requires a fresh zero-tail authoritative ACK (0.671172ms)
✔ MIG-BGSTAB-002 replaced retained model reacquires server recovery ACK before promotion (1.224986ms)
✔ Repair queue·protocol RED 계약 — AC-2 (1.063978ms)
✔ Repair queue·protocol RED 계약 — AC-4 (1.228995ms)
✔ Repair queue·protocol RED 계약 — AC-6 (1.003395ms)
✔ Repair queue·protocol RED 계약 — AC-9 (0.570211ms)
✔ Repair queue·protocol RED 계약 — AC-11 (2.50017ms)
ℹ tests 28
ℹ suites 0
ℹ pass 15
ℹ fail 0
ℹ cancelled 0
ℹ skipped 0
ℹ todo 13
ℹ duration_ms 1738.152221

✖ failing tests:

test at src/ws/WsRouterSplitHandshake.test.ts:1:3755
⚠ WsRouter split output connection does not handle subscribe traffic (6.754964ms) # Wave-1 production unified limitation characterization
  AssertionError [ERR_ASSERTION]: Expected values to be strictly equal:
  
  3 !== 1
  
      at TestContext.<anonymous> (/mnt/c/work/git/_Snoworca/ProjectMaster-issue2-20260916/server/src/ws/WsRouterSplitHandshake.test.ts:178:12)
      at Test.runInAsyncScope (node:async_hooks:227:14)
      at Test.run (node:internal/test_runner/test:1402:25)
      at Test.processPendingSubtests (node:internal/test_runner/test:974:18)
      at Test.postRun (node:internal/test_runner/test:1542:19)
      at Test.run (node:internal/test_runner/test:1467:12)
      at async startSubtestAfterBootstrap (node:internal/test_runner/harness:387:3) {
    generatedMessage: true,
    code: 'ERR_ASSERTION',
    actual: 3,
    expected: 1,
    operator: 'strictEqual',
    diff: 'simple'
  }

test at src/ws/WsRouterSplitHandshake.test.ts:1:5649
⚠ WsRouter split duplicate output connection closes and removes the previous output socket (0.786804ms) # Wave-1 production unified limitation characterization
  AssertionError [ERR_ASSERTION]: Expected values to be strictly equal:
  
  true !== false
  
      at TestContext.<anonymous> (/mnt/c/work/git/_Snoworca/ProjectMaster-issue2-20260916/server/src/ws/WsRouterSplitHandshake.test.ts:261:12)
      at Test.runInAsyncScope (node:async_hooks:227:14)
      at Test.run (node:internal/test_runner/test:1402:25)
      at Test.processPendingSubtests (node:internal/test_runner/test:974:18)
      at Test.postRun (node:internal/test_runner/test:1542:19)
      at Test.run (node:internal/test_runner/test:1467:12)
      at async Test.processPendingSubtests (node:internal/test_runner/test:974:7) {
    generatedMessage: true,
    code: 'ERR_ASSERTION',
    actual: true,
    expected: false,
    operator: 'strictEqual',
    diff: 'simple'
  }

test at src/ws/WsRouterSplitHandshake.test.ts:1:6667
⚠ WsRouter split duplicate output connection reroutes queued output before replacement (1.591463ms) # Wave-1 production unified limitation characterization
  AssertionError [ERR_ASSERTION]: Expected values to be strictly equal:
  
  0 !== 1
  
      at TestContext.<anonymous> (/mnt/c/work/git/_Snoworca/ProjectMaster-issue2-20260916/server/src/ws/WsRouterSplitHandshake.test.ts:324:12)
      at Test.runInAsyncScope (node:async_hooks:227:14)
      at Test.run (node:internal/test_runner/test:1402:25)
      at Test.processPendingSubtests (node:internal/test_runner/test:974:18)
      at Test.postRun (node:internal/test_runner/test:1542:19)
      at Test.run (node:internal/test_runner/test:1467:12)
      at async Test.processPendingSubtests (node:internal/test_runner/test:974:7) {
    generatedMessage: true,
    code: 'ERR_ASSERTION',
    actual: 0,
    expected: 1,
    operator: 'strictEqual',
    diff: 'simple'
  }

test at src/ws/WsRouterSplitHandshake.test.ts:1:9284
⚠ WsRouter split output pairing rejects wrong token, wrong identity, and expired pair token (0.340898ms) # Wave-1 production unified limitation characterization
  TypeError: router.isValidSplitOutputPair is not a function
      at TestContext.<anonymous> (/mnt/c/work/git/_Snoworca/ProjectMaster-issue2-20260916/server/src/ws/WsRouterSplitHandshake.test.ts:361:34)
      at Test.runInAsyncScope (node:async_hooks:227:14)
      at Test.run (node:internal/test_runner/test:1402:25)
      at Test.processPendingSubtests (node:internal/test_runner/test:974:18)
      at Test.postRun (node:internal/test_runner/test:1542:19)
      at Test.run (node:internal/test_runner/test:1467:12)
      at async Test.processPendingSubtests (node:internal/test_runner/test:974:7)

test at src/ws/WsRouterSplitHandshake.test.ts:1:10443
⚠ WsRouter split routes terminal output through paired output socket (0.777177ms) # Wave-1 production unified limitation characterization
  AssertionError [ERR_ASSERTION]: Expected values to be strictly equal:
  
  1 !== 2
  
      at TestContext.<anonymous> (/mnt/c/work/git/_Snoworca/ProjectMaster-issue2-20260916/server/src/ws/WsRouterSplitHandshake.test.ts:426:12)
      at Test.runInAsyncScope (node:async_hooks:227:14)
      at Test.run (node:internal/test_runner/test:1402:25)
      at Test.processPendingSubtests (node:internal/test_runner/test:974:18)
      at Test.postRun (node:internal/test_runner/test:1542:19)
      at Test.run (node:internal/test_runner/test:1467:12)
      at async Test.processPendingSubtests (node:internal/test_runner/test:974:7) {
    generatedMessage: true,
    code: 'ERR_ASSERTION',
    actual: 1,
    expected: 2,
    operator: 'strictEqual',
    diff: 'simple'
  }

test at src/ws/WsRouterSplitHandshake.test.ts:1:12429
⚠ WsRouter split sends replay snapshot on output and accepts ACK on control (0.810665ms) # Wave-1 production unified limitation characterization
  AssertionError [ERR_ASSERTION]: Expected values to be strictly equal:
  + actual - expected
  
  + undefined
  - 'screen-snapshot'
  
      at TestContext.<anonymous> (/mnt/c/work/git/_Snoworca/ProjectMaster-issue2-20260916/server/src/ws/WsRouterSplitHandshake.test.ts:500:12)
      at Test.runInAsyncScope (node:async_hooks:227:14)
      at Test.run (node:internal/test_runner/test:1402:25)
      at Test.processPendingSubtests (node:internal/test_runner/test:974:18)
      at Test.postRun (node:internal/test_runner/test:1542:19)
      at Test.run (node:internal/test_runner/test:1467:12)
      at async Test.processPendingSubtests (node:internal/test_runner/test:974:7) {
    generatedMessage: true,
    code: 'ERR_ASSERTION',
    actual: undefined,
    expected: 'screen-snapshot',
    operator: 'strictEqual',
    diff: 'simple'
  }

test at src/ws/WsRouterSplitHandshake.test.ts:1:13925
⚠ WsRouter split recovers replay snapshot on control when output closes before ACK (0.788023ms) # Wave-1 production unified limitation characterization
  AssertionError [ERR_ASSERTION]: Expected values to be strictly equal:
  
  false !== true
  
      at TestContext.<anonymous> (/mnt/c/work/git/_Snoworca/ProjectMaster-issue2-20260916/server/src/ws/WsRouterSplitHandshake.test.ts:547:12)
      at Test.runInAsyncScope (node:async_hooks:227:14)
      at Test.run (node:internal/test_runner/test:1402:25)
      at Test.processPendingSubtests (node:internal/test_runner/test:974:18)
      at Test.postRun (node:internal/test_runner/test:1542:19)
      at Test.run (node:internal/test_runner/test:1467:12)
      at async Test.processPendingSubtests (node:internal/test_runner/test:974:7) {
    generatedMessage: true,
    code: 'ERR_ASSERTION',
    actual: false,
    expected: true,
    operator: 'strictEqual',
    diff: 'simple'
  }

test at src/ws/WsRouterSplitHandshake.test.ts:1:16289
⚠ WsRouter split sends screen repair payload on output and accepts repair ACK on control (0.984892ms) # Wave-1 production unified limitation characterization
  AssertionError [ERR_ASSERTION]: Expected values to be strictly equal:
  + actual - expected
  
  + undefined
  - 'screen-repair'
  
      at TestContext.<anonymous> (/mnt/c/work/git/_Snoworca/ProjectMaster-issue2-20260916/server/src/ws/WsRouterSplitHandshake.test.ts:639:12)
      at async Test.run (node:internal/test_runner/test:1409:7)
      at async Test.processPendingSubtests (node:internal/test_runner/test:974:7) {
    generatedMessage: true,
    code: 'ERR_ASSERTION',
    actual: undefined,
    expected: 'screen-repair',
    operator: 'strictEqual',
    diff: 'simple'
  }

test at src/ws/WsRouterSplitHandshake.test.ts:1:17891
⚠ WsRouter split preserves screen repair queued output behind fallback recovery snapshot (0.677288ms) # Wave-1 production unified limitation characterization
  AssertionError [ERR_ASSERTION]: Expected values to be strictly equal:
  + actual - expected
  
  + undefined
  - 'fallback'
  
      at TestContext.<anonymous> (/mnt/c/work/git/_Snoworca/ProjectMaster-issue2-20260916/server/src/ws/WsRouterSplitHandshake.test.ts:692:12)
      at Test.runInAsyncScope (node:async_hooks:227:14)
      at Test.run (node:internal/test_runner/test:1402:25)
      at Test.processPendingSubtests (node:internal/test_runner/test:974:18)
      at Test.postRun (node:internal/test_runner/test:1542:19)
      at Test.run (node:internal/test_runner/test:1467:12)
      at async Test.processPendingSubtests (node:internal/test_runner/test:974:7) {
    generatedMessage: true,
    code: 'ERR_ASSERTION',
    actual: undefined,
    expected: 'fallback',
    operator: 'strictEqual',
    diff: 'simple'
  }

test at src/ws/WsRouterSplitHandshake.test.ts:1:20085
⚠ WsRouter split reroutes queued output to control when output socket queue overflows (0.910426ms) # Wave-1 production unified limitation characterization
  AssertionError [ERR_ASSERTION]: Expected values to be strictly equal:
  
  0 !== 2
  
      at TestContext.<anonymous> (/mnt/c/work/git/_Snoworca/ProjectMaster-issue2-20260916/server/src/ws/WsRouterSplitHandshake.test.ts:785:12)
      at Test.runInAsyncScope (node:async_hooks:227:14)
      at Test.run (node:internal/test_runner/test:1402:25)
      at Test.processPendingSubtests (node:internal/test_runner/test:974:18)
      at Test.postRun (node:internal/test_runner/test:1542:19)
      at Test.run (node:internal/test_runner/test:1467:12)
      at async Test.processPendingSubtests (node:internal/test_runner/test:974:7) {
    generatedMessage: true,
    code: 'ERR_ASSERTION',
    actual: 0,
    expected: 2,
    operator: 'strictEqual',
    diff: 'simple'
  }

test at src/ws/WsRouterSplitHandshake.test.ts:1:21639
⚠ WsRouter split reroutes current output to control when output socket hits hard limit (0.507661ms) # Wave-1 production unified limitation characterization
  ZodError: [
    {
      "code": "custom",
      "path": [
        "serverBufferedHardLimitBytes"
      ],
      "message": "serverBufferedHardLimitBytes must be greater than serverBufferedHighWaterBytes"
    }
  ]
      at new WsRouter (/mnt/c/work/git/_Snoworca/ProjectMaster-issue2-20260916/server/src/ws/WsRouter.ts:655:66)
      at createRouter (/mnt/c/work/git/_Snoworca/ProjectMaster-issue2-20260916/server/src/ws/WsRouterSplitHandshake.test.ts:118:10)
      at TestContext.<anonymous> (/mnt/c/work/git/_Snoworca/ProjectMaster-issue2-20260916/server/src/ws/WsRouterSplitHandshake.test.ts:796:18)
      at Test.runInAsyncScope (node:async_hooks:227:14)
      at Test.run (node:internal/test_runner/test:1402:25)
      at Test.processPendingSubtests (node:internal/test_runner/test:974:18)
      at Test.postRun (node:internal/test_runner/test:1542:19)
      at Test.run (node:internal/test_runner/test:1467:12)
      at async Test.processPendingSubtests (node:internal/test_runner/test:974:7)

test at src/ws/WsRouterSplitHandshake.test.ts:1:22877
⚠ WsRouter split reroutes queued output to control when output socket closes (0.560391ms) # Wave-3 split client-group routing; Wave 2 preserves the standalone split limitation (REL-BGSTAB-008 AC-10)
  AssertionError [ERR_ASSERTION]: Expected values to be strictly equal:
  
  0 !== 1
  
      at TestContext.<anonymous> (/mnt/c/work/git/_Snoworca/ProjectMaster-issue2-20260916/server/src/ws/WsRouterSplitHandshake.test.ts:887:12)
      at Test.runInAsyncScope (node:async_hooks:227:14)
      at Test.run (node:internal/test_runner/test:1402:25)
      at Test.processPendingSubtests (node:internal/test_runner/test:974:18)
      at Test.postRun (node:internal/test_runner/test:1542:19)
      at Test.run (node:internal/test_runner/test:1467:12)
      at async Test.processPendingSubtests (node:internal/test_runner/test:974:7) {
    generatedMessage: true,
    code: 'ERR_ASSERTION',
    actual: 0,
    expected: 1,
    operator: 'strictEqual',
    diff: 'simple'
  }

test at src/ws/WsRouterSplitHandshake.test.ts:1:24246
⚠ WsRouter split preserves rerouted output behind fallback recovery snapshot (0.542811ms) # Wave-1 production unified limitation characterization
  AssertionError [ERR_ASSERTION]: Expected values to be strictly equal:
  + actual - expected
  
  + undefined
  - 'fallback'
  
      at TestContext.<anonymous> (/mnt/c/work/git/_Snoworca/ProjectMaster-issue2-20260916/server/src/ws/WsRouterSplitHandshake.test.ts:934:12)
      at Test.runInAsyncScope (node:async_hooks:227:14)
      at Test.run (node:internal/test_runner/test:1402:25)
      at Test.processPendingSubtests (node:internal/test_runner/test:974:18)
      at Test.postRun (node:internal/test_runner/test:1542:19)
      at Test.run (node:internal/test_runner/test:1467:12)
      at async Test.processPendingSubtests (node:internal/test_runner/test:974:7) {
    generatedMessage: true,
    code: 'ERR_ASSERTION',
    actual: undefined,
    expected: 'fallback',
    operator: 'strictEqual',
    diff: 'simple'
  }
