[WS] WebSocket router initialized
[WS] Client connected: bd7fc555-b389-49b6-a2ee-368d403a4842
[WS] Client disconnected: bd7fc555-b389-49b6-a2ee-368d403a4842
[WS] WebSocket router initialized
[WS] Client connected: 716ae16c-5f5d-4e9a-b12f-55d64710a05f
[WS] Client disconnected: 716ae16c-5f5d-4e9a-b12f-55d64710a05f
[WS] Client disconnected: 716ae16c-5f5d-4e9a-b12f-55d64710a05f
[WS] WebSocket router initialized
[WS] Client connected: e08424e3-8600-4f47-8748-42c0b635fa64
[WS] Client disconnected: e08424e3-8600-4f47-8748-42c0b635fa64
[WS] Client disconnected: e08424e3-8600-4f47-8748-42c0b635fa64
[WS] WebSocket router initialized
[WS] Client connected: 4d41d6de-1c7f-4730-b578-800148413c55
[WS] Client disconnected: 4d41d6de-1c7f-4730-b578-800148413c55
[WS] Client disconnected: 4d41d6de-1c7f-4730-b578-800148413c55
[WS] Client disconnected: 4d41d6de-1c7f-4730-b578-800148413c55
[WS] WebSocket router initialized
[WS] Client connected: 630f0171-0f30-4cc9-82ac-c19728549ce1
[WS] Client disconnected: 630f0171-0f30-4cc9-82ac-c19728549ce1
[WS] Client disconnected: 630f0171-0f30-4cc9-82ac-c19728549ce1
[WS] Client disconnected: 630f0171-0f30-4cc9-82ac-c19728549ce1
[WS] WebSocket router initialized
[WS] Client connected: bbd53806-9182-43cf-b3c6-fc8b1b684a8e
[WS] Client disconnected: bbd53806-9182-43cf-b3c6-fc8b1b684a8e
[WS] WebSocket router initialized
[WS] Client connected: 7624d7bc-1a3d-4913-87f2-cd4758ed0e8a
[WS] Client disconnected: 7624d7bc-1a3d-4913-87f2-cd4758ed0e8a
[WS] Client disconnected: 7624d7bc-1a3d-4913-87f2-cd4758ed0e8a
[WS] WebSocket router initialized
[WS] Client connected: 1d44c6c7-f839-449b-9e35-4342896b0cae
[WS] Client disconnected: 1d44c6c7-f839-449b-9e35-4342896b0cae
[WS] WebSocket router initialized
[WS] Client connected: b442d9d6-d735-4b16-8bdb-c54bcbf0386f
[WS] Client disconnected: b442d9d6-d735-4b16-8bdb-c54bcbf0386f
[WS] Client disconnected: b442d9d6-d735-4b16-8bdb-c54bcbf0386f
[WS] WebSocket router initialized
[WS] Client connected: 6e940b98-0229-4097-bbcb-fcb8c32138a4
[WS] Client disconnected: 6e940b98-0229-4097-bbcb-fcb8c32138a4
[WS] Client disconnected: 6e940b98-0229-4097-bbcb-fcb8c32138a4
[WS] WebSocket router initialized
[WS] Client connected: 67013954-d328-41e4-926b-126ca5957f2d
[WS] Client disconnected: 67013954-d328-41e4-926b-126ca5957f2d
[WS] WebSocket router initialized
[WS] Client connected: de13e305-3bc1-4387-beeb-00685a2db63c
[WS] Client disconnected: de13e305-3bc1-4387-beeb-00685a2db63c
[WS] Client disconnected: de13e305-3bc1-4387-beeb-00685a2db63c
[WS] WebSocket router initialized
[WS] Client connected: 08c67578-6e5c-4114-b531-512ab972fec5
[WS] Client disconnected: 08c67578-6e5c-4114-b531-512ab972fec5
[WS] Client disconnected: 08c67578-6e5c-4114-b531-512ab972fec5
[WS] WebSocket router initialized
[WS] Client connected: 4a342e20-f18a-42eb-bcc4-107805a2fa21
[WS] Client disconnected: 4a342e20-f18a-42eb-bcc4-107805a2fa21
[WS] Client disconnected: 4a342e20-f18a-42eb-bcc4-107805a2fa21
[WS] WebSocket router initialized
[WS] Client connected: 88c3c81b-10a9-4056-829a-a51826af74d5
[WS] Client disconnected: 88c3c81b-10a9-4056-829a-a51826af74d5
[WS] WebSocket router initialized
[WS] Client connected: e312d114-a4ca-4363-82b7-d1f52ea0d6d3
[WS] Client disconnected: e312d114-a4ca-4363-82b7-d1f52ea0d6d3
[WS] Client disconnected: e312d114-a4ca-4363-82b7-d1f52ea0d6d3
[WS] WebSocket router initialized
[WS] WebSocket router initialized
[WS] Client connected: 349047b5-9a7c-4278-89cb-926ffcc4d7dc
[WS] Client disconnected: 349047b5-9a7c-4278-89cb-926ffcc4d7dc
[WS] WebSocket router initialized
[WS] WebSocket router initialized
[WS] Client connected: 76af3563-a99b-4e2d-9954-067477938d88
[WS] Client disconnected: 76af3563-a99b-4e2d-9954-067477938d88
[WS] WebSocket router initialized
[WS] Client connected: 20b83a11-f583-40c2-a43b-2a6409211467
[WS] Client disconnected: 20b83a11-f583-40c2-a43b-2a6409211467
[WS] WebSocket router initialized
[WS] Client connected: a0d9aa6c-1ef4-47ab-9399-61b32dad3a91
[WS] Client disconnected: a0d9aa6c-1ef4-47ab-9399-61b32dad3a91
[WS] Client disconnected: a0d9aa6c-1ef4-47ab-9399-61b32dad3a91
[WS] WebSocket router initialized
[WS] Client connected: d1934b25-ea97-4814-9a5d-2f5c92df61d8
[WS] Client disconnected: d1934b25-ea97-4814-9a5d-2f5c92df61d8
[WS] WebSocket router initialized
[WS] Client connected: c60ba212-46c0-47c8-83b9-287c2c6d9ee1
[WS] Client disconnected: c60ba212-46c0-47c8-83b9-287c2c6d9ee1
[WS] WebSocket router initialized
[WS] Client connected: 781585c8-1a60-456b-ac8f-969f974fedc2
[WS] Client disconnected: 781585c8-1a60-456b-ac8f-969f974fedc2
[WS] Client connected: 00ae9538-b558-41b8-b173-ae4fec970886
[WS] Client disconnected: 00ae9538-b558-41b8-b173-ae4fec970886
[WS] WebSocket router initialized
[WS] Client connected: e4135962-d5d3-48c2-afd8-77c1cc3f207f
[WS] Client disconnected: e4135962-d5d3-48c2-afd8-77c1cc3f207f
[WS] WebSocket router initialized
[WS] Client connected: 74021fbc-5299-4468-a545-273ff90e733c
[WS] WebSocket router initialized
[WS] Client connected: f9760bc6-d605-4615-93a4-434a023d4f84
[WS] WebSocket router initialized
[WS] Client connected: 323c6eab-467b-461c-a6a2-53d6fdb21ca0
[WS] WebSocket router initialized
[WS] Client connected: 8ebe0d0d-c91a-4102-a15a-b5f3ea47f4ff
[WS] WebSocket router initialized
[WS] Client connected: a1cfd817-491c-4bc7-bd6e-7cc1765703e8
[WS] Client disconnected: 74021fbc-5299-4468-a545-273ff90e733c
[WS] Client disconnected: f9760bc6-d605-4615-93a4-434a023d4f84
[WS] Client disconnected: 8ebe0d0d-c91a-4102-a15a-b5f3ea47f4ff
[WS] Client disconnected: a1cfd817-491c-4bc7-bd6e-7cc1765703e8
[WS] Client disconnected: 323c6eab-467b-461c-a6a2-53d6fdb21ca0
✔ WsRouter standalone wss.emit with injected split context returns control metadata and pair token (5.480876ms)
⚠ WsRouter split output connection does not handle subscribe traffic (9.901409ms) # Wave-1 production unified limitation characterization
✔ PERF-BGSTAB-010 AC-6 old output pair ACK rejection 계약 부재 때문에 실패 (1.615296ms)
⚠ WsRouter split duplicate output connection closes and removes the previous output socket (1.042151ms) # Wave-1 production unified limitation characterization
⚠ WsRouter split duplicate output connection reroutes queued output before replacement (1.998413ms) # Wave-1 production unified limitation characterization
⚠ WsRouter split output pairing rejects wrong token, wrong identity, and expired pair token (0.414172ms) # Wave-1 production unified limitation characterization
⚠ WsRouter split routes terminal output through paired output socket (1.137331ms) # Wave-1 production unified limitation characterization
✔ WsRouter split falls back to control socket when output socket is absent (0.942986ms)
⚠ WsRouter split sends replay snapshot on output and accepts ACK on control (1.015782ms) # Wave-1 production unified limitation characterization
⚠ WsRouter split recovers replay snapshot on control when output closes before ACK (1.013305ms) # Wave-1 production unified limitation characterization
✔ WsRouter split-shadow output close does not force control replay recovery (0.56105ms)
⚠ WsRouter split sends screen repair payload on output and accepts repair ACK on control (1.023212ms) # Wave-1 production unified limitation characterization
⚠ WsRouter split preserves screen repair queued output behind fallback recovery snapshot (0.695514ms) # Wave-1 production unified limitation characterization
⚠ WsRouter split reroutes queued output to control when output socket queue overflows (1.059024ms) # Wave-1 production unified limitation characterization
⚠ WsRouter split reroutes current output to control when output socket hits hard limit (0.489178ms) # Wave-1 production unified limitation characterization
⚠ WsRouter split reroutes queued output to control when output socket closes (0.609677ms) # Wave-3 split client-group routing; Wave 2 preserves the standalone split limitation (REL-BGSTAB-008 AC-10)
⚠ WsRouter split preserves rerouted output behind fallback recovery snapshot (0.696182ms) # Wave-1 production unified limitation characterization
✔ MIG-BGSTAB-002 authority control reply selects the open socket when a stale duplicate connection remains (0.465327ms)
✔ MIG-BGSTAB-002 responder topology requires an open paired output lane only in split mode (0.557155ms)
✔ MIG-BGSTAB-002 responder topology selects only the newest open hard-reload control socket (1.040044ms)
✔ MIG-BGSTAB-002 authoritative replay ACK is backfilled when checkpoint negotiation follows replay (1.609397ms)
✔ MIG-BGSTAB-002 queued replay tail requires a fresh zero-tail authoritative ACK (0.892889ms)
✔ MIG-BGSTAB-002 replaced retained model reacquires server recovery ACK before promotion (1.569033ms)
✔ Repair queue·protocol RED 계약 — AC-2 (1.141881ms)
✔ Repair queue·protocol RED 계약 — AC-4 (1.585382ms)
✔ Repair queue·protocol RED 계약 — AC-6 (1.23482ms)
✔ Repair queue·protocol RED 계약 — AC-9 (0.717978ms)
✔ Repair queue·protocol RED 계약 — AC-11 (3.304663ms)
ℹ tests 28
ℹ suites 0
ℹ pass 15
ℹ fail 0
ℹ cancelled 0
ℹ skipped 0
ℹ todo 13
ℹ duration_ms 2400.545038

✖ failing tests:

test at src/ws/WsRouterSplitHandshake.test.ts:1:3755
⚠ WsRouter split output connection does not handle subscribe traffic (9.901409ms) # Wave-1 production unified limitation characterization
  AssertionError [ERR_ASSERTION]: Expected values to be strictly equal:
  
  3 !== 1
  
      at TestContext.<anonymous> (/mnt/c/work/git/_Snoworca/ProjectMaster-issue2-20260916/server/src/ws/WsRouterSplitHandshake.test.ts:178:12)
      at Test.runInAsyncScope (node:async_hooks:227:14)
      at Test.run (node:internal/test_runner/test:1402:25)
      at Test.processPendingSubtests (node:internal/test_runner/test:974:18)
      at Test.postRun (node:internal/test_runner/test:1542:19)
      at Test.run (node:internal/test_runner/test:1467:12)
      at async startSubtestAfterBootstrap (node:internal/test_runner/harness:387:3) {
    generatedMessage: true,
    code: 'ERR_ASSERTION',
    actual: 3,
    expected: 1,
    operator: 'strictEqual',
    diff: 'simple'
  }

test at src/ws/WsRouterSplitHandshake.test.ts:1:5649
⚠ WsRouter split duplicate output connection closes and removes the previous output socket (1.042151ms) # Wave-1 production unified limitation characterization
  AssertionError [ERR_ASSERTION]: Expected values to be strictly equal:
  
  true !== false
  
      at TestContext.<anonymous> (/mnt/c/work/git/_Snoworca/ProjectMaster-issue2-20260916/server/src/ws/WsRouterSplitHandshake.test.ts:261:12)
      at Test.runInAsyncScope (node:async_hooks:227:14)
      at Test.run (node:internal/test_runner/test:1402:25)
      at Test.processPendingSubtests (node:internal/test_runner/test:974:18)
      at Test.postRun (node:internal/test_runner/test:1542:19)
      at Test.run (node:internal/test_runner/test:1467:12)
      at async Test.processPendingSubtests (node:internal/test_runner/test:974:7) {
    generatedMessage: true,
    code: 'ERR_ASSERTION',
    actual: true,
    expected: false,
    operator: 'strictEqual',
    diff: 'simple'
  }

test at src/ws/WsRouterSplitHandshake.test.ts:1:6667
⚠ WsRouter split duplicate output connection reroutes queued output before replacement (1.998413ms) # Wave-1 production unified limitation characterization
  AssertionError [ERR_ASSERTION]: Expected values to be strictly equal:
  
  0 !== 1
  
      at TestContext.<anonymous> (/mnt/c/work/git/_Snoworca/ProjectMaster-issue2-20260916/server/src/ws/WsRouterSplitHandshake.test.ts:324:12)
      at Test.runInAsyncScope (node:async_hooks:227:14)
      at Test.run (node:internal/test_runner/test:1402:25)
      at Test.processPendingSubtests (node:internal/test_runner/test:974:18)
      at Test.postRun (node:internal/test_runner/test:1542:19)
      at Test.run (node:internal/test_runner/test:1467:12)
      at async Test.processPendingSubtests (node:internal/test_runner/test:974:7) {
    generatedMessage: true,
    code: 'ERR_ASSERTION',
    actual: 0,
    expected: 1,
    operator: 'strictEqual',
    diff: 'simple'
  }

test at src/ws/WsRouterSplitHandshake.test.ts:1:9284
⚠ WsRouter split output pairing rejects wrong token, wrong identity, and expired pair token (0.414172ms) # Wave-1 production unified limitation characterization
  TypeError: router.isValidSplitOutputPair is not a function
      at TestContext.<anonymous> (/mnt/c/work/git/_Snoworca/ProjectMaster-issue2-20260916/server/src/ws/WsRouterSplitHandshake.test.ts:361:34)
      at Test.runInAsyncScope (node:async_hooks:227:14)
      at Test.run (node:internal/test_runner/test:1402:25)
      at Test.processPendingSubtests (node:internal/test_runner/test:974:18)
      at Test.postRun (node:internal/test_runner/test:1542:19)
      at Test.run (node:internal/test_runner/test:1467:12)
      at async Test.processPendingSubtests (node:internal/test_runner/test:974:7)

test at src/ws/WsRouterSplitHandshake.test.ts:1:10443
⚠ WsRouter split routes terminal output through paired output socket (1.137331ms) # Wave-1 production unified limitation characterization
  AssertionError [ERR_ASSERTION]: Expected values to be strictly equal:
  
  1 !== 2
  
      at TestContext.<anonymous> (/mnt/c/work/git/_Snoworca/ProjectMaster-issue2-20260916/server/src/ws/WsRouterSplitHandshake.test.ts:426:12)
      at Test.runInAsyncScope (node:async_hooks:227:14)
      at Test.run (node:internal/test_runner/test:1402:25)
      at Test.processPendingSubtests (node:internal/test_runner/test:974:18)
      at Test.postRun (node:internal/test_runner/test:1542:19)
      at Test.run (node:internal/test_runner/test:1467:12)
      at async Test.processPendingSubtests (node:internal/test_runner/test:974:7) {
    generatedMessage: true,
    code: 'ERR_ASSERTION',
    actual: 1,
    expected: 2,
    operator: 'strictEqual',
    diff: 'simple'
  }

test at src/ws/WsRouterSplitHandshake.test.ts:1:12429
⚠ WsRouter split sends replay snapshot on output and accepts ACK on control (1.015782ms) # Wave-1 production unified limitation characterization
  AssertionError [ERR_ASSERTION]: Expected values to be strictly equal:
  + actual - expected
  
  + undefined
  - 'screen-snapshot'
  
      at TestContext.<anonymous> (/mnt/c/work/git/_Snoworca/ProjectMaster-issue2-20260916/server/src/ws/WsRouterSplitHandshake.test.ts:500:12)
      at Test.runInAsyncScope (node:async_hooks:227:14)
      at Test.run (node:internal/test_runner/test:1402:25)
      at Test.processPendingSubtests (node:internal/test_runner/test:974:18)
      at Test.postRun (node:internal/test_runner/test:1542:19)
      at Test.run (node:internal/test_runner/test:1467:12)
      at async Test.processPendingSubtests (node:internal/test_runner/test:974:7) {
    generatedMessage: true,
    code: 'ERR_ASSERTION',
    actual: undefined,
    expected: 'screen-snapshot',
    operator: 'strictEqual',
    diff: 'simple'
  }

test at src/ws/WsRouterSplitHandshake.test.ts:1:13925
⚠ WsRouter split recovers replay snapshot on control when output closes before ACK (1.013305ms) # Wave-1 production unified limitation characterization
  AssertionError [ERR_ASSERTION]: Expected values to be strictly equal:
  
  false !== true
  
      at TestContext.<anonymous> (/mnt/c/work/git/_Snoworca/ProjectMaster-issue2-20260916/server/src/ws/WsRouterSplitHandshake.test.ts:547:12)
      at Test.runInAsyncScope (node:async_hooks:227:14)
      at Test.run (node:internal/test_runner/test:1402:25)
      at Test.processPendingSubtests (node:internal/test_runner/test:974:18)
      at Test.postRun (node:internal/test_runner/test:1542:19)
      at Test.run (node:internal/test_runner/test:1467:12)
      at async Test.processPendingSubtests (node:internal/test_runner/test:974:7) {
    generatedMessage: true,
    code: 'ERR_ASSERTION',
    actual: false,
    expected: true,
    operator: 'strictEqual',
    diff: 'simple'
  }

test at src/ws/WsRouterSplitHandshake.test.ts:1:16289
⚠ WsRouter split sends screen repair payload on output and accepts repair ACK on control (1.023212ms) # Wave-1 production unified limitation characterization
  AssertionError [ERR_ASSERTION]: Expected values to be strictly equal:
  + actual - expected
  
  + undefined
  - 'screen-repair'
  
      at TestContext.<anonymous> (/mnt/c/work/git/_Snoworca/ProjectMaster-issue2-20260916/server/src/ws/WsRouterSplitHandshake.test.ts:639:12)
      at async Test.run (node:internal/test_runner/test:1409:7)
      at async Test.processPendingSubtests (node:internal/test_runner/test:974:7) {
    generatedMessage: true,
    code: 'ERR_ASSERTION',
    actual: undefined,
    expected: 'screen-repair',
    operator: 'strictEqual',
    diff: 'simple'
  }

test at src/ws/WsRouterSplitHandshake.test.ts:1:17891
⚠ WsRouter split preserves screen repair queued output behind fallback recovery snapshot (0.695514ms) # Wave-1 production unified limitation characterization
  AssertionError [ERR_ASSERTION]: Expected values to be strictly equal:
  + actual - expected
  
  + undefined
  - 'fallback'
  
      at TestContext.<anonymous> (/mnt/c/work/git/_Snoworca/ProjectMaster-issue2-20260916/server/src/ws/WsRouterSplitHandshake.test.ts:692:12)
      at Test.runInAsyncScope (node:async_hooks:227:14)
      at Test.run (node:internal/test_runner/test:1402:25)
      at Test.processPendingSubtests (node:internal/test_runner/test:974:18)
      at Test.postRun (node:internal/test_runner/test:1542:19)
      at Test.run (node:internal/test_runner/test:1467:12)
      at async Test.processPendingSubtests (node:internal/test_runner/test:974:7) {
    generatedMessage: true,
    code: 'ERR_ASSERTION',
    actual: undefined,
    expected: 'fallback',
    operator: 'strictEqual',
    diff: 'simple'
  }

test at src/ws/WsRouterSplitHandshake.test.ts:1:20085
⚠ WsRouter split reroutes queued output to control when output socket queue overflows (1.059024ms) # Wave-1 production unified limitation characterization
  AssertionError [ERR_ASSERTION]: Expected values to be strictly equal:
  
  0 !== 2
  
      at TestContext.<anonymous> (/mnt/c/work/git/_Snoworca/ProjectMaster-issue2-20260916/server/src/ws/WsRouterSplitHandshake.test.ts:785:12)
      at Test.runInAsyncScope (node:async_hooks:227:14)
      at Test.run (node:internal/test_runner/test:1402:25)
      at Test.processPendingSubtests (node:internal/test_runner/test:974:18)
      at Test.postRun (node:internal/test_runner/test:1542:19)
      at Test.run (node:internal/test_runner/test:1467:12)
      at async Test.processPendingSubtests (node:internal/test_runner/test:974:7) {
    generatedMessage: true,
    code: 'ERR_ASSERTION',
    actual: 0,
    expected: 2,
    operator: 'strictEqual',
    diff: 'simple'
  }

test at src/ws/WsRouterSplitHandshake.test.ts:1:21639
⚠ WsRouter split reroutes current output to control when output socket hits hard limit (0.489178ms) # Wave-1 production unified limitation characterization
  ZodError: [
    {
      "code": "custom",
      "path": [
        "serverBufferedHardLimitBytes"
      ],
      "message": "serverBufferedHardLimitBytes must be greater than serverBufferedHighWaterBytes"
    }
  ]
      at new WsRouter (/mnt/c/work/git/_Snoworca/ProjectMaster-issue2-20260916/server/src/ws/WsRouter.ts:655:66)
      at createRouter (/mnt/c/work/git/_Snoworca/ProjectMaster-issue2-20260916/server/src/ws/WsRouterSplitHandshake.test.ts:118:10)
      at TestContext.<anonymous> (/mnt/c/work/git/_Snoworca/ProjectMaster-issue2-20260916/server/src/ws/WsRouterSplitHandshake.test.ts:796:18)
      at Test.runInAsyncScope (node:async_hooks:227:14)
      at Test.run (node:internal/test_runner/test:1402:25)
      at Test.processPendingSubtests (node:internal/test_runner/test:974:18)
      at Test.postRun (node:internal/test_runner/test:1542:19)
      at Test.run (node:internal/test_runner/test:1467:12)
      at async Test.processPendingSubtests (node:internal/test_runner/test:974:7)

test at src/ws/WsRouterSplitHandshake.test.ts:1:22877
⚠ WsRouter split reroutes queued output to control when output socket closes (0.609677ms) # Wave-3 split client-group routing; Wave 2 preserves the standalone split limitation (REL-BGSTAB-008 AC-10)
  AssertionError [ERR_ASSERTION]: Expected values to be strictly equal:
  
  0 !== 1
  
      at TestContext.<anonymous> (/mnt/c/work/git/_Snoworca/ProjectMaster-issue2-20260916/server/src/ws/WsRouterSplitHandshake.test.ts:887:12)
      at Test.runInAsyncScope (node:async_hooks:227:14)
      at Test.run (node:internal/test_runner/test:1402:25)
      at Test.processPendingSubtests (node:internal/test_runner/test:974:18)
      at Test.postRun (node:internal/test_runner/test:1542:19)
      at Test.run (node:internal/test_runner/test:1467:12)
      at async Test.processPendingSubtests (node:internal/test_runner/test:974:7) {
    generatedMessage: true,
    code: 'ERR_ASSERTION',
    actual: 0,
    expected: 1,
    operator: 'strictEqual',
    diff: 'simple'
  }

test at src/ws/WsRouterSplitHandshake.test.ts:1:24246
⚠ WsRouter split preserves rerouted output behind fallback recovery snapshot (0.696182ms) # Wave-1 production unified limitation characterization
  AssertionError [ERR_ASSERTION]: Expected values to be strictly equal:
  + actual - expected
  
  + undefined
  - 'fallback'
  
      at TestContext.<anonymous> (/mnt/c/work/git/_Snoworca/ProjectMaster-issue2-20260916/server/src/ws/WsRouterSplitHandshake.test.ts:934:12)
      at Test.runInAsyncScope (node:async_hooks:227:14)
      at Test.run (node:internal/test_runner/test:1402:25)
      at Test.processPendingSubtests (node:internal/test_runner/test:974:18)
      at Test.postRun (node:internal/test_runner/test:1542:19)
      at Test.run (node:internal/test_runner/test:1467:12)
      at async Test.processPendingSubtests (node:internal/test_runner/test:974:7) {
    generatedMessage: true,
    code: 'ERR_ASSERTION',
    actual: undefined,
    expected: 'fallback',
    operator: 'strictEqual',
    diff: 'simple'
  }
