src/editor/core/code-blocks.ts(69,5): error TS1294: This syntax is not allowed when 'erasableSyntaxOnly' is enabled.
src/editor/core/code-blocks.ts(70,5): error TS1294: This syntax is not allowed when 'erasableSyntaxOnly' is enabled.
src/editor/core/math-decoration.ts(17,5): error TS1294: This syntax is not allowed when 'erasableSyntaxOnly' is enabled.
src/editor/core/math-decoration.ts(18,5): error TS1294: This syntax is not allowed when 'erasableSyntaxOnly' is enabled.
src/editor/core/mermaid-blocks.ts(89,5): error TS1294: This syntax is not allowed when 'erasableSyntaxOnly' is enabled.
src/editor/core/mermaid-blocks.ts(90,5): error TS1294: This syntax is not allowed when 'erasableSyntaxOnly' is enabled.
src/editor/core/tag-decoration.ts(23,5): error TS1294: This syntax is not allowed when 'erasableSyntaxOnly' is enabled.
src/editor/core/tag-decoration.ts(24,5): error TS1294: This syntax is not allowed when 'erasableSyntaxOnly' is enabled.
src/editor/vendor/atomic-editor/image-blocks.ts(52,15): error TS1294: This syntax is not allowed when 'erasableSyntaxOnly' is enabled.
src/editor/vendor/atomic-editor/image-blocks.ts(52,37): error TS1294: This syntax is not allowed when 'erasableSyntaxOnly' is enabled.
src/editor/vendor/atomic-editor/inline-preview.ts(167,17): error TS1294: This syntax is not allowed when 'erasableSyntaxOnly' is enabled.
src/editor/vendor/atomic-editor/inline-preview.ts(270,15): error TS1294: This syntax is not allowed when 'erasableSyntaxOnly' is enabled.
src/editor/vendor/atomic-editor/table-widget.ts(657,15): error TS1294: This syntax is not allowed when 'erasableSyntaxOnly' is enabled.
src/editor/vendor/atomic-editor/table-widget.ts(657,43): error TS1294: This syntax is not allowed when 'erasableSyntaxOnly' is enabled.
src/editor/vendor/atomic-editor/wiki-links.ts(66,5): error TS1294: This syntax is not allowed when 'erasableSyntaxOnly' is enabled.
src/editor/vendor/atomic-editor/wiki-links.ts(67,5): error TS1294: This syntax is not allowed when 'erasableSyntaxOnly' is enabled.
src/editor/vendor/atomic-editor/wiki-links.ts(68,5): error TS1294: This syntax is not allowed when 'erasableSyntaxOnly' is enabled.
src/editor/vendor/atomic-editor/wiki-links.ts(95,5): error TS1294: This syntax is not allowed when 'erasableSyntaxOnly' is enabled.
src/editor/vendor/atomic-editor/wiki-links.ts(96,5): error TS1294: This syntax is not allowed when 'erasableSyntaxOnly' is enabled.
src/editor/vendor/atomic-editor/wiki-links.ts(97,5): error TS1294: This syntax is not allowed when 'erasableSyntaxOnly' is enabled.
src/editor/vendor/atomic-editor/wiki-links.ts(313,19): error TS1294: This syntax is not allowed when 'erasableSyntaxOnly' is enabled.
tests/e2e/wave3-terminal-authority-promotion.spec.ts(52,7): error TS6133: 'REPLY_DA1_CONPTY' is declared but its value is never read.
tests/e2e/wave3-terminal-authority-promotion.spec.ts(363,16): error TS6133: 'waitForSnapshot' is declared but its value is never read.
