✔ REL-BGSTAB-001 AC-3: the ownership E2E project references the vendored editor project (4.841271ms)
✔ REL-BGSTAB-001 AC-3: the promotion spec declares no never-read DA1/snapshot helpers (5.34397ms)
✔ REL-BGSTAB-001 AC-3: tsconfig.e2e-ownership.json typechecks with zero errors (7649.326518ms)
[e2e] workspaces: deleted=0, absent=0, failed=0
✔ B2 actual teardown never deletes a concurrent user workspace after successful setup (34.819445ms)
✔ B2 actual authentication setup failure is visible and grants no teardown authority (12.599586ms)
✔ B2 actual workspace-list setup failure is visible and grants no teardown authority (9.562268ms)
✔ REL001 actual fixture tracks UI and page-fetch responses and isolates sibling contexts/retries (124.12408ms)
✔ REL001 unrelated origin method and path cannot be adopted by live observer (29.426614ms)
✔ REL001 matching failed response never owns and remains observable (23.444544ms)
✔ REL001 matching malformed response never owns and remains observable (18.870382ms)
✔ REL001 matching service-worker response never owns and remains observable (19.158313ms)
✔ REL001 matching route-fulfilled response never owns and remains observable (14.329639ms)
✔ REL001 matching non-loopback response never owns and remains observable (15.78984ms)
✔ REL001 matching wrong-port response never owns and remains observable (16.379529ms)
✔ REL001 bracketed and bare loopback peer [::1] proves live traffic (16.058002ms)
✔ REL001 bracketed and bare loopback peer ::1 proves live traffic (14.213578ms)
✔ REL001 bracketed and bare loopback peer ::ffff:127.0.0.1 proves live traffic (15.76317ms)
✔ REL001 bracketed and bare loopback peer 127.0.0.1 proves live traffic (15.327957ms)
✔ REL001 bracketed non-loopback peer [2001:db8::1] never owns (16.679326ms)
✔ REL001 bracketed non-loopback peer [::ffff:192.0.2.1] never owns (11.904301ms)
✔ REL001 bracketed non-loopback peer [] never owns (12.260019ms)
✔ REL001 bracketed non-loopback peer [::1 never owns (12.474652ms)
✔ REL001 bracketed non-loopback peer ::1] never owns (11.550719ms)
✔ REL001 bracketed non-loopback peer [[::1]] never owns (15.735ms)
✔ REL001 bracketed non-loopback peer [::1%eth0] never owns (11.334944ms)
✔ REL001 bracketed non-loopback peer [::2] never owns (11.156781ms)
✔ REL001 cleanup and dispose await in-flight request response body and actual registry publication (13.118694ms)
✔ REL001 request failure is observable and never turns unknown creation into an owned ID (11.431473ms)
✔ REL001 actual API adapter publishes POST ID before returning and subsequent tab failure retains cleanup ownership (16.635244ms)
✔ REL001 API adapter rejects quota failure without adopting list IDs or evicting user workspaces (11.213448ms)
✔ REL001 API adapter validates registry run and owner before any POST (11.39726ms)
✔ REL001 automatic fixture rejects mismatched run metadata before user test execution (11.582098ms)
✔ REL001 captured actual base.extend auto fixture installs before use and cleans/disposes after failed test body (12.70402ms)
✔ REL001 mock-only workspace specs remain on base fixture and cannot collect synthetic ownership (7.2765ms)
✔ REL001 IPv6 loopback response is live and selected deletion preserves another workspace of the same owner (14.238016ms)
✔ REL001 automatic fixture exposes cleanup503 with body failure false and retains records (13.585406ms)
✔ REL001 automatic fixture exposes cleanup503 with body failure true and retains records (14.736389ms)
✔ REL001 explicit owned deletion removes only one workspace even when an owner has siblings (36.849998ms)
✔ REL001 explicit deletion refuses unowned and other-owner IDs without deleting any workspace (12.429299ms)
✔ REL001 explicit deletion rejects missing or invalid target and owner instead of sweeping the owner (6.245199ms)
✔ REL001 ownership registry uses successful direct POST response IDs and rejects invalid proofs (7.128858ms)
[e2e] workspaces: deleted=1, absent=0, failed=0
✔ REL001 owner cleanup preserves concurrent user and sibling; global teardown consumes only remaining proven IDs (8.818115ms)
✔ REL001 duplicate registration is idempotent and owner conflict cannot reassign cleanup authority (7.674615ms)
✔ REL001 independent process writers publish complete per-ID records without losing concurrent registrations (117.323379ms)
✔ REL001 auth fails closed before any workspace DELETE and preserves evidence (5.863038ms)
✔ REL001 list fails closed before any workspace DELETE and preserves evidence (6.559759ms)
✔ REL001 malformed-list fails closed before any workspace DELETE and preserves evidence (5.751662ms)
✔ REL001 corrupt-record fails closed before any workspace DELETE and preserves evidence (7.717685ms)
✔ REL001 partial-publication fails closed before any workspace DELETE and preserves evidence (7.182062ms)
✔ REL001 wrong-run fails closed before any workspace DELETE and preserves evidence (4.377941ms)
[e2e] workspaces: deleted=0, absent=0, failed=2
✔ REL001 DELETE errors retain failed IDs; 404 is absent and never counted as a deletion (11.478134ms)
✔ REL001 setup rejects authentication and list failures without publishing an empty ownership registry (1.730766ms)
✔ REL001 explicit null setup rejects before fetch or registry creation (1.472865ms)
✔ REL001 overlapping owner cleanup keeps TLS override until the last operation finishes (8.137586ms)
✔ B2 validation observes exactly one UI selected DELETE and restores global fetch (117.732599ms)
✔ B2 validation catches default core global-fetch DELETE during quota failure (36.316309ms)
✔ B2 validation aggregates attachment failure with original body error (27.799451ms)
✔ B2 validation final absence check detects a leaked successful UI ID (25.644531ms)
✔ B2 validation rejects capacity50 empty-state creation budget before UI/API creation (16.650987ms)
ℹ tests 59
ℹ suites 0
ℹ pass 59
ℹ fail 0
ℹ cancelled 0
ℹ skipped 0
ℹ todo 0
ℹ duration_ms 7768.109914
