✔ MIG-BGSTAB-002 recovery-pending user input uses the bounded transport queue and releases once with current identity (6.489225ms)
✔ MIG-BGSTAB-002 capability view attributes are generated by the control plane without a mounted renderer (0.507843ms)
✔ MIG-BGSTAB-002 capability view-attributes response is owned by WebSocketContext rather than TerminalView (7.270862ms)
✔ MIG-BGSTAB-002 deferred future capability publishes attributes when dispatcher registration catches up (2.4138ms)
✔ MIG-BGSTAB-002 poisoned reload E2E cannot synthesize its capability response (4.118322ms)
✔ MIG-BGSTAB-002 zero-attached producer waits for an open focused input gate (4.273771ms)
✔ MIG-BGSTAB-002 reload-safe input readiness reads the current gate without mutating transport overrides (4.107625ms)
✔ MIG-BGSTAB-002 stale ready gate cannot authorize a replacement terminal runtime (0.26733ms)
✔ MIG-BGSTAB-002 blocked current mount reports the latest gate reason without retaining the event tape (0.217817ms)
✔ MIG-BGSTAB-002 poisoned configured failure emits bounded redacted authority diagnostics (6.614813ms)
✔ MIG-BGSTAB-002 configured failure diagnostic excludes runtime secrets and has a byte ceiling (8.002097ms)
✔ MIG-BGSTAB-002 oversized configured diagnostics preserve bounded client churn evidence (10.347245ms)
✔ MIG-BGSTAB-002 cleanup attempt sequence never retries a timed-out or rejected first cleanup (0.384255ms)
✔ MIG-BGSTAB-002 cleanup retries only the exact legacy-settle sentinel before idempotency proof (0.163342ms)
✔ MIG-BGSTAB-002 cleanup E2E disables the request helper internal transient retry (4.35905ms)
✔ MIG-BGSTAB-002 registration stabilization preserves the last capability rejection evidence (3.771849ms)
✔ MIG-BGSTAB-002 registration stabilization reuses an accepted idempotent view-attributes challenge (3.750853ms)
✔ MIG-BGSTAB-002 poisoned reload failure preserves replay transaction evidence (3.876922ms)
✔ MIG-BGSTAB-002 poisoned reload re-enables client recovery diagnostics after navigation (3.718911ms)
✔ MIG-BGSTAB-002 post-snapshot test dispatch preserves the server checkpoint decision (3.657281ms)
✔ MIG-BGSTAB-002 configured checkpoint failure preserves generation lineage (3.943545ms)
✔ MIG-BGSTAB-002 cleanup attempt sequence probes idempotency only after first cleanup succeeds (0.211082ms)
✔ REL-BGSTAB-012 gap admission preserves loss at published visibility 2 (2.389192ms)
✔ REL-BGSTAB-012 gap admission preserves loss at published visibility 3 (0.195202ms)
✔ REL-BGSTAB-012 gap admission rejects session without mutating its owner (0.194916ms)
✔ REL-BGSTAB-012 gap admission rejects connection without mutating its owner (0.194926ms)
✔ REL-BGSTAB-012 gap admission rejects view without mutating its owner (0.306335ms)
✔ REL-BGSTAB-012 gap admission rejects unknown connection without mutating its owner (0.182911ms)
✔ REL-BGSTAB-012 gap admission rejects unknown view without mutating its owner (0.13999ms)
✔ REL-BGSTAB-012 gap admission rejects noncanonical ordinal without mutating its owner (0.113604ms)
✔ REL-BGSTAB-012 gap admission rejects stale epoch without mutating its owner (0.258975ms)
✔ REL-BGSTAB-012 gap admission fails closed for absent visibility (0.326602ms)
✔ REL-BGSTAB-012 gap admission fails closed for future visibility (0.134915ms)
✔ REL-BGSTAB-012 gap admission deduplicates and advances only the existing failure floor (0.251491ms)
✔ REL-BGSTAB-012 gap notification failure preserves its error and fail-closed barrier (1.747177ms)
✔ REL-BGSTAB-012 gap without an owner notification cannot report admission success (0.179591ms)
✔ REL-BGSTAB-012 gap uses a pending failure floor without inventing an active checkpoint (0.29104ms)
✔ REL-BGSTAB-012 cold capability without checkpoint identity cannot admit a gap (0.153716ms)
✔ REL-BGSTAB-012 admitted gap identity is stable after caller-owned input mutation (0.216412ms)
✔ REL-BGSTAB-012 gap registry rejects unavailable ownership and preserves another session (0.167658ms)
✔ production terminal digest is real SHA-256, not the characterization FNV digest (1.348201ms)
✔ server validates negotiated view registrations and explicit recovery requests (0.325423ms)
✔ mode rehydrate uses a deterministic supported escape prefix in the checkpoint physical write (0.376986ms)
✔ MIG-BGSTAB-002 write-pipeline probe preserves pending checkpoint mode rehydrate bytes (0.272087ms)
✔ dispatcher remains dormant for passive capability and never mutates or success-ACKs (1.444246ms)
✔ per-session dispatcher replacement fail-closes the old active generation (0.291584ms)
✔ MIG-BGSTAB-002 same-session dispatcher replacement cancels its transient empty negotiation (0.165638ms)
✔ active per-session ingress submits start/chunk/commit/output and input to one coordinator (0.310631ms)
✔ capability withdrawal atomically rolls recovery into a clean legacy generation (0.414649ms)
✔ MIG-BGSTAB-002 does not send prepared checkpoint-ready from an unproven clean runtime (0.171594ms)
✔ MIG-BGSTAB-002 admits a prepared checkpoint after its snapshot drained before the capability arrived (0.133112ms)
✔ MIG-BGSTAB-002 reacquires a missing same-socket ready receipt after compatibility recovery completes (0.108488ms)
✔ MIG-BGSTAB-002 observes a prepared ready blocked before a control receipt exists (0.112148ms)
✔ MIG-BGSTAB-002 does not send or latch prepared ready across a replaced control socket (0.126694ms)
✔ MIG-BGSTAB-002 accepts an initial compatibility snapshot completion for the prepared generation (0.138268ms)
✔ MIG-BGSTAB-002 sends prepared ready after a same-socket view-attributes control message (0.11185ms)
✔ MIG-BGSTAB-002 sends one prepared checkpoint-ready only after compatibility recovery completes (0.189677ms)
✔ MIG-BGSTAB-002 stale scoped capability cannot replace the current generation or restart rollback (0.178216ms)
✔ MIG-BGSTAB-002 final dispatcher replacement accepts a legitimate lower generation after lifetime reset (0.11671ms)
✔ MIG-BGSTAB-002 empty server capability remains an authoritative fail-closed withdrawal (0.188581ms)
✔ MIG-BGSTAB-002 final release clears cached authority after transient same-turn replacement (0.120031ms)
✔ explicit runtime rollback and null capability are idempotent legacy transitions (0.219887ms)
✔ MIG-BGSTAB-002 rollback-start installs a same-view replacement boundary before the next checkpoint (0.317284ms)
✔ MIG-BGSTAB-002 drained ordered rollback consumes passive capability without rotating the view (4.378954ms)
✔ REL-BGSTAB-007/012 ordered rollback fences local restore until legacy responder enable (4.343232ms)
✔ MIG-BGSTAB-002 passive rollback observer releases only after its own snapshot drain (0.280749ms)
✔ MIG-BGSTAB-002 ordered rollback completion releases the real coordinator checkpoint authority (2.615701ms)
✔ runtime replacement rehydrates legacy recovery without duplicating an in-flight reconnect (0.104296ms)
✔ active capability is scoped to its negotiated session view generation (0.129083ms)
✔ unsupported checkpoint mode fails before coordinator begin can reset or resize (0.172056ms)
✔ coordinator apply/drain lifecycle emits actual gated ACKs in order (0.231512ms)
✔ session-scoped asynchronous ACK rejection is routed back into recovery (0.187781ms)
✔ MIG-BGSTAB-002 ignores a delayed ACK rejection whose checkpoint identity predates the active transaction (0.139724ms)
✔ MIG-BGSTAB-002 ignores a delayed pre-rollback ACK rejection after installing its replacement boundary (0.14692ms)
✔ MIG-BGSTAB-002 isolates an uncorrelatable ACK rejection after a fresh checkpoint starts (0.123219ms)
✔ MIG-BGSTAB-002 isolates an uncorrelatable ACK rejection before a checkpoint starts (0.084347ms)
✔ MIG-BGSTAB-002 isolates an ACK rejection that omits the active connection identity (0.125044ms)
✔ capability withdrawal advertises the clean rollback generation on reconnect (0.196238ms)
✔ malformed active session frame installs fail-closed recovery instead of leaving a pending barrier (0.17797ms)
✔ malformed session failure is isolated to its registered active view (0.154321ms)
✔ REL-BGSTAB-012 failure result distinguishes stale rejection from handled dispatch and preserves its peer (0.181938ms)
✔ REL-BGSTAB-012 failure result rejects a missing dispatcher without inventing handling (0.100543ms)
✔ REL-BGSTAB-012 failure result rejects inactive capability without touching the runtime (0.087319ms)
✔ REL-BGSTAB-012 failure result rejects inactive runtime under an active registry capability (0.112691ms)
✔ REL-BGSTAB-012 recovery result addition does not alter ordinary route result shapes (0.107453ms)
✔ malformed start preserves parseable offending generation and epoch in the recovery fence (0.374403ms)
✔ global capability and negotiate rejection scope wins over an injected sessionId (0.088714ms)
✔ resize lease rejection remains observable without failing checkpoint recovery (0.075326ms)
✔ higher malformed boundary monotonically supersedes an in-flight recovery request (0.163352ms)
✔ unexpected higher valid start also advances an in-flight recovery boundary (0.112558ms)
✔ stale rejected start cannot lower the last accepted recovery epoch fence (0.189268ms)
✔ reentrant coordinator rejection preserves the maximum offending epoch fence (0.137724ms)
✔ coordinator-originated failure sends checkpoint recovery request even without manual repair (0.12528ms)
✔ ACK send failure fails closed and a newer epoch installs a new view generation before recovery (0.220174ms)
✔ stale-generation or wrong-session ingress is rejected without polluting fresh authority (0.087053ms)
✔ production wiring registers the dormant dispatcher and isolates raw xterm mutation construction (8.520903ms)
✔ MIG-BGSTAB-002 production client pairs split output before same-view renegotiation (2.610991ms)
✔ real coordinator lifecycle sends apply then drain ACK before releasing queued input (1.145752ms)
✔ REL-BGSTAB-012 blocks ready and input until matching checkpoint drain ACK (1.399355ms)
✔ real active-to-passive rollback settles input and admits a fresh legacy snapshot stream (0.455182ms)
✔ terminalCheckpointRuntime promotion disables parser replies before positional disable ACK while preserving user input (1.709042ms)
✔ terminalCheckpointRuntime rollback enables legacy parser replies only after fresh compatibility drain (1.932846ms)
✔ MIG-BGSTAB-002 compatibility drain coalesces concurrent cumulative watermarks (8.725287ms)
✔ IR-BGSTAB-002 AC-6 fail-closes an unknown digest version with its own reason (0.284347ms)
✔ IR-BGSTAB-002 AC-6 keeps a wrong value distinct from a wrong version (0.417212ms)
✔ IR-BGSTAB-002 AC-6 boundary control: a sound digest on a known version is delivered (0.587463ms)
ℹ tests 106
ℹ suites 0
ℹ pass 106
ℹ fail 0
ℹ cancelled 0
ℹ skipped 0
ℹ todo 0
ℹ duration_ms 366.674889
