✔ Browser TerminalWriteCoordinator sole writer RED contract — FR-BGSTAB-022 AC-1 (4.451813ms)
✔ MIG-BGSTAB-002 large checkpoint body is parse-paced in bounded physical slices (0.478606ms)
✔ Browser TerminalWriteCoordinator sole writer RED contract — FR-BGSTAB-022 AC-2 (0.360615ms)
✔ Browser TerminalWriteCoordinator sole writer RED contract — FR-BGSTAB-022 AC-3 (0.390149ms)
✔ Browser TerminalWriteCoordinator sole writer RED contract — FR-BGSTAB-022 AC-4 (0.664501ms)
✔ Browser TerminalWriteCoordinator sole writer RED contract — FR-BGSTAB-022 AC-5 (0.593685ms)
✔ Browser TerminalWriteCoordinator sole writer RED contract — FR-BGSTAB-022 AC-6 (0.369472ms)
✔ Browser TerminalWriteCoordinator sole writer RED contract — FR-BGSTAB-022 AC-7 (0.166243ms)
✔ Browser TerminalWriteCoordinator sole writer RED contract — REL-BGSTAB-007 AC-4 (0.339806ms)
✔ Browser TerminalWriteCoordinator sole writer RED contract — REL-BGSTAB-007 AC-5 (0.331656ms)
✔ Browser TerminalWriteCoordinator sole writer RED contract — REL-BGSTAB-007 AC-8 (0.191123ms)
✔ Browser TerminalWriteCoordinator sole writer RED contract — REL-BGSTAB-007 AC-11 (7.811138ms)
✔ REL_BGSTAB_007_AC4_rejects_json_number_noncanonical_and_out_of_range_ordinal64 (0.4069ms)
✔ REL_BGSTAB_007_AC4_rejects_epoch_rollover_at_2_pow_64 (0.155121ms)
✔ static production inventory rejects every direct xterm mutation outside the sole writer (10.101627ms)
✔ FR_BGSTAB_022_AC4_checkpoint_fault_latches_recovery_until_fresh_generation (0.626613ms)
✔ FR_BGSTAB_022_AC4_failed_open_checkpoint_does_not_deadlock_as_already_open (0.23592ms)
✔ FR_BGSTAB_022_AC4_explicit_rollback_atomically_unlocks_legacy_snapshot_after_recovery (0.463486ms)
✔ FR_BGSTAB_022_AC5_dispose_observably_settles_accepted_input_without_release (0.150159ms)
✔ FR_BGSTAB_022_AC5_downstream_input_rejection_is_settled_once_without_payload (0.353326ms)
✔ FR_BGSTAB_022_AC6_late_pre_rollback_write_callback_cannot_double_settle_or_mutate_legacy (0.186889ms)
✔ FR_BGSTAB_022_AC6_rollback_keeps_physical_write_ownership_until_old_callback_drains (0.216341ms)
✔ MIG-BGSTAB-002 repeated rollback boundary supersedes an open checkpoint in the same view generation (0.930918ms)
✔ FR_BGSTAB_022_AC4_rollback_write_timeout_requires_runtime_recreation_and_rejects_snapshot (0.424798ms)
✔ MIG-BGSTAB-002 slow xterm write is probe-certified before runtime recreation (0.200215ms)
✔ MIG-BGSTAB-002 silent xterm write and silent FIFO probe certify runtime recreation (0.189688ms)
✔ FR_BGSTAB_022_AC6_recovery_install_keeps_old_physical_write_until_callback (0.260533ms)
✔ FR_BGSTAB_022_AC6_supersede_keeps_old_physical_write_until_callback (0.155213ms)
✔ FR_BGSTAB_022_AC4_transition_timeout_recreates_runtime_instead_of_reusing_xterm (0.450867ms)
✔ FR_BGSTAB_022_AC4_legacy_error_installs_higher_ordered_compatibility_recovery (0.274228ms)
✔ FR_BGSTAB_022_AC6_compatibility_completion_reentrancy_cannot_open_input_over_a_new_write (0.211717ms)
✔ FR_BGSTAB_022_AC4_missing_write_callback_requires_runtime_recreation (0.198217ms)
✔ FR_BGSTAB_022_AC4_checkpoint_write_timeout_requires_runtime_recreation (0.19507ms)
✔ FR_BGSTAB_022_AC4_checkpoint_assembly_timeout_fails_closed_without_open_tx_deadlock (0.205495ms)
✔ FR_BGSTAB_022_AC5_checkpoint_begin_revokes_ready_and_holds_input_while_assembling (0.195203ms)
✔ FR_BGSTAB_022_AC6_adapter_reentrancy_cannot_release_old_generation_inputs (0.274793ms)
✔ REL_BGSTAB_007_AC4_higher_stream_epoch_requires_fresh_checkpoint (0.136741ms)
✔ FR_BGSTAB_022_AC6_rejects_duplicate_or_empty_settlement_credit (0.142338ms)
✔ FR_BGSTAB_022_AC4_bounds_post_checkpoint_hold_with_injected_limits (0.210641ms)
✔ FR_BGSTAB_022_AC1_compatibility_mutations_share_the_canonical_physical_deque (0.346838ms)
✔ FR_BGSTAB_022_AC3_legacy_compatibility_write_cannot_follow_or_overwrite_checkpoint_authority (0.25549ms)
✔ FR_BGSTAB_022_AC3_legacy_snapshot_reset_cannot_queue_behind_committed_checkpoint (0.295315ms)
✔ FR_BGSTAB_022_AC3_legacy_repair_replay_cannot_queue_behind_committed_checkpoint (0.24119ms)
✔ MIG-BGSTAB-002 checkpoint rejects stale snapshot Windows PTY metadata (0.166089ms)
✔ MIG-BGSTAB-002 snapshot reset body and a later checkpoint share one physical order (0.233389ms)
✔ FR_BGSTAB_022_AC4_reentrant_recovery_preserves_fresh_checkpoint_timer (0.354578ms)
✔ FR_BGSTAB_022_AC6_old_generation_callback_throw_cannot_poison_fresh_generation (0.781446ms)
✔ FR_BGSTAB_022_AC4_checkpoint_frames_cross_validate_complete_authority_identity (0.650775ms)
✔ FR_BGSTAB_022_AC4_checkpoint_chunk_cannot_exceed_declared_or_injected_byte_budget (0.131563ms)
✔ FR_BGSTAB_022_AC3_checkpoint_applied_waits_for_contiguous_source_watermark_then_drains_before_ready (0.262778ms)
✔ FR_BGSTAB_022_AC3_checkpoint_commit_waits_for_post_commit_contiguous_source_watermark (0.226253ms)
✔ FR_BGSTAB_022_AC4_post_commit_watermark_allows_monotonic_reserved_sequence_gaps (0.169708ms)
✔ FR_BGSTAB_022_AC4_duplicate_commit_while_waiting_for_watermark_fails_closed (0.127493ms)
✔ FR_BGSTAB_022_AC4_post_commit_watermark_wait_keeps_the_transaction_timeout (0.157879ms)
✔ FR_BGSTAB_022_AC4_recovery_latch_requires_explicit_fresh_generation_epoch_install (1.017049ms)
✔ FR_BGSTAB_022_AC5_pending_input_and_settlement_ledger_are_bounded_by_injected_limits (0.304685ms)
✔ MIG-BGSTAB-002 released ready inputs do not exhaust the output settlement ledger cap (0.218145ms)
✔ FR_BGSTAB_022_AC5_pending_input_ttl_expires_fail_closed_and_releases_ownership (0.183485ms)
✔ FR_BGSTAB_022_AC5_expiry_notifier_throw_settles_every_accepted_input (0.181455ms)
✔ FR_BGSTAB_022_AC5_missing_queue_limit_injection_fails_closed (0.099518ms)
✔ FR_BGSTAB_022_AC4_recovery_failed_atomically_cancels_checkpoint_and_preserves_reentrant_install (0.193563ms)
✔ FR_BGSTAB_022_AC4_checkpoint_applied_callback_failure_stops_tail_drain (0.243599ms)
✔ FR_BGSTAB_022_AC3_unsupported_mode_preflight_has_zero_terminal_mutations (0.114485ms)
ℹ tests 63
ℹ suites 0
ℹ pass 63
ℹ fail 0
ℹ cancelled 0
ℹ skipped 0
ℹ todo 0
ℹ duration_ms 209.643243
