# release gate with server/dist present, after the dist tree was repaired, 20260917T000517Z
HEAD=5bad243d46e8fc21467d07708c1c815a8df41d74 (working tree, pre-commit)

> buildergate@0.5.4 test:release-pipeline
> node --test tools/build-portable-runtime-evidence.test.mjs server/tools/canonical-authority-line-endings.test.mjs server/tools/owned-http-test-pipe-guard.test.cjs && npm --prefix server run test:authority-pin && npm --prefix server run test:retired-settings-residue

✔ OPS-BGSTAB-008 the canonical authority path is pinned to -text so checkout converts no line endings (379.23154ms)
✔ OPS-BGSTAB-008 working-tree bytes match every digest recorded in current.json (105.541266ms)
✔ OPS-BGSTAB-008 the bundle writer completes on this working tree (6977.231907ms)
✔ OPS-BGSTAB-008 boundary control: the writer still rejects a digest-covered file whose content changed (431.541036ms)
✔ B0 listen guard self-check passes with the exact corpus it claims (56.874211ms)
✔ the self-check actually drives the guard, counted from the guard own log (50.345435ms)
✔ the self-check covers the platform branch this lane does not take (50.613535ms)
✔ B0 listen guard refuses to load a kind that is not a regex literal (30.131247ms)
✔ OPS-BGSTAB-009 accepts the bundle layout the evidence writer produces (37.95584ms)
✔ OPS-BGSTAB-009 still runs the runtime canary against the artifact policy (37.764075ms)
✔ OPS-BGSTAB-009 rejects a bundle the runtime canary refuses (38.297008ms)
✔ OPS-BGSTAB-009 still requires exactly 15 raw evidence sidecars (13.020509ms)
✔ OPS-BGSTAB-009 rejects a bundle with any required file removed (36.716509ms)
✔ OPS-BGSTAB-009 rejects declared paths that resolve outside the evidence root (40.467114ms)
ℹ tests 14
ℹ suites 0
ℹ pass 14
ℹ fail 0
ℹ cancelled 0
ℹ skipped 0
ℹ todo 0
ℹ duration_ms 7977.805533

> buildergate-server@0.1.0 test:authority-pin
> tsx --test src/benchmarks/FairSchedulerAuthorityGenerationPin.test.ts

[Config] All passwords already encrypted
[Config] Configuration loaded successfully
✔ OPS-BGSTAB-010 the published generation pins the sources on disk (38.74491ms)
✔ OPS-BGSTAB-010 the compiled canary accepts the bundled artifact policy (4993.442427ms)
✔ OPS-BGSTAB-010 altering one pinned byte breaks the digest equality (53.516948ms)
ℹ tests 3
ℹ suites 0
ℹ pass 3
ℹ fail 0
ℹ cancelled 0
ℹ skipped 0
ℹ todo 0
ℹ duration_ms 7627.590101

> buildergate-server@0.1.0 test:retired-settings-residue
> tsx --test src/utils/retiredSettingsResidue.test.ts

✔ FR-BGSTAB-025 no shipped surface references a retired configuration path (3713.642455ms)
✔ FR-BGSTAB-025 defaults constants for the retired logging and bruteForce blocks are gone (0.292552ms)
ℹ tests 2
ℹ suites 0
ℹ pass 2
ℹ fail 0
ℹ cancelled 0
ℹ skipped 0
ℹ todo 0
ℹ duration_ms 4611.877325
EXIT=0
# git status --porcelain (tracked state):
 M docs/analysis/2026-09-17.rg06-regression/00.decision-table.md
 M docs/analysis/2026-09-17.rg06-regression/guard-mutation-battery.mjs
 M docs/report/2026-09-17.rg06-full-server-regression.md
?? docs/analysis/2026-09-17.rg06-regression/raw/guard-mutation-battery-current-20260917T000220Z.log
?? docs/analysis/2026-09-17.rg06-regression/raw/release-pipeline-gate-final-20260917T000517Z.log
?? docs/analysis/2026-09-17.rg06-regression/raw/release-pipeline-gate-nodist-20260917T000229Z.log
