# run 1, default concurrency
✔ OPS-BGSTAB-008 the canonical authority path is pinned to -text so checkout converts no line endings (331.119318ms)
✔ OPS-BGSTAB-008 working-tree bytes match every digest recorded in current.json (72.974093ms)
✖ OPS-BGSTAB-008 the bundle writer completes on this working tree (690.098175ms)
✔ OPS-BGSTAB-008 boundary control: the writer still rejects a digest-covered file whose content changed (156.718657ms)
✔ node-pty runtime patches are idempotent and fail closed on target drift (15.855141ms)
▶ fair scheduler pinned sources retain raw-byte provenance through Git checkout
  ✔ src/benchmarks/terminalFairnessCharacterization.ts (182.682039ms)
  ✔ src/benchmarks/fairSchedulerAuthorityLocator.ts (158.97083ms)
  ✔ src/ws/wsSendPolicy.ts (212.534975ms)
  ✔ src/ws/WsRouter.ts (212.515155ms)
  ✔ src/services/TerminalResourcePolicy.ts (212.909582ms)
  ✔ src/services/TerminalResourcePolicyCanary.ts (229.78807ms)
✔ fair scheduler pinned sources retain raw-byte provenance through Git checkout (1214.96129ms)
▶ fair scheduler current authority JSON retains raw-byte hashes through Git checkout
  ✔ current.json (190.505087ms)
  ✔ generations/d5127c0af817460c7b7b088f1c5417381d9dc33198dec7c06435e4865ec583b5/fair-scheduler-decision.json (196.779783ms)
  ✔ generations/d5127c0af817460c7b7b088f1c5417381d9dc33198dec7c06435e4865ec583b5/provenance.json (183.805445ms)
  ✔ generations/d5127c0af817460c7b7b088f1c5417381d9dc33198dec7c06435e4865ec583b5/raw/fair-scheduler-raw/clients-1/trial-0.json (203.147675ms)
  ✔ generations/d5127c0af817460c7b7b088f1c5417381d9dc33198dec7c06435e4865ec583b5/raw/fair-scheduler-raw/clients-1/trial-1.json (209.142632ms)
  ✔ generations/d5127c0af817460c7b7b088f1c5417381d9dc33198dec7c06435e4865ec583b5/raw/fair-scheduler-raw/clients-1/trial-2.json (209.831566ms)
  ✔ generations/d5127c0af817460c7b7b088f1c5417381d9dc33198dec7c06435e4865ec583b5/raw/fair-scheduler-raw/clients-1/trial-3.json (213.141808ms)
  ✔ generations/d5127c0af817460c7b7b088f1c5417381d9dc33198dec7c06435e4865ec583b5/raw/fair-scheduler-raw/clients-1/trial-4.json (221.26697ms)
  ✔ generations/d5127c0af817460c7b7b088f1c5417381d9dc33198dec7c06435e4865ec583b5/raw/fair-scheduler-raw/clients-2/trial-0.json (223.190796ms)
  ✔ generations/d5127c0af817460c7b7b088f1c5417381d9dc33198dec7c06435e4865ec583b5/raw/fair-scheduler-raw/clients-2/trial-1.json (216.706045ms)
  ✔ generations/d5127c0af817460c7b7b088f1c5417381d9dc33198dec7c06435e4865ec583b5/raw/fair-scheduler-raw/clients-2/trial-2.json (206.217504ms)
  ✔ generations/d5127c0af817460c7b7b088f1c5417381d9dc33198dec7c06435e4865ec583b5/raw/fair-scheduler-raw/clients-2/trial-3.json (212.189362ms)
  ✔ generations/d5127c0af817460c7b7b088f1c5417381d9dc33198dec7c06435e4865ec583b5/raw/fair-scheduler-raw/clients-2/trial-4.json (220.355986ms)
  ✔ generations/d5127c0af817460c7b7b088f1c5417381d9dc33198dec7c06435e4865ec583b5/raw/fair-scheduler-raw/clients-8/trial-0.json (216.864533ms)
  ✔ generations/d5127c0af817460c7b7b088f1c5417381d9dc33198dec7c06435e4865ec583b5/raw/fair-scheduler-raw/clients-8/trial-1.json (215.580324ms)
  ✔ generations/d5127c0af817460c7b7b088f1c5417381d9dc33198dec7c06435e4865ec583b5/raw/fair-scheduler-raw/clients-8/trial-2.json (217.238973ms)
  ✔ generations/d5127c0af817460c7b7b088f1c5417381d9dc33198dec7c06435e4865ec583b5/raw/fair-scheduler-raw/clients-8/trial-3.json (230.667642ms)
  ✔ generations/d5127c0af817460c7b7b088f1c5417381d9dc33198dec7c06435e4865ec583b5/raw/fair-scheduler-raw/clients-8/trial-4.json (216.440317ms)
  ✔ generations/d5127c0af817460c7b7b088f1c5417381d9dc33198dec7c06435e4865ec583b5/raw/manifest.json (192.394149ms)
✔ fair scheduler current authority JSON retains raw-byte hashes through Git checkout (4019.138841ms)
✔ B0 listen guard self-check passes with the exact corpus it claims (57.694439ms)
✔ the self-check actually drives the guard, counted from the guard own log (55.61013ms)
✔ the self-check covers the platform branch this lane does not take (51.944367ms)
✔ B0 listen guard refuses to load a kind that is not a regex literal (47.148658ms)
✔ PERF-BGSTAB-010 canonical bundle writer rejects source-root override and copies only current immutable generation (5599.786302ms)
ℹ tests 37
ℹ suites 0
ℹ pass 36
ℹ fail 1
ℹ cancelled 0
ℹ skipped 0
ℹ todo 0
ℹ duration_ms 5683.900066

✖ failing tests:

test at server/tools/canonical-authority-line-endings.test.mjs:89:1
✖ OPS-BGSTAB-008 the bundle writer completes on this working tree (690.098175ms)
  AssertionError [ERR_ASSERTION]: the bundle writer exited 1: file:///mnt/c/work/git/_Snoworca/ProjectMaster-issue2-20260916/server/tools/write-fair-scheduler-evidence-bundle.mjs:240
      if (error?.code === 'EEXIST') throw new Error('canonical authority publication lock exists');
                                          ^
  
  Error: canonical authority publication lock exists
      at file:///mnt/c/work/git/_Snoworca/ProjectMaster-issue2-20260916/server/tools/write-fair-scheduler-evidence-bundle.mjs:240:41
      at async acquirePublishLock (file:///mnt/c/work/git/_Snoworca/ProjectMaster-issue2-20260916/server/tools/write-fair-scheduler-evidence-bundle.mjs:239:18)
      at async writeFairSchedulerEvidenceBundle (file:///mnt/c/work/git/_Snoworca/ProjectMaster-issue2-20260916/server/tools/write-fair-scheduler-evidence-bundle.mjs:255:16)
      at async file:///mnt/c/work/git/_Snoworca/ProjectMaster-issue2-20260916/server/tools/write-fair-scheduler-evidence-bundle.mjs:303:18
  
  Node.js v24.21.0
  
  
  1 !== 0
  
      at TestContext.<anonymous> (file:///mnt/c/work/git/_Snoworca/ProjectMaster-issue2-20260916/server/tools/canonical-authority-line-endings.test.mjs:94:10)
      at Test.runInAsyncScope (node:async_hooks:227:14)
      at Test.run (node:internal/test_runner/test:1402:25)
      at Test.processPendingSubtests (node:internal/test_runner/test:974:18)
      at Test.postRun (node:internal/test_runner/test:1542:19)
      at Test.run (node:internal/test_runner/test:1467:12)
      at async Test.processPendingSubtests (node:internal/test_runner/test:974:7) {
    generatedMessage: false,
    code: 'ERR_ASSERTION',
    actual: 1,
    expected: 0,
    operator: 'strictEqual',
    diff: 'simple'
  }
EXIT=1
