[Config] All passwords already encrypted
[Config] Configuration loaded successfully
[WS] WebSocket router initialized
[WS] WebSocket router initialized
✔ PERF-BGSTAB-010 fixture contract — real SessionManager initialization retains authority and cleanup state (85.239245ms)
✔ PERF-BGSTAB-010 gated headless fixture preserves full state while disposal releases held write callbacks (0.260013ms)
[WS] WebSocket router initialized
✔ PERF-BGSTAB-010 gated real-session fixture drains a held write before public cleanup (2341.04303ms)
[WS] WebSocket router initialized
✔ PERF-BGSTAB-010 gated real-session fixture releases resources after an assertion failure (2334.351741ms)
[SessionManager] All CWD watchers stopped
[WS] WebSocket router initialized
✔ PERF-BGSTAB-010 emergency cleanup preserves a public finalizer error while releasing held callbacks (2325.607827ms)
[SessionManager] Headless terminal degraded (queue-overflow) for session gated-headless-overflow-cleanup-red: Headless output queue overflow (observe): byte-limit
[WS] WebSocket router initialized
[WS] WebSocket router initialized
[WS] Client disconnected: client-a
✔ PERF-BGSTAB-010 gated real-session PTY chain settles within the fixture bound after overflow cleanup (2323.00211ms)
✔ Non-loss policy canary infrastructure RED contract — REL-BGSTAB-010 AC-1 (133.138218ms)
[WS] WebSocket router initialized
[WS] Client disconnected: client-a
[WS] WebSocket router initialized
[WS] Client disconnected: client-a
[WS] Client disconnected: client-b
[WS] WebSocket router initialized
[WS] Client disconnected: client-a
[WS] Client disconnected: client-b
[WS] WebSocket router initialized
[WS] Client disconnected: client-a
[WS] Client disconnected: client-b
[WS] WebSocket router initialized
[WS] Client disconnected: client-a
[WS] Client disconnected: client-b
[WS] WebSocket router initialized
✔ REL-BGSTAB-010 production assembly shares one registry-derived lease authority (71.538553ms)
✔ Non-loss policy canary infrastructure RED contract — REL-BGSTAB-010 AC-2 (140.722727ms)
✔ Non-loss policy canary infrastructure RED contract — REL-BGSTAB-010 AC-3 (72.043288ms)
✔ Non-loss policy canary infrastructure RED contract — REL-BGSTAB-010 AC-4 (70.293524ms)
[WS] Client disconnected: client-a
[WS] Client disconnected: client-b
[WS] WebSocket router initialized
[WS] WebSocket router initialized
✔ Non-loss policy canary infrastructure RED contract — REL-BGSTAB-010 AC-5 (78.011045ms)
✔ REL-BGSTAB-010 headless finalizer revokes the old epoch and isolates same-ID recreation (71.152496ms)
[WS] WebSocket router initialized
[SessionManager] Headless terminal degraded (write) for session session-a1: simulated headless write failure
✔ REL-BGSTAB-010 headless maxChunks admits exact N and rejects N+1 without bypass (93.620459ms)
[WS] WebSocket router initialized
[WS] Client disconnected: client-a
[WS] WebSocket router initialized
✔ REL-BGSTAB-010 headless write failure settles the candidate to target-scoped legacy recovery (68.296264ms)
✔ REL-BGSTAB-010 valid but inactive leases cannot preview admit or rollback active WS and headless targets (66.362858ms)
[SessionManager] Headless terminal degraded (queue-overflow) for session session-nonselected: Headless output queue overflow (observe): byte-limit
[SessionManager] Headless terminal degraded (queue-overflow) for session session-a1: Headless output queue overflow (observe): byte-limit
[WS] WebSocket router initialized
✔ REL-BGSTAB-010 production PTY path uses target-scoped non-destructive headless policy and restores legacy limit (130.756847ms)
[WS] WebSocket router initialized
✔ REL-BGSTAB-010 headless rollback closes only after the actual write chain drains (68.778808ms)
✔ REL-BGSTAB-010 headless rollback fences every pre-boundary policy generation (69.568656ms)
✔ Non-loss policy canary infrastructure RED contract — REL-BGSTAB-010 AC-6 (0.355371ms)
✔ REL-BGSTAB-010 coalescing preserves every admission identity and lifetime fence (0.180922ms)
✔ PERF-BGSTAB-010 AC-3/AC-4 fair artifact admission 계약 부재 때문에 실패 (1.735865ms)
✔ PERF-BGSTAB-010 published fair artifact admission validates the benchmark policy contract (2.002827ms)
✔ PERF-BGSTAB-010 source default Canary admission fails closed (7.445679ms)
✔ PERF-BGSTAB-010 source canonical resolver rejects noncanonical authority (189.7092ms)
✔ PERF-BGSTAB-010 fresh default Canary accepts canonical authority (2195.394523ms)
ℹ tests 26
ℹ suites 0
ℹ pass 26
ℹ fail 0
ℹ cancelled 0
ℹ skipped 0
ℹ todo 0
ℹ duration_ms 15398.109322
